<html>
<body>
<pre>
<h1>µVision Build Log</h1>
<h2>Tool Versions:</h2>
IDE-Version: µVision V5.13.0.0
Copyright (C) 2014 ARM Ltd and ARM Germany GmbH. All rights reserved.
License Information: chris culpepper, na, LIC=----
 
Tool Versions:
Toolchain:       MDK-Lite  Version: 5.13.0.0
Toolchain Path:  C:\Keil_v5\ARM\ARMCC\Bin
C Compiler:      Armcc.exe V5.05 update 1 (build 106)
Assembler:       Armasm.exe V5.05 update 1 (build 106)
Linker/Locator:  ArmLink.exe V5.05 update 1 (build 106)
Library Manager: ArmAr.exe V5.05 update 1 (build 106)
Hex Converter:   FromElf.exe V5.05 update 1 (build 106)
CPU DLL:         SARMCM3.DLL V5.13.0.0
Dialog DLL:      DCM.DLL V1.13.1.0
Target DLL:      Segger\JL2CM3.dll V2.99.11.0
Dialog DLL:      TCM.DLL V1.14.4.0
 
<h2>Project:</h2>
C:\Users\chris\workspace\widebando2\widebando2.uvprojx
Project File Date:  12/03/2015

<h2>Output:</h2>
Build target 'Target 1'
compiling main.c...
sin.h(8): warning:  #1-D: last line of file ends without a newline
  #endif
pwm.h(7): warning:  #1295-D: Deprecated declaration InitPWM - give arg types
  int InitPWM();
pwm.h(9): warning:  #1295-D: Deprecated declaration PWM_ISR - give arg types
  void PWM_ISR();
main.c(26): warning:  #1295-D: Deprecated declaration updatePIDs - give arg types
  void updatePIDs();
main.c(31): warning:  #223-D: function "InitPWM2" declared implicitly
        InitPWM2(1000);
main.c(72): warning:  #1035-D: single-precision operand implicitly converted to double-precision
        if (pumpCurrentMeasured>3.3) pumpCurrentMeasured = 3.3;
main.c(79): warning:  #1035-D: single-precision operand implicitly converted to double-precision
        if (pumpCurrentMeasured>3.3) pumpCurrentMeasured = 3.3;
main.c(86): warning:  #1035-D: single-precision operand implicitly converted to double-precision
        if (pumpCurrentMeasured>3.3) pumpCurrentMeasured = 3.3;
main.c(93): warning:  #1035-D: single-precision operand implicitly converted to double-precision
        if (pumpCurrentMeasured>3.3) pumpCurrentMeasured = 3.3;
main.c(100): warning:  #1035-D: single-precision operand implicitly converted to double-precision
        if (pumpCurrentMeasured>3.3) pumpCurrentMeasured = 3.3;
main.c(108): warning:  #1035-D: single-precision operand implicitly converted to double-precision
        if (pumpCurrentMeasured>3.3) pumpCurrentMeasured = 3.3;
main.c(116): warning:  #1035-D: single-precision operand implicitly converted to double-precision
        if (pumpCurrentMeasured>3.3) pumpCurrentMeasured = 3.3;
main.c(123): warning:  #1035-D: single-precision operand implicitly converted to double-precision
        if (pumpCurrentMeasured>3.3) pumpCurrentMeasured = 3.3;
main.c(131): warning:  #1035-D: single-precision operand implicitly converted to double-precision
        if (pumpCurrentMeasured>3.3) pumpCurrentMeasured = 3.3;
main.c(28): warning:  #550-D: variable "pitldval" was set but never used
        int pitldval;
main.c(174): warning:  #1035-D: single-precision operand implicitly converted to double-precision
        nernstVoltage = (3.3 * (float) nernstOut) / (float)(1<<16);
main.c(175): warning:  #1035-D: single-precision operand implicitly converted to double-precision
        if (nernstVoltage>3.3) nernstVoltage = 3.3;
main.c(177): warning:  #1035-D: single-precision operand implicitly converted to double-precision
        pumpCurrentMeasured = (3.3 * (float) pumpCurrent) / (1<<16);
main.c(178): warning:  #1035-D: single-precision operand implicitly converted to double-precision
        if (pumpCurrentMeasured>3.3) pumpCurrentMeasured = 3.3;
main.c(181): warning:  #223-D: function "SetDutyCycle2" declared implicitly
        SetDutyCycle2(pumpCurrentDutyCycle);
main.c: 20 warnings, 0 errors
linking...
Program Size: Code=8938 RO-data=1478 RW-data=64 ZI-data=2264  
".\Objects\widebando2.axf" - 0 Error(s), 20 Warning(s).

<h2>Software Packages used:</h2>

Package Vendor: ARM
                http://www.keil.com/pack/ARM.CMSIS.4.2.0.pack
                ARM::CMSIS:CORE:3.40.0
                CMSIS (Cortex Microcontroller Software Interface Standard)
   * Component: CORE Version: 3.40.0

Package Vendor: Keil
                http://www.keil.com/pack/Keil.Kinetis_K60_DFP.1.3.0.pack
                Keil::Device:Startup:1.0.0
                Freescale Kinetis K60 Series Device Support and Examples
   * Component: Startup Version: 1.0.0

<h2>Collection of Component include folders:</h2>
  C:\Users\chris\workspace\widebando2\RTE
  C:\Keil_v5\ARM\PACK\ARM\CMSIS\4.2.0\CMSIS\Include
  C:\Keil_v5\ARM\PACK\Keil\Kinetis_K60_DFP\1.3.0\Device\Include

<h2>Collection of Component Files used:</h2>

   * Component: ARM::CMSIS:CORE:3.40.0
      Source file:   CMSIS\UserCodeTemplates\ARM\ITM_Retarget.c

   * Component: Keil::Device:Startup:1.0.0
      Source file:   Device\Source\ARM\startup_MK64F12.s
      Source file:   Device\Source\system_MK64F12.c
</pre>
</body>
</html>
