<html>
<body>
<pre>
<h1>µVision Build Log</h1>
<h2>Tool Versions:</h2>
IDE-Version: µVision V5.15.0.15
Copyright (C) 2015 ARM Ltd and ARM Germany GmbH. All rights reserved.
License Information: Richard Tolleson RIT Flex license: MDK-ARM Professional: 100 user(s) (mdk_pro) Operation stops: 17 Aug 2016
 
Tool Versions:
Toolchain:       MDK-ARM Professional: 100 user(s)  Version: 5.15.0.6
Toolchain Path:  C:\Keil_v5\ARM\ARMCC\Bin
C Compiler:      Armcc.exe V5.05 update 2 (build 169)
Assembler:       Armasm.exe V5.05 update 2 (build 169)
Linker/Locator:  ArmLink.exe V5.05 update 2 (build 169)
Library Manager: ArmAr.exe V5.05 update 2 (build 169)
Hex Converter:   FromElf.exe V5.05 update 2 (build 169)
CPU DLL:         SARMCM3.DLL V5.15.0.6
Dialog DLL:      DCM.DLL V1.13.2.0
Target DLL:      Segger\JL2CM3.dll V2.99.15.0
Dialog DLL:      TCM.DLL V1.14.5.0
 
<h2>Project:</h2>
C:\Users\dsp6622\Desktop\pepper\widebando2.uvprojx
Project File Date:  12/05/2015

<h2>Output:</h2>
*** Using Compiler 'V5.05 update 2 (build 169)', folder: 'C:\Keil_v5\ARM\ARMCC\Bin'
Build target 'Target 1'
compiling main.c...
sin.h(8): warning:  #1-D: last line of file ends without a newline
  #endif
pwm.h(7): warning:  #1295-D: Deprecated declaration InitPWM - give arg types
  int InitPWM();
pwm.h(9): warning:  #1295-D: Deprecated declaration PWM_ISR - give arg types
  void PWM_ISR();
main.c(26): warning:  #1295-D: Deprecated declaration updatePIDs - give arg types
  void updatePIDs();
main.c(31): warning:  #223-D: function "InitPWM2" declared implicitly
  	InitPWM2(1000);
main.c(155): warning:  #223-D: function "startPIT0" declared implicitly
  	startPIT0(updatePIDs, pitldval);
main.c(176): warning:  #1035-D: single-precision operand implicitly converted to double-precision
  	nernstVoltage = (3.3 * (float) nernstOut) / (float)(1<<15);
main.c(177): warning:  #1035-D: single-precision operand implicitly converted to double-precision
  	if (nernstVoltage>3.3) nernstVoltage = 3.3;
main.c(187): warning:  #1035-D: single-precision operand implicitly converted to double-precision
  	pumpCurrentMeasured = (3.3 * (float) pumpCurrent) / (1<<15);
main.c(188): warning:  #1035-D: single-precision operand implicitly converted to double-precision
  	if (pumpCurrentMeasured>3.3) pumpCurrentMeasured = 3.3;
main.c(193): warning:  #1035-D: single-precision operand implicitly converted to double-precision
  	pumpCurrentDutyCycle = pumpCurrentDesired * 5000.0;
main.c(198): warning:  #223-D: function "SetDutyCycle2" declared implicitly
  	SetDutyCycle2(pumpCurrentDutyCycle);
main.c: 12 warnings, 0 errors
linking...
Program Size: Code=9334 RO-data=1478 RW-data=64 ZI-data=2264  
".\Objects\widebando2.axf" - 0 Error(s), 12 Warning(s).

<h2>Software Packages used:</h2>

Package Vendor: ARM
                http://www.keil.com/pack/ARM.CMSIS.4.3.0.pack
                ARM::CMSIS:CORE:4.1.0
                CMSIS (Cortex Microcontroller Software Interface Standard)
   * Component: CORE Version: 4.1.0

Package Vendor: Keil
                http://www.keil.com/pack/Keil.Kinetis_K60_DFP.1.4.0.pack
                Keil::Device:Startup:1.0.0
                Freescale Kinetis K60 Series Device Support and Examples
   * Component: Startup Version: 1.0.0

<h2>Collection of Component include folders:</h2>
  C:\Users\dsp6622\Desktop\pepper\RTE
  C:\Keil_v5\ARM\PACK\ARM\CMSIS\4.3.0\CMSIS\Include
  C:\Keil_v5\ARM\PACK\Keil\Kinetis_K60_DFP\1.4.0\Device\Include

<h2>Collection of Component Files used:</h2>

   * Component: ARM::CMSIS:CORE:4.1.0

   * Component: Keil::Device:Startup:1.0.0
      Source file:   Device\Source\ARM\startup_MK64F12.s
      Source file:   Device\Source\system_MK64F12.c
Build Time Elapsed:  00:00:02
</pre>
</body>
</html>
