Archive member included to satisfy reference by file (symbol)

/usr/lib/gcc/arm-none-eabi/5.2.0/armv7e-m/libgcc.a(_arm_addsubdf3.o)
                              build/main.o (__aeabi_f2d)
/usr/lib/gcc/arm-none-eabi/5.2.0/armv7e-m/libgcc.a(_arm_muldivdf3.o)
                              build/main.o (__aeabi_dmul)
/usr/lib/gcc/arm-none-eabi/5.2.0/armv7e-m/libgcc.a(_arm_truncdfsf2.o)
                              build/main.o (__aeabi_d2f)
/usr/lib/gcc/arm-none-eabi/5.2.0/armv7e-m/libgcc.a(_arm_addsubsf3.o)
                              build/PID.o (__aeabi_fsub)
/usr/lib/gcc/arm-none-eabi/5.2.0/armv7e-m/libgcc.a(_arm_muldivsf3.o)
                              build/PID.o (__aeabi_fmul)
/usr/lib/gcc/arm-none-eabi/5.2.0/armv7e-m/libgcc.a(_arm_cmpsf2.o)
                              build/PID.o (__aeabi_fcmplt)
/usr/lib/gcc/arm-none-eabi/5.2.0/armv7e-m/libgcc.a(_arm_fixsfsi.o)
                              build/PID.o (__aeabi_f2iz)
/usr/lib/gcc/arm-none-eabi/5.2.0/../../../../arm-none-eabi/lib/armv7e-m/libc_nano.a(lib_a-atexit.o)
                              /usr/lib/gcc/arm-none-eabi/5.2.0/../../../../arm-none-eabi/lib/armv7e-m/crt0.o (atexit)
/usr/lib/gcc/arm-none-eabi/5.2.0/../../../../arm-none-eabi/lib/armv7e-m/libc_nano.a(lib_a-exit.o)
                              /usr/lib/gcc/arm-none-eabi/5.2.0/../../../../arm-none-eabi/lib/armv7e-m/crt0.o (exit)
/usr/lib/gcc/arm-none-eabi/5.2.0/../../../../arm-none-eabi/lib/armv7e-m/libc_nano.a(lib_a-fini.o)
                              /usr/lib/gcc/arm-none-eabi/5.2.0/../../../../arm-none-eabi/lib/armv7e-m/crt0.o (__libc_fini_array)
/usr/lib/gcc/arm-none-eabi/5.2.0/../../../../arm-none-eabi/lib/armv7e-m/libc_nano.a(lib_a-impure.o)
                              /usr/lib/gcc/arm-none-eabi/5.2.0/../../../../arm-none-eabi/lib/armv7e-m/libc_nano.a(lib_a-exit.o) (_global_impure_ptr)
/usr/lib/gcc/arm-none-eabi/5.2.0/../../../../arm-none-eabi/lib/armv7e-m/libc_nano.a(lib_a-init.o)
                              /usr/lib/gcc/arm-none-eabi/5.2.0/../../../../arm-none-eabi/lib/armv7e-m/crt0.o (__libc_init_array)
/usr/lib/gcc/arm-none-eabi/5.2.0/../../../../arm-none-eabi/lib/armv7e-m/libc_nano.a(lib_a-malloc.o)
                              build/queue.o (free)
/usr/lib/gcc/arm-none-eabi/5.2.0/../../../../arm-none-eabi/lib/armv7e-m/libc_nano.a(lib_a-memset.o)
                              /usr/lib/gcc/arm-none-eabi/5.2.0/../../../../arm-none-eabi/lib/armv7e-m/crt0.o (memset)
/usr/lib/gcc/arm-none-eabi/5.2.0/../../../../arm-none-eabi/lib/armv7e-m/libc_nano.a(lib_a-nano-freer.o)
                              /usr/lib/gcc/arm-none-eabi/5.2.0/../../../../arm-none-eabi/lib/armv7e-m/libc_nano.a(lib_a-malloc.o) (_free_r)
/usr/lib/gcc/arm-none-eabi/5.2.0/../../../../arm-none-eabi/lib/armv7e-m/libc_nano.a(lib_a-nano-mallocr.o)
                              /usr/lib/gcc/arm-none-eabi/5.2.0/../../../../arm-none-eabi/lib/armv7e-m/libc_nano.a(lib_a-malloc.o) (_malloc_r)
/usr/lib/gcc/arm-none-eabi/5.2.0/../../../../arm-none-eabi/lib/armv7e-m/libc_nano.a(lib_a-sbrkr.o)
                              /usr/lib/gcc/arm-none-eabi/5.2.0/../../../../arm-none-eabi/lib/armv7e-m/libc_nano.a(lib_a-nano-mallocr.o) (_sbrk_r)
/usr/lib/gcc/arm-none-eabi/5.2.0/../../../../arm-none-eabi/lib/armv7e-m/libc_nano.a(lib_a-sprintf.o)
                              build/main.o (sprintf)
/usr/lib/gcc/arm-none-eabi/5.2.0/../../../../arm-none-eabi/lib/armv7e-m/libc_nano.a(lib_a-__atexit.o)
                              /usr/lib/gcc/arm-none-eabi/5.2.0/../../../../arm-none-eabi/lib/armv7e-m/libc_nano.a(lib_a-atexit.o) (__register_exitproc)
/usr/lib/gcc/arm-none-eabi/5.2.0/../../../../arm-none-eabi/lib/armv7e-m/libc_nano.a(lib_a-__call_atexit.o)
                              /usr/lib/gcc/arm-none-eabi/5.2.0/../../../../arm-none-eabi/lib/armv7e-m/libc_nano.a(lib_a-__atexit.o) (__call_exitprocs)
/usr/lib/gcc/arm-none-eabi/5.2.0/../../../../arm-none-eabi/lib/armv7e-m/libc_nano.a(lib_a-nano-svfprintf.o)
                              /usr/lib/gcc/arm-none-eabi/5.2.0/../../../../arm-none-eabi/lib/armv7e-m/libc_nano.a(lib_a-sprintf.o) (_svfprintf_r)
/usr/lib/gcc/arm-none-eabi/5.2.0/../../../../arm-none-eabi/lib/armv7e-m/libc_nano.a(lib_a-nano-vfprintf_i.o)
                              /usr/lib/gcc/arm-none-eabi/5.2.0/../../../../arm-none-eabi/lib/armv7e-m/libc_nano.a(lib_a-nano-svfprintf.o) (_printf_i)
/usr/lib/gcc/arm-none-eabi/5.2.0/../../../../arm-none-eabi/lib/armv7e-m/libc_nano.a(lib_a-reent.o)
                              /usr/lib/gcc/arm-none-eabi/5.2.0/../../../../arm-none-eabi/lib/armv7e-m/libc_nano.a(lib_a-sbrkr.o) (errno)
/usr/lib/gcc/arm-none-eabi/5.2.0/../../../../arm-none-eabi/lib/armv7e-m/libc_nano.a(lib_a-memchr.o)
                              /usr/lib/gcc/arm-none-eabi/5.2.0/../../../../arm-none-eabi/lib/armv7e-m/libc_nano.a(lib_a-nano-svfprintf.o) (memchr)
/usr/lib/gcc/arm-none-eabi/5.2.0/../../../../arm-none-eabi/lib/armv7e-m/libc_nano.a(lib_a-memcpy.o)
                              /usr/lib/gcc/arm-none-eabi/5.2.0/../../../../arm-none-eabi/lib/armv7e-m/libc_nano.a(lib_a-nano-svfprintf.o) (memcpy)
/usr/lib/gcc/arm-none-eabi/5.2.0/../../../../arm-none-eabi/lib/armv7e-m/libc_nano.a(lib_a-memmove.o)
                              /usr/lib/gcc/arm-none-eabi/5.2.0/../../../../arm-none-eabi/lib/armv7e-m/libc_nano.a(lib_a-nano-svfprintf.o) (memmove)
/usr/lib/gcc/arm-none-eabi/5.2.0/../../../../arm-none-eabi/lib/armv7e-m/libc_nano.a(lib_a-nano-reallocr.o)
                              /usr/lib/gcc/arm-none-eabi/5.2.0/../../../../arm-none-eabi/lib/armv7e-m/libc_nano.a(lib_a-nano-svfprintf.o) (_realloc_r)
/usr/lib/gcc/arm-none-eabi/5.2.0/../../../../arm-none-eabi/lib/armv7e-m/libc_nano.a(lib_a-nano-msizer.o)
                              /usr/lib/gcc/arm-none-eabi/5.2.0/../../../../arm-none-eabi/lib/armv7e-m/libc_nano.a(lib_a-nano-reallocr.o) (_malloc_usable_size_r)
/usr/lib/gcc/arm-none-eabi/5.2.0/../../../../arm-none-eabi/lib/armv7e-m/libnosys.a(sbrk.o)
                              /usr/lib/gcc/arm-none-eabi/5.2.0/../../../../arm-none-eabi/lib/armv7e-m/libc_nano.a(lib_a-sbrkr.o) (_sbrk)
/usr/lib/gcc/arm-none-eabi/5.2.0/../../../../arm-none-eabi/lib/armv7e-m/libnosys.a(_exit.o)
                              /usr/lib/gcc/arm-none-eabi/5.2.0/../../../../arm-none-eabi/lib/armv7e-m/libc_nano.a(lib_a-exit.o) (_exit)

Allocating common symbols
Common symbol       size              file

nernstVoltage       0x4               build/main.o
errno               0x4               /usr/lib/gcc/arm-none-eabi/5.2.0/../../../../arm-none-eabi/lib/armv7e-m/libc_nano.a(lib_a-reent.o)
pumpCurrentPID      0x34              build/main.o
uart0Data           0x4               build/uart.o
nernstR             0x4               build/main.o
ADC1ResultIndex     0x4               build/adc.o
pumpCurrentDesired  0x4               build/main.o
heaterPID           0x34              build/main.o
PITData             0x8               build/PIT.o
pumpCurrentDutyCycle
                    0x4               build/main.o
pumpCurrentMeasured
                    0x4               build/main.o
nernstVoltagePID    0x34              build/main.o
ADC1Results         0x8               build/main.o
sinIndex            0x4               build/cw.o
heaterDutyCycle     0x4               build/main.o

Discarded input sections

 .text          0x0000000000000000        0x0 /usr/lib/gcc/arm-none-eabi/5.2.0/armv7e-m/crti.o
 .data          0x0000000000000000        0x0 /usr/lib/gcc/arm-none-eabi/5.2.0/armv7e-m/crti.o
 .bss           0x0000000000000000        0x0 /usr/lib/gcc/arm-none-eabi/5.2.0/armv7e-m/crti.o
 .text          0x0000000000000000        0x0 /usr/lib/gcc/arm-none-eabi/5.2.0/armv7e-m/crtbegin.o
 .data          0x0000000000000000        0x0 /usr/lib/gcc/arm-none-eabi/5.2.0/armv7e-m/crtbegin.o
 .bss           0x0000000000000000        0x0 /usr/lib/gcc/arm-none-eabi/5.2.0/armv7e-m/crtbegin.o
 .data.__dso_handle
                0x0000000000000000        0x4 /usr/lib/gcc/arm-none-eabi/5.2.0/armv7e-m/crtbegin.o
 .data          0x0000000000000000        0x0 /usr/lib/gcc/arm-none-eabi/5.2.0/../../../../arm-none-eabi/lib/armv7e-m/crt0.o
 .bss           0x0000000000000000        0x0 /usr/lib/gcc/arm-none-eabi/5.2.0/../../../../arm-none-eabi/lib/armv7e-m/crt0.o
 .ARM.extab     0x0000000000000000        0x0 /usr/lib/gcc/arm-none-eabi/5.2.0/../../../../arm-none-eabi/lib/armv7e-m/crt0.o
 .text          0x0000000000000000        0x0 build/system_MK64F12.o
 .data          0x0000000000000000        0x0 build/system_MK64F12.o
 .bss           0x0000000000000000        0x0 build/system_MK64F12.o
 .text.SystemCoreClockUpdate
                0x0000000000000000      0x128 build/system_MK64F12.o
 .text          0x0000000000000000        0x0 build/queue.o
 .data          0x0000000000000000        0x0 build/queue.o
 .bss           0x0000000000000000        0x0 build/queue.o
 .text.enqueue  0x0000000000000000       0x30 build/queue.o
 .text.peek     0x0000000000000000       0x12 build/queue.o
 .text.dequeue  0x0000000000000000       0x2c build/queue.o
 .text.initQueue
                0x0000000000000000       0x1c build/queue.o
 .text.numEnqueued
                0x0000000000000000        0x4 build/queue.o
 .text.deInitQueue
                0x0000000000000000       0x14 build/queue.o
 .debug_info    0x0000000000000000      0x221 build/queue.o
 .debug_abbrev  0x0000000000000000      0x102 build/queue.o
 .debug_loc     0x0000000000000000      0x121 build/queue.o
 .debug_aranges
                0x0000000000000000       0x48 build/queue.o
 .debug_ranges  0x0000000000000000       0x38 build/queue.o
 .debug_line    0x0000000000000000       0xf4 build/queue.o
 .debug_str     0x0000000000000000      0x1e6 build/queue.o
 .comment       0x0000000000000000       0x1e build/queue.o
 .debug_frame   0x0000000000000000       0x78 build/queue.o
 .ARM.attributes
                0x0000000000000000       0x33 build/queue.o
 .text          0x0000000000000000        0x0 build/PID.o
 .data          0x0000000000000000        0x0 build/PID.o
 .bss           0x0000000000000000        0x0 build/PID.o
 .text          0x0000000000000000        0x0 build/cw.o
 .data          0x0000000000000000        0x0 build/cw.o
 .bss           0x0000000000000000        0x0 build/cw.o
 .text.cwPitIsr
                0x0000000000000000       0x28 build/cw.o
 .text.cwTone   0x0000000000000000       0x34 build/cw.o
 .text.cwSend   0x0000000000000000       0x90 build/cw.o
 .rodata.CwLetterData
                0x0000000000000000       0x1a build/cw.o
 .rodata.CwNumberData
                0x0000000000000000        0xa build/cw.o
 .debug_info    0x0000000000000000      0x32b build/cw.o
 .debug_abbrev  0x0000000000000000      0x16c build/cw.o
 .debug_loc     0x0000000000000000      0x165 build/cw.o
 .debug_aranges
                0x0000000000000000       0x30 build/cw.o
 .debug_ranges  0x0000000000000000       0x20 build/cw.o
 .debug_line    0x0000000000000000      0x135 build/cw.o
 .debug_str     0x0000000000000000      0x291 build/cw.o
 .comment       0x0000000000000000       0x1e build/cw.o
 .debug_frame   0x0000000000000000       0x6c build/cw.o
 .ARM.attributes
                0x0000000000000000       0x33 build/cw.o
 COMMON         0x0000000000000000        0x4 build/cw.o
 .text          0x0000000000000000        0x0 build/PIT.o
 .data          0x0000000000000000        0x0 build/PIT.o
 .bss           0x0000000000000000        0x0 build/PIT.o
 .text.startPIT1
                0x0000000000000000       0x50 build/PIT.o
 .text.stopPIT0
                0x0000000000000000       0x10 build/PIT.o
 .text.stopPIT1
                0x0000000000000000       0x10 build/PIT.o
 .text          0x0000000000000000        0x0 build/uart.o
 .data          0x0000000000000000        0x0 build/uart.o
 .bss           0x0000000000000000        0x0 build/uart.o
 .text.uartInit
                0x0000000000000000       0x4c build/uart.o
 .text.uartPutCharBlock
                0x0000000000000000       0x12 build/uart.o
 .text.uartPutString
                0x0000000000000000       0x18 build/uart.o
 .text.uartGetCharBlock
                0x0000000000000000       0x14 build/uart.o
 .debug_info    0x0000000000000000      0x6ab build/uart.o
 .debug_abbrev  0x0000000000000000      0x1e1 build/uart.o
 .debug_loc     0x0000000000000000       0xd8 build/uart.o
 .debug_aranges
                0x0000000000000000       0x38 build/uart.o
 .debug_ranges  0x0000000000000000       0x28 build/uart.o
 .debug_line    0x0000000000000000      0x12b build/uart.o
 .debug_str     0x0000000000000000      0x3cb build/uart.o
 .comment       0x0000000000000000       0x1e build/uart.o
 .debug_frame   0x0000000000000000       0x58 build/uart.o
 .ARM.attributes
                0x0000000000000000       0x33 build/uart.o
 COMMON         0x0000000000000000        0x4 build/uart.o
 .text          0x0000000000000000        0x0 build/sin.o
 .data          0x0000000000000000        0x0 build/sin.o
 .bss           0x0000000000000000        0x0 build/sin.o
 .data.sinData64
                0x0000000000000000       0x80 build/sin.o
 .debug_info    0x0000000000000000       0xa2 build/sin.o
 .debug_abbrev  0x0000000000000000       0x56 build/sin.o
 .debug_aranges
                0x0000000000000000       0x18 build/sin.o
 .debug_line    0x0000000000000000       0x89 build/sin.o
 .debug_str     0x0000000000000000      0x194 build/sin.o
 .comment       0x0000000000000000       0x1e build/sin.o
 .ARM.attributes
                0x0000000000000000       0x33 build/sin.o
 .text          0x0000000000000000        0x0 build/pwm.o
 .data          0x0000000000000000        0x0 build/pwm.o
 .bss           0x0000000000000000        0x0 build/pwm.o
 .text.InitPWM2
                0x0000000000000000       0xa4 build/pwm.o
 .bss.chan2Mod  0x0000000000000000        0x4 build/pwm.o
 .text          0x0000000000000000        0x0 build/main.o
 .data          0x0000000000000000        0x0 build/main.o
 .bss           0x0000000000000000        0x0 build/main.o
 .text.startResistanceMeasurement
                0x0000000000000000        0x2 build/main.o
 .text          0x0000000000000000        0x0 build/delay.o
 .data          0x0000000000000000        0x0 build/delay.o
 .bss           0x0000000000000000        0x0 build/delay.o
 .text.delay    0x0000000000000000       0x34 build/delay.o
 .debug_info    0x0000000000000000      0x2ee build/delay.o
 .debug_abbrev  0x0000000000000000       0xee build/delay.o
 .debug_aranges
                0x0000000000000000       0x20 build/delay.o
 .debug_ranges  0x0000000000000000       0x10 build/delay.o
 .debug_line    0x0000000000000000       0xd7 build/delay.o
 .debug_str     0x0000000000000000      0x295 build/delay.o
 .comment       0x0000000000000000       0x1e build/delay.o
 .debug_frame   0x0000000000000000       0x20 build/delay.o
 .ARM.attributes
                0x0000000000000000       0x33 build/delay.o
 .text          0x0000000000000000        0x0 build/dac.o
 .data          0x0000000000000000        0x0 build/dac.o
 .bss           0x0000000000000000        0x0 build/dac.o
 .text.dacInit  0x0000000000000000       0x38 build/dac.o
 .text.dacDeInit
                0x0000000000000000        0x2 build/dac.o
 .text.dacSet   0x0000000000000000       0x14 build/dac.o
 .debug_info    0x0000000000000000      0x42a build/dac.o
 .debug_abbrev  0x0000000000000000      0x106 build/dac.o
 .debug_loc     0x0000000000000000       0x21 build/dac.o
 .debug_aranges
                0x0000000000000000       0x30 build/dac.o
 .debug_ranges  0x0000000000000000       0x20 build/dac.o
 .debug_line    0x0000000000000000       0xef build/dac.o
 .debug_str     0x0000000000000000      0x2e2 build/dac.o
 .comment       0x0000000000000000       0x1e build/dac.o
 .debug_frame   0x0000000000000000       0x40 build/dac.o
 .ARM.attributes
                0x0000000000000000       0x33 build/dac.o
 .text          0x0000000000000000        0x0 build/i2c.o
 .data          0x0000000000000000        0x0 build/i2c.o
 .bss           0x0000000000000000        0x0 build/i2c.o
 .text.i2c_init
                0x0000000000000000       0x34 build/i2c.o
 .text.i2cFlashRead
                0x0000000000000000       0xe8 build/i2c.o
 .text.i2cFlashWrite
                0x0000000000000000      0x10c build/i2c.o
 .debug_info    0x0000000000000000      0xbbf build/i2c.o
 .debug_abbrev  0x0000000000000000      0x20a build/i2c.o
 .debug_loc     0x0000000000000000      0x3ed build/i2c.o
 .debug_aranges
                0x0000000000000000       0x30 build/i2c.o
 .debug_ranges  0x0000000000000000       0xb0 build/i2c.o
 .debug_line    0x0000000000000000      0x1d0 build/i2c.o
 .debug_str     0x0000000000000000      0x3a9 build/i2c.o
 .comment       0x0000000000000000       0x1e build/i2c.o
 .debug_frame   0x0000000000000000       0x64 build/i2c.o
 .ARM.attributes
                0x0000000000000000       0x33 build/i2c.o
 .text          0x0000000000000000        0x0 build/adc.o
 .data          0x0000000000000000        0x0 build/adc.o
 .bss           0x0000000000000000        0x0 build/adc.o
 .text.DAC0_INIT
                0x0000000000000000       0x28 build/adc.o
 .text.PDB_INIT
                0x0000000000000000       0x2c build/adc.o
 .data          0x0000000000000000        0x0 build/startup_MK64F12.o
 .bss           0x0000000000000000        0x0 build/startup_MK64F12.o
 .data          0x0000000000000000        0x0 /usr/lib/gcc/arm-none-eabi/5.2.0/armv7e-m/libgcc.a(_arm_addsubdf3.o)
 .bss           0x0000000000000000        0x0 /usr/lib/gcc/arm-none-eabi/5.2.0/armv7e-m/libgcc.a(_arm_addsubdf3.o)
 .data          0x0000000000000000        0x0 /usr/lib/gcc/arm-none-eabi/5.2.0/armv7e-m/libgcc.a(_arm_muldivdf3.o)
 .bss           0x0000000000000000        0x0 /usr/lib/gcc/arm-none-eabi/5.2.0/armv7e-m/libgcc.a(_arm_muldivdf3.o)
 .data          0x0000000000000000        0x0 /usr/lib/gcc/arm-none-eabi/5.2.0/armv7e-m/libgcc.a(_arm_truncdfsf2.o)
 .bss           0x0000000000000000        0x0 /usr/lib/gcc/arm-none-eabi/5.2.0/armv7e-m/libgcc.a(_arm_truncdfsf2.o)
 .data          0x0000000000000000        0x0 /usr/lib/gcc/arm-none-eabi/5.2.0/armv7e-m/libgcc.a(_arm_addsubsf3.o)
 .bss           0x0000000000000000        0x0 /usr/lib/gcc/arm-none-eabi/5.2.0/armv7e-m/libgcc.a(_arm_addsubsf3.o)
 .data          0x0000000000000000        0x0 /usr/lib/gcc/arm-none-eabi/5.2.0/armv7e-m/libgcc.a(_arm_muldivsf3.o)
 .bss           0x0000000000000000        0x0 /usr/lib/gcc/arm-none-eabi/5.2.0/armv7e-m/libgcc.a(_arm_muldivsf3.o)
 .data          0x0000000000000000        0x0 /usr/lib/gcc/arm-none-eabi/5.2.0/armv7e-m/libgcc.a(_arm_cmpsf2.o)
 .bss           0x0000000000000000        0x0 /usr/lib/gcc/arm-none-eabi/5.2.0/armv7e-m/libgcc.a(_arm_cmpsf2.o)
 .data          0x0000000000000000        0x0 /usr/lib/gcc/arm-none-eabi/5.2.0/armv7e-m/libgcc.a(_arm_fixsfsi.o)
 .bss           0x0000000000000000        0x0 /usr/lib/gcc/arm-none-eabi/5.2.0/armv7e-m/libgcc.a(_arm_fixsfsi.o)
 .text          0x0000000000000000        0x0 /usr/lib/gcc/arm-none-eabi/5.2.0/../../../../arm-none-eabi/lib/armv7e-m/libc_nano.a(lib_a-atexit.o)
 .data          0x0000000000000000        0x0 /usr/lib/gcc/arm-none-eabi/5.2.0/../../../../arm-none-eabi/lib/armv7e-m/libc_nano.a(lib_a-atexit.o)
 .bss           0x0000000000000000        0x0 /usr/lib/gcc/arm-none-eabi/5.2.0/../../../../arm-none-eabi/lib/armv7e-m/libc_nano.a(lib_a-atexit.o)
 .text          0x0000000000000000        0x0 /usr/lib/gcc/arm-none-eabi/5.2.0/../../../../arm-none-eabi/lib/armv7e-m/libc_nano.a(lib_a-exit.o)
 .data          0x0000000000000000        0x0 /usr/lib/gcc/arm-none-eabi/5.2.0/../../../../arm-none-eabi/lib/armv7e-m/libc_nano.a(lib_a-exit.o)
 .bss           0x0000000000000000        0x0 /usr/lib/gcc/arm-none-eabi/5.2.0/../../../../arm-none-eabi/lib/armv7e-m/libc_nano.a(lib_a-exit.o)
 .text          0x0000000000000000        0x0 /usr/lib/gcc/arm-none-eabi/5.2.0/../../../../arm-none-eabi/lib/armv7e-m/libc_nano.a(lib_a-fini.o)
 .data          0x0000000000000000        0x0 /usr/lib/gcc/arm-none-eabi/5.2.0/../../../../arm-none-eabi/lib/armv7e-m/libc_nano.a(lib_a-fini.o)
 .bss           0x0000000000000000        0x0 /usr/lib/gcc/arm-none-eabi/5.2.0/../../../../arm-none-eabi/lib/armv7e-m/libc_nano.a(lib_a-fini.o)
 .text          0x0000000000000000        0x0 /usr/lib/gcc/arm-none-eabi/5.2.0/../../../../arm-none-eabi/lib/armv7e-m/libc_nano.a(lib_a-impure.o)
 .data          0x0000000000000000        0x0 /usr/lib/gcc/arm-none-eabi/5.2.0/../../../../arm-none-eabi/lib/armv7e-m/libc_nano.a(lib_a-impure.o)
 .bss           0x0000000000000000        0x0 /usr/lib/gcc/arm-none-eabi/5.2.0/../../../../arm-none-eabi/lib/armv7e-m/libc_nano.a(lib_a-impure.o)
 .text          0x0000000000000000        0x0 /usr/lib/gcc/arm-none-eabi/5.2.0/../../../../arm-none-eabi/lib/armv7e-m/libc_nano.a(lib_a-init.o)
 .data          0x0000000000000000        0x0 /usr/lib/gcc/arm-none-eabi/5.2.0/../../../../arm-none-eabi/lib/armv7e-m/libc_nano.a(lib_a-init.o)
 .bss           0x0000000000000000        0x0 /usr/lib/gcc/arm-none-eabi/5.2.0/../../../../arm-none-eabi/lib/armv7e-m/libc_nano.a(lib_a-init.o)
 .text          0x0000000000000000        0x0 /usr/lib/gcc/arm-none-eabi/5.2.0/../../../../arm-none-eabi/lib/armv7e-m/libc_nano.a(lib_a-malloc.o)
 .data          0x0000000000000000        0x0 /usr/lib/gcc/arm-none-eabi/5.2.0/../../../../arm-none-eabi/lib/armv7e-m/libc_nano.a(lib_a-malloc.o)
 .bss           0x0000000000000000        0x0 /usr/lib/gcc/arm-none-eabi/5.2.0/../../../../arm-none-eabi/lib/armv7e-m/libc_nano.a(lib_a-malloc.o)
 .text          0x0000000000000000        0x0 /usr/lib/gcc/arm-none-eabi/5.2.0/../../../../arm-none-eabi/lib/armv7e-m/libc_nano.a(lib_a-memset.o)
 .data          0x0000000000000000        0x0 /usr/lib/gcc/arm-none-eabi/5.2.0/../../../../arm-none-eabi/lib/armv7e-m/libc_nano.a(lib_a-memset.o)
 .bss           0x0000000000000000        0x0 /usr/lib/gcc/arm-none-eabi/5.2.0/../../../../arm-none-eabi/lib/armv7e-m/libc_nano.a(lib_a-memset.o)
 .text          0x0000000000000000        0x0 /usr/lib/gcc/arm-none-eabi/5.2.0/../../../../arm-none-eabi/lib/armv7e-m/libc_nano.a(lib_a-nano-freer.o)
 .data          0x0000000000000000        0x0 /usr/lib/gcc/arm-none-eabi/5.2.0/../../../../arm-none-eabi/lib/armv7e-m/libc_nano.a(lib_a-nano-freer.o)
 .bss           0x0000000000000000        0x0 /usr/lib/gcc/arm-none-eabi/5.2.0/../../../../arm-none-eabi/lib/armv7e-m/libc_nano.a(lib_a-nano-freer.o)
 .text          0x0000000000000000        0x0 /usr/lib/gcc/arm-none-eabi/5.2.0/../../../../arm-none-eabi/lib/armv7e-m/libc_nano.a(lib_a-nano-mallocr.o)
 .data          0x0000000000000000        0x0 /usr/lib/gcc/arm-none-eabi/5.2.0/../../../../arm-none-eabi/lib/armv7e-m/libc_nano.a(lib_a-nano-mallocr.o)
 .bss           0x0000000000000000        0x0 /usr/lib/gcc/arm-none-eabi/5.2.0/../../../../arm-none-eabi/lib/armv7e-m/libc_nano.a(lib_a-nano-mallocr.o)
 .text          0x0000000000000000        0x0 /usr/lib/gcc/arm-none-eabi/5.2.0/../../../../arm-none-eabi/lib/armv7e-m/libc_nano.a(lib_a-sbrkr.o)
 .data          0x0000000000000000        0x0 /usr/lib/gcc/arm-none-eabi/5.2.0/../../../../arm-none-eabi/lib/armv7e-m/libc_nano.a(lib_a-sbrkr.o)
 .bss           0x0000000000000000        0x0 /usr/lib/gcc/arm-none-eabi/5.2.0/../../../../arm-none-eabi/lib/armv7e-m/libc_nano.a(lib_a-sbrkr.o)
 .text          0x0000000000000000        0x0 /usr/lib/gcc/arm-none-eabi/5.2.0/../../../../arm-none-eabi/lib/armv7e-m/libc_nano.a(lib_a-sprintf.o)
 .data          0x0000000000000000        0x0 /usr/lib/gcc/arm-none-eabi/5.2.0/../../../../arm-none-eabi/lib/armv7e-m/libc_nano.a(lib_a-sprintf.o)
 .bss           0x0000000000000000        0x0 /usr/lib/gcc/arm-none-eabi/5.2.0/../../../../arm-none-eabi/lib/armv7e-m/libc_nano.a(lib_a-sprintf.o)
 .text._sprintf_r
                0x0000000000000000       0x40 /usr/lib/gcc/arm-none-eabi/5.2.0/../../../../arm-none-eabi/lib/armv7e-m/libc_nano.a(lib_a-sprintf.o)
 .text          0x0000000000000000        0x0 /usr/lib/gcc/arm-none-eabi/5.2.0/../../../../arm-none-eabi/lib/armv7e-m/libc_nano.a(lib_a-__atexit.o)
 .data          0x0000000000000000        0x0 /usr/lib/gcc/arm-none-eabi/5.2.0/../../../../arm-none-eabi/lib/armv7e-m/libc_nano.a(lib_a-__atexit.o)
 .bss           0x0000000000000000        0x0 /usr/lib/gcc/arm-none-eabi/5.2.0/../../../../arm-none-eabi/lib/armv7e-m/libc_nano.a(lib_a-__atexit.o)
 .data.__atexit_dummy
                0x0000000000000000        0x4 /usr/lib/gcc/arm-none-eabi/5.2.0/../../../../arm-none-eabi/lib/armv7e-m/libc_nano.a(lib_a-__atexit.o)
 .text          0x0000000000000000        0x0 /usr/lib/gcc/arm-none-eabi/5.2.0/../../../../arm-none-eabi/lib/armv7e-m/libc_nano.a(lib_a-__call_atexit.o)
 .data          0x0000000000000000        0x0 /usr/lib/gcc/arm-none-eabi/5.2.0/../../../../arm-none-eabi/lib/armv7e-m/libc_nano.a(lib_a-__call_atexit.o)
 .bss           0x0000000000000000        0x0 /usr/lib/gcc/arm-none-eabi/5.2.0/../../../../arm-none-eabi/lib/armv7e-m/libc_nano.a(lib_a-__call_atexit.o)
 .text          0x0000000000000000        0x0 /usr/lib/gcc/arm-none-eabi/5.2.0/../../../../arm-none-eabi/lib/armv7e-m/libc_nano.a(lib_a-nano-svfprintf.o)
 .data          0x0000000000000000        0x0 /usr/lib/gcc/arm-none-eabi/5.2.0/../../../../arm-none-eabi/lib/armv7e-m/libc_nano.a(lib_a-nano-svfprintf.o)
 .bss           0x0000000000000000        0x0 /usr/lib/gcc/arm-none-eabi/5.2.0/../../../../arm-none-eabi/lib/armv7e-m/libc_nano.a(lib_a-nano-svfprintf.o)
 .text.__ssprint_r
                0x0000000000000000       0xfe /usr/lib/gcc/arm-none-eabi/5.2.0/../../../../arm-none-eabi/lib/armv7e-m/libc_nano.a(lib_a-nano-svfprintf.o)
 .text          0x0000000000000000        0x0 /usr/lib/gcc/arm-none-eabi/5.2.0/../../../../arm-none-eabi/lib/armv7e-m/libc_nano.a(lib_a-nano-vfprintf_i.o)
 .data          0x0000000000000000        0x0 /usr/lib/gcc/arm-none-eabi/5.2.0/../../../../arm-none-eabi/lib/armv7e-m/libc_nano.a(lib_a-nano-vfprintf_i.o)
 .bss           0x0000000000000000        0x0 /usr/lib/gcc/arm-none-eabi/5.2.0/../../../../arm-none-eabi/lib/armv7e-m/libc_nano.a(lib_a-nano-vfprintf_i.o)
 .text          0x0000000000000000        0x0 /usr/lib/gcc/arm-none-eabi/5.2.0/../../../../arm-none-eabi/lib/armv7e-m/libc_nano.a(lib_a-reent.o)
 .data          0x0000000000000000        0x0 /usr/lib/gcc/arm-none-eabi/5.2.0/../../../../arm-none-eabi/lib/armv7e-m/libc_nano.a(lib_a-reent.o)
 .bss           0x0000000000000000        0x0 /usr/lib/gcc/arm-none-eabi/5.2.0/../../../../arm-none-eabi/lib/armv7e-m/libc_nano.a(lib_a-reent.o)
 .text.cleanup_glue
                0x0000000000000000       0x1a /usr/lib/gcc/arm-none-eabi/5.2.0/../../../../arm-none-eabi/lib/armv7e-m/libc_nano.a(lib_a-reent.o)
 .text._reclaim_reent
                0x0000000000000000       0xb4 /usr/lib/gcc/arm-none-eabi/5.2.0/../../../../arm-none-eabi/lib/armv7e-m/libc_nano.a(lib_a-reent.o)
 .text          0x0000000000000000        0x0 /usr/lib/gcc/arm-none-eabi/5.2.0/../../../../arm-none-eabi/lib/armv7e-m/libc_nano.a(lib_a-memchr.o)
 .data          0x0000000000000000        0x0 /usr/lib/gcc/arm-none-eabi/5.2.0/../../../../arm-none-eabi/lib/armv7e-m/libc_nano.a(lib_a-memchr.o)
 .bss           0x0000000000000000        0x0 /usr/lib/gcc/arm-none-eabi/5.2.0/../../../../arm-none-eabi/lib/armv7e-m/libc_nano.a(lib_a-memchr.o)
 .text          0x0000000000000000        0x0 /usr/lib/gcc/arm-none-eabi/5.2.0/../../../../arm-none-eabi/lib/armv7e-m/libc_nano.a(lib_a-memcpy.o)
 .data          0x0000000000000000        0x0 /usr/lib/gcc/arm-none-eabi/5.2.0/../../../../arm-none-eabi/lib/armv7e-m/libc_nano.a(lib_a-memcpy.o)
 .bss           0x0000000000000000        0x0 /usr/lib/gcc/arm-none-eabi/5.2.0/../../../../arm-none-eabi/lib/armv7e-m/libc_nano.a(lib_a-memcpy.o)
 .text          0x0000000000000000        0x0 /usr/lib/gcc/arm-none-eabi/5.2.0/../../../../arm-none-eabi/lib/armv7e-m/libc_nano.a(lib_a-memmove.o)
 .data          0x0000000000000000        0x0 /usr/lib/gcc/arm-none-eabi/5.2.0/../../../../arm-none-eabi/lib/armv7e-m/libc_nano.a(lib_a-memmove.o)
 .bss           0x0000000000000000        0x0 /usr/lib/gcc/arm-none-eabi/5.2.0/../../../../arm-none-eabi/lib/armv7e-m/libc_nano.a(lib_a-memmove.o)
 .text          0x0000000000000000        0x0 /usr/lib/gcc/arm-none-eabi/5.2.0/../../../../arm-none-eabi/lib/armv7e-m/libc_nano.a(lib_a-nano-reallocr.o)
 .data          0x0000000000000000        0x0 /usr/lib/gcc/arm-none-eabi/5.2.0/../../../../arm-none-eabi/lib/armv7e-m/libc_nano.a(lib_a-nano-reallocr.o)
 .bss           0x0000000000000000        0x0 /usr/lib/gcc/arm-none-eabi/5.2.0/../../../../arm-none-eabi/lib/armv7e-m/libc_nano.a(lib_a-nano-reallocr.o)
 .text          0x0000000000000000        0x0 /usr/lib/gcc/arm-none-eabi/5.2.0/../../../../arm-none-eabi/lib/armv7e-m/libc_nano.a(lib_a-nano-msizer.o)
 .data          0x0000000000000000        0x0 /usr/lib/gcc/arm-none-eabi/5.2.0/../../../../arm-none-eabi/lib/armv7e-m/libc_nano.a(lib_a-nano-msizer.o)
 .bss           0x0000000000000000        0x0 /usr/lib/gcc/arm-none-eabi/5.2.0/../../../../arm-none-eabi/lib/armv7e-m/libc_nano.a(lib_a-nano-msizer.o)
 .text          0x0000000000000000        0x0 /usr/lib/gcc/arm-none-eabi/5.2.0/../../../../arm-none-eabi/lib/armv7e-m/libnosys.a(sbrk.o)
 .data          0x0000000000000000        0x0 /usr/lib/gcc/arm-none-eabi/5.2.0/../../../../arm-none-eabi/lib/armv7e-m/libnosys.a(sbrk.o)
 .bss           0x0000000000000000        0x0 /usr/lib/gcc/arm-none-eabi/5.2.0/../../../../arm-none-eabi/lib/armv7e-m/libnosys.a(sbrk.o)
 .text          0x0000000000000000        0x0 /usr/lib/gcc/arm-none-eabi/5.2.0/../../../../arm-none-eabi/lib/armv7e-m/libnosys.a(_exit.o)
 .data          0x0000000000000000        0x0 /usr/lib/gcc/arm-none-eabi/5.2.0/../../../../arm-none-eabi/lib/armv7e-m/libnosys.a(_exit.o)
 .bss           0x0000000000000000        0x0 /usr/lib/gcc/arm-none-eabi/5.2.0/../../../../arm-none-eabi/lib/armv7e-m/libnosys.a(_exit.o)
 .text          0x0000000000000000        0x0 /usr/lib/gcc/arm-none-eabi/5.2.0/armv7e-m/crtend.o
 .data          0x0000000000000000        0x0 /usr/lib/gcc/arm-none-eabi/5.2.0/armv7e-m/crtend.o
 .bss           0x0000000000000000        0x0 /usr/lib/gcc/arm-none-eabi/5.2.0/armv7e-m/crtend.o
 .jcr           0x0000000000000000        0x4 /usr/lib/gcc/arm-none-eabi/5.2.0/armv7e-m/crtend.o
 .text          0x0000000000000000        0x0 /usr/lib/gcc/arm-none-eabi/5.2.0/armv7e-m/crtn.o
 .data          0x0000000000000000        0x0 /usr/lib/gcc/arm-none-eabi/5.2.0/armv7e-m/crtn.o
 .bss           0x0000000000000000        0x0 /usr/lib/gcc/arm-none-eabi/5.2.0/armv7e-m/crtn.o

Memory Configuration

Name             Origin             Length             Attributes
VECTORS          0x0000000000000000 0x0000000000000400 xr
FLASH_PROTECTION 0x0000000000000400 0x0000000000000010 xr
FLASH            0x0000000000000410 0x00000000000ffbf0 xr
RAM              0x000000001fff0198 0x000000000003fe68 xrw
*default*        0x0000000000000000 0xffffffffffffffff

Linker script and memory map

LOAD /usr/lib/gcc/arm-none-eabi/5.2.0/armv7e-m/crti.o
LOAD /usr/lib/gcc/arm-none-eabi/5.2.0/armv7e-m/crtbegin.o
LOAD /usr/lib/gcc/arm-none-eabi/5.2.0/../../../../arm-none-eabi/lib/armv7e-m/crt0.o
LOAD build/system_MK64F12.o
LOAD build/queue.o
LOAD build/PID.o
LOAD build/cw.o
LOAD build/PIT.o
LOAD build/uart.o
LOAD build/sin.o
LOAD build/pwm.o
LOAD build/main.o
LOAD build/delay.o
LOAD build/dac.o
LOAD build/i2c.o
LOAD build/adc.o
LOAD build/startup_MK64F12.o
LOAD /usr/lib/gcc/arm-none-eabi/5.2.0/../../../../arm-none-eabi/lib/armv7e-m/libm.a
LOAD /usr/lib/gcc/arm-none-eabi/5.2.0/armv7e-m/libgcc.a
LOAD /usr/lib/gcc/arm-none-eabi/5.2.0/../../../../arm-none-eabi/lib/armv7e-m/libc_nano.a
LOAD /usr/lib/gcc/arm-none-eabi/5.2.0/../../../../arm-none-eabi/lib/armv7e-m/libnosys.a
START GROUP
LOAD /usr/lib/gcc/arm-none-eabi/5.2.0/armv7e-m/libgcc.a
LOAD /usr/lib/gcc/arm-none-eabi/5.2.0/../../../../arm-none-eabi/lib/armv7e-m/libc_nano.a
END GROUP
START GROUP
LOAD /usr/lib/gcc/arm-none-eabi/5.2.0/armv7e-m/libgcc.a
LOAD /usr/lib/gcc/arm-none-eabi/5.2.0/../../../../arm-none-eabi/lib/armv7e-m/libc_nano.a
END GROUP
LOAD /usr/lib/gcc/arm-none-eabi/5.2.0/armv7e-m/crtend.o
LOAD /usr/lib/gcc/arm-none-eabi/5.2.0/armv7e-m/crtn.o

.isr_vector     0x0000000000000000      0x198
                0x0000000000000000                __vector_table = .
 *(.vector_table)
 .vector_table  0x0000000000000000      0x198 build/startup_MK64F12.o
                0x0000000000000000                __isr_vector
 *(.text.Reset_Handler)
 *(.text.System_Init)
                0x0000000000000198                . = ALIGN (0x4)

.flash_protect  0x0000000000000400       0x10
 *(.kinetis_flash_config_field)
 .kinetis_flash_config_field
                0x0000000000000400       0x10 build/startup_MK64F12.o
                0x0000000000000410                . = ALIGN (0x4)

.text           0x0000000000000410     0x21a0
 *(.text*)
 .text.__do_global_dtors_aux
                0x0000000000000410       0x28 /usr/lib/gcc/arm-none-eabi/5.2.0/armv7e-m/crtbegin.o
 .text.frame_dummy
                0x0000000000000438       0x34 /usr/lib/gcc/arm-none-eabi/5.2.0/armv7e-m/crtbegin.o
 .text          0x000000000000046c       0x68 /usr/lib/gcc/arm-none-eabi/5.2.0/../../../../arm-none-eabi/lib/armv7e-m/crt0.o
                0x000000000000046c                _mainCRTStartup
                0x000000000000046c                _start
 .text.SystemInit
                0x00000000000004d4       0xe8 build/system_MK64F12.o
                0x00000000000004d4                SystemInit
 .text.PIDInitialize
                0x00000000000005bc       0x6a build/PID.o
                0x00000000000005bc                PIDInitialize
 .text.PIDUpdate
                0x0000000000000626       0xa4 build/PID.o
                0x0000000000000626                PIDUpdate
 .text.PIDSetGoal
                0x00000000000006ca       0xaa build/PID.o
                0x00000000000006ca                PIDSetGoal
 .text.startPIT0
                0x0000000000000774       0x50 build/PIT.o
                0x0000000000000774                startPIT0
 .text.PIT0_IRQHandler
                0x00000000000007c4       0x20 build/PIT.o
                0x00000000000007c4                PIT0_IRQHandler
 .text.PIT1_IRQHandler
                0x00000000000007e4       0x20 build/PIT.o
                0x00000000000007e4                PIT1_IRQHandler
 .text.SetDutyCycle2
                0x0000000000000804       0x34 build/pwm.o
                0x0000000000000804                SetDutyCycle2
 .text.FTM0_IRQHandler
                0x0000000000000838       0x24 build/pwm.o
                0x0000000000000838                FTM0_IRQHandler
 *fill*         0x000000000000085c        0x4 
 .text.updatePIDs
                0x0000000000000860       0xb0 build/main.o
                0x0000000000000860                updatePIDs
 .text.startup.main
                0x0000000000000910      0x1e0 build/main.o
                0x0000000000000910                main
 .text.ADC1_INIT
                0x0000000000000af0       0x9c build/adc.o
                0x0000000000000af0                ADC1_INIT
 .text.ADC1_IRQHandler
                0x0000000000000b8c       0x2c build/adc.o
                0x0000000000000b8c                ADC1_IRQHandler
 .text          0x0000000000000bb8       0x58 build/startup_MK64F12.o
                0x0000000000000bb8                Reset_Handler
                0x0000000000000be8                NMI_Handler
                0x0000000000000bec                HardFault_Handler
                0x0000000000000bf0                MemManage_Handler
                0x0000000000000bf4                BusFault_Handler
                0x0000000000000bf8                UsageFault_Handler
                0x0000000000000bfc                SVC_Handler
                0x0000000000000c00                DebugMon_Handler
                0x0000000000000c04                PendSV_Handler
                0x0000000000000c08                SysTick_Handler
                0x0000000000000c0c                CAN0_Rx_Warning_IRQHandler
                0x0000000000000c0c                I2C0_IRQHandler
                0x0000000000000c0c                UART3_RX_TX_IRQHandler
                0x0000000000000c0c                UART0_RX_TX_IRQHandler
                0x0000000000000c0c                I2C1_IRQHandler
                0x0000000000000c0c                DMA2_IRQHandler
                0x0000000000000c0c                ENET_Error_IRQHandler
                0x0000000000000c0c                CAN0_Tx_Warning_IRQHandler
                0x0000000000000c0c                CAN0_ORed_Message_buffer_IRQHandler
                0x0000000000000c0c                Watchdog_IRQHandler
                0x0000000000000c0c                CMP2_IRQHandler
                0x0000000000000c0c                ENET_Receive_IRQHandler
                0x0000000000000c0c                ENET_1588_Timer_IRQHandler
                0x0000000000000c0c                UART2_RX_TX_IRQHandler
                0x0000000000000c0c                SWI_IRQHandler
                0x0000000000000c0c                ADC0_IRQHandler
                0x0000000000000c0c                I2S0_Tx_IRQHandler
                0x0000000000000c0c                CMT_IRQHandler
                0x0000000000000c0c                UART4_RX_TX_IRQHandler
                0x0000000000000c0c                SPI1_IRQHandler
                0x0000000000000c0c                DefaultISR
                0x0000000000000c0c                DMA9_IRQHandler
                0x0000000000000c0c                DMA14_IRQHandler
                0x0000000000000c0c                CMP1_IRQHandler
                0x0000000000000c0c                Reserved71_IRQHandler
                0x0000000000000c0c                PORTD_IRQHandler
                0x0000000000000c0c                PORTB_IRQHandler
                0x0000000000000c0c                UART4_ERR_IRQHandler
                0x0000000000000c0c                I2C2_IRQHandler
                0x0000000000000c0c                PIT2_IRQHandler
                0x0000000000000c0c                I2S0_Rx_IRQHandler
                0x0000000000000c0c                LPTimer_IRQHandler
                0x0000000000000c0c                DMA5_IRQHandler
                0x0000000000000c0c                RTC_IRQHandler
                0x0000000000000c0c                PDB0_IRQHandler
                0x0000000000000c0c                FTM1_IRQHandler
                0x0000000000000c0c                UART5_RX_TX_IRQHandler
                0x0000000000000c0c                UART3_ERR_IRQHandler
                0x0000000000000c0c                PIT3_IRQHandler
                0x0000000000000c0c                SDHC_IRQHandler
                0x0000000000000c0c                RTC_Seconds_IRQHandler
                0x0000000000000c0c                MCG_IRQHandler
                0x0000000000000c0c                FTFE_IRQHandler
                0x0000000000000c0c                UART2_ERR_IRQHandler
                0x0000000000000c0c                DMA11_IRQHandler
                0x0000000000000c0c                UART5_ERR_IRQHandler
                0x0000000000000c0c                Read_Collision_IRQHandler
                0x0000000000000c0c                Default_Handler
                0x0000000000000c0c                DMA7_IRQHandler
                0x0000000000000c0c                ENET_Transmit_IRQHandler
                0x0000000000000c0c                USBDCD_IRQHandler
                0x0000000000000c0c                USB0_IRQHandler
                0x0000000000000c0c                LLW_IRQHandler
                0x0000000000000c0c                SPI2_IRQHandler
                0x0000000000000c0c                DMA13_IRQHandler
                0x0000000000000c0c                DMA3_IRQHandler
                0x0000000000000c0c                UART0_LON_IRQHandler
                0x0000000000000c0c                RNG_IRQHandler
                0x0000000000000c0c                DMA0_IRQHandler
                0x0000000000000c0c                DMA15_IRQHandler
                0x0000000000000c0c                DAC0_IRQHandler
                0x0000000000000c0c                CAN0_Error_IRQHandler
                0x0000000000000c0c                DMA4_IRQHandler
                0x0000000000000c0c                UART0_ERR_IRQHandler
                0x0000000000000c0c                DMA_Error_IRQHandler
                0x0000000000000c0c                LVD_LVW_IRQHandler
                0x0000000000000c0c                SPI0_IRQHandler
                0x0000000000000c0c                PORTA_IRQHandler
                0x0000000000000c0c                DAC1_IRQHandler
                0x0000000000000c0c                MCM_IRQHandler
                0x0000000000000c0c                DMA12_IRQHandler
                0x0000000000000c0c                CAN0_Bus_Off_IRQHandler
                0x0000000000000c0c                FTM3_IRQHandler
                0x0000000000000c0c                PORTE_IRQHandler
                0x0000000000000c0c                FTM2_IRQHandler
                0x0000000000000c0c                DMA8_IRQHandler
                0x0000000000000c0c                DMA10_IRQHandler
                0x0000000000000c0c                CAN0_Wake_Up_IRQHandler
                0x0000000000000c0c                UART1_ERR_IRQHandler
                0x0000000000000c0c                UART1_RX_TX_IRQHandler
                0x0000000000000c0c                CMP0_IRQHandler
                0x0000000000000c0c                PORTC_IRQHandler
                0x0000000000000c0c                DMA6_IRQHandler
                0x0000000000000c0c                DMA1_IRQHandler
 .text          0x0000000000000c10      0x370 /usr/lib/gcc/arm-none-eabi/5.2.0/armv7e-m/libgcc.a(_arm_addsubdf3.o)
                0x0000000000000c10                __aeabi_drsub
                0x0000000000000c18                __aeabi_dsub
                0x0000000000000c18                __subdf3
                0x0000000000000c1c                __adddf3
                0x0000000000000c1c                __aeabi_dadd
                0x0000000000000e94                __aeabi_ui2d
                0x0000000000000e94                __floatunsidf
                0x0000000000000eb4                __floatsidf
                0x0000000000000eb4                __aeabi_i2d
                0x0000000000000ed8                __extendsfdf2
                0x0000000000000ed8                __aeabi_f2d
                0x0000000000000f14                __aeabi_ul2d
                0x0000000000000f14                __floatundidf
                0x0000000000000f24                __floatdidf
                0x0000000000000f24                __aeabi_l2d
 .text          0x0000000000000f80      0x424 /usr/lib/gcc/arm-none-eabi/5.2.0/armv7e-m/libgcc.a(_arm_muldivdf3.o)
                0x0000000000000f80                __aeabi_dmul
                0x0000000000000f80                __muldf3
                0x00000000000011d4                __aeabi_ddiv
                0x00000000000011d4                __divdf3
 .text          0x00000000000013a4       0xa0 /usr/lib/gcc/arm-none-eabi/5.2.0/armv7e-m/libgcc.a(_arm_truncdfsf2.o)
                0x00000000000013a4                __aeabi_d2f
                0x00000000000013a4                __truncdfsf2
 .text          0x0000000000001444      0x21c /usr/lib/gcc/arm-none-eabi/5.2.0/armv7e-m/libgcc.a(_arm_addsubsf3.o)
                0x0000000000001444                __aeabi_frsub
                0x000000000000144c                __subsf3
                0x000000000000144c                __aeabi_fsub
                0x0000000000001450                __aeabi_fadd
                0x0000000000001450                __addsf3
                0x00000000000015b0                __aeabi_ui2f
                0x00000000000015b0                __floatunsisf
                0x00000000000015b8                __aeabi_i2f
                0x00000000000015b8                __floatsisf
                0x00000000000015d4                __floatundisf
                0x00000000000015d4                __aeabi_ul2f
                0x00000000000015e4                __floatdisf
                0x00000000000015e4                __aeabi_l2f
 .text          0x0000000000001660      0x2a0 /usr/lib/gcc/arm-none-eabi/5.2.0/armv7e-m/libgcc.a(_arm_muldivsf3.o)
                0x0000000000001660                __mulsf3
                0x0000000000001660                __aeabi_fmul
                0x00000000000017c8                __divsf3
                0x00000000000017c8                __aeabi_fdiv
 .text          0x0000000000001900       0xec /usr/lib/gcc/arm-none-eabi/5.2.0/armv7e-m/libgcc.a(_arm_cmpsf2.o)
                0x0000000000001900                __gtsf2
                0x0000000000001900                __gesf2
                0x0000000000001908                __lesf2
                0x0000000000001908                __ltsf2
                0x0000000000001910                __nesf2
                0x0000000000001910                __eqsf2
                0x0000000000001910                __cmpsf2
                0x0000000000001970                __aeabi_cfrcmple
                0x0000000000001978                __aeabi_cfcmple
                0x0000000000001978                __aeabi_cfcmpeq
                0x0000000000001988                __aeabi_fcmpeq
                0x000000000000199c                __aeabi_fcmplt
                0x00000000000019b0                __aeabi_fcmple
                0x00000000000019c4                __aeabi_fcmpge
                0x00000000000019d8                __aeabi_fcmpgt
 .text          0x00000000000019ec       0x4c /usr/lib/gcc/arm-none-eabi/5.2.0/armv7e-m/libgcc.a(_arm_fixsfsi.o)
                0x00000000000019ec                __fixsfsi
                0x00000000000019ec                __aeabi_f2iz
 .text.atexit   0x0000000000001a38        0xc /usr/lib/gcc/arm-none-eabi/5.2.0/../../../../arm-none-eabi/lib/armv7e-m/libc_nano.a(lib_a-atexit.o)
                0x0000000000001a38                atexit
 .text.exit     0x0000000000001a44       0x28 /usr/lib/gcc/arm-none-eabi/5.2.0/../../../../arm-none-eabi/lib/armv7e-m/libc_nano.a(lib_a-exit.o)
                0x0000000000001a44                exit
 .text.__libc_fini_array
                0x0000000000001a6c       0x28 /usr/lib/gcc/arm-none-eabi/5.2.0/../../../../arm-none-eabi/lib/armv7e-m/libc_nano.a(lib_a-fini.o)
                0x0000000000001a6c                __libc_fini_array
 .text.__libc_init_array
                0x0000000000001a94       0x4c /usr/lib/gcc/arm-none-eabi/5.2.0/../../../../arm-none-eabi/lib/armv7e-m/libc_nano.a(lib_a-init.o)
                0x0000000000001a94                __libc_init_array
 .text.malloc   0x0000000000001ae0       0x10 /usr/lib/gcc/arm-none-eabi/5.2.0/../../../../arm-none-eabi/lib/armv7e-m/libc_nano.a(lib_a-malloc.o)
                0x0000000000001ae0                malloc
 .text.free     0x0000000000001af0       0x10 /usr/lib/gcc/arm-none-eabi/5.2.0/../../../../arm-none-eabi/lib/armv7e-m/libc_nano.a(lib_a-malloc.o)
                0x0000000000001af0                free
 .text.memset   0x0000000000001b00       0x10 /usr/lib/gcc/arm-none-eabi/5.2.0/../../../../arm-none-eabi/lib/armv7e-m/libc_nano.a(lib_a-memset.o)
                0x0000000000001b00                memset
 .text._free_r  0x0000000000001b10       0x8c /usr/lib/gcc/arm-none-eabi/5.2.0/../../../../arm-none-eabi/lib/armv7e-m/libc_nano.a(lib_a-nano-freer.o)
                0x0000000000001b10                _free_r
 .text._malloc_r
                0x0000000000001b9c       0xa8 /usr/lib/gcc/arm-none-eabi/5.2.0/../../../../arm-none-eabi/lib/armv7e-m/libc_nano.a(lib_a-nano-mallocr.o)
                0x0000000000001b9c                _malloc_r
 .text._sbrk_r  0x0000000000001c44       0x20 /usr/lib/gcc/arm-none-eabi/5.2.0/../../../../arm-none-eabi/lib/armv7e-m/libc_nano.a(lib_a-sbrkr.o)
                0x0000000000001c44                _sbrk_r
 .text.sprintf  0x0000000000001c64       0x48 /usr/lib/gcc/arm-none-eabi/5.2.0/../../../../arm-none-eabi/lib/armv7e-m/libc_nano.a(lib_a-sprintf.o)
                0x0000000000001c64                sprintf
                0x0000000000001c64                siprintf
 .text.__register_exitproc
                0x0000000000001cac       0xb8 /usr/lib/gcc/arm-none-eabi/5.2.0/../../../../arm-none-eabi/lib/armv7e-m/libc_nano.a(lib_a-__atexit.o)
                0x0000000000001cac                __register_exitproc
 .text.__call_exitprocs
                0x0000000000001d64       0xd4 /usr/lib/gcc/arm-none-eabi/5.2.0/../../../../arm-none-eabi/lib/armv7e-m/libc_nano.a(lib_a-__call_atexit.o)
                0x0000000000001d64                __call_exitprocs
 .text.__ssputs_r
                0x0000000000001e38       0xb2 /usr/lib/gcc/arm-none-eabi/5.2.0/../../../../arm-none-eabi/lib/armv7e-m/libc_nano.a(lib_a-nano-svfprintf.o)
                0x0000000000001e38                __ssputs_r
 *fill*         0x0000000000001eea        0x2 
 .text._svfprintf_r
                0x0000000000001eec      0x1e8 /usr/lib/gcc/arm-none-eabi/5.2.0/../../../../arm-none-eabi/lib/armv7e-m/libc_nano.a(lib_a-nano-svfprintf.o)
                0x0000000000001eec                _svfprintf_r
                0x0000000000001eec                _svfiprintf_r
 .text._printf_common
                0x00000000000020d4       0xec /usr/lib/gcc/arm-none-eabi/5.2.0/../../../../arm-none-eabi/lib/armv7e-m/libc_nano.a(lib_a-nano-vfprintf_i.o)
                0x00000000000020d4                _printf_common
 .text._printf_i
                0x00000000000021c0      0x24c /usr/lib/gcc/arm-none-eabi/5.2.0/../../../../arm-none-eabi/lib/armv7e-m/libc_nano.a(lib_a-nano-vfprintf_i.o)
                0x00000000000021c0                _printf_i
 .text.memchr   0x000000000000240c       0x1e /usr/lib/gcc/arm-none-eabi/5.2.0/../../../../arm-none-eabi/lib/armv7e-m/libc_nano.a(lib_a-memchr.o)
                0x000000000000240c                memchr
 .text.memcpy   0x000000000000242a       0x16 /usr/lib/gcc/arm-none-eabi/5.2.0/../../../../arm-none-eabi/lib/armv7e-m/libc_nano.a(lib_a-memcpy.o)
                0x000000000000242a                memcpy
 .text.memmove  0x0000000000002440       0x36 /usr/lib/gcc/arm-none-eabi/5.2.0/../../../../arm-none-eabi/lib/armv7e-m/libc_nano.a(lib_a-memmove.o)
                0x0000000000002440                memmove
 .text._realloc_r
                0x0000000000002476       0x4c /usr/lib/gcc/arm-none-eabi/5.2.0/../../../../arm-none-eabi/lib/armv7e-m/libc_nano.a(lib_a-nano-reallocr.o)
                0x0000000000002476                _realloc_r
 .text._malloc_usable_size_r
                0x00000000000024c2       0x14 /usr/lib/gcc/arm-none-eabi/5.2.0/../../../../arm-none-eabi/lib/armv7e-m/libc_nano.a(lib_a-nano-msizer.o)
                0x00000000000024c2                _malloc_usable_size_r
 *fill*         0x00000000000024d6        0x2 
 .text._sbrk    0x00000000000024d8       0x1c /usr/lib/gcc/arm-none-eabi/5.2.0/../../../../arm-none-eabi/lib/armv7e-m/libnosys.a(sbrk.o)
                0x00000000000024d8                _sbrk
 .text._exit    0x00000000000024f4        0x4 /usr/lib/gcc/arm-none-eabi/5.2.0/../../../../arm-none-eabi/lib/armv7e-m/libnosys.a(_exit.o)
                0x00000000000024f4                _exit
 *(.init)
 .init          0x00000000000024f8        0x4 /usr/lib/gcc/arm-none-eabi/5.2.0/armv7e-m/crti.o
                0x00000000000024f8                _init
 .init          0x00000000000024fc        0x8 /usr/lib/gcc/arm-none-eabi/5.2.0/armv7e-m/crtn.o
 *(.fini)
 .fini          0x0000000000002504        0x4 /usr/lib/gcc/arm-none-eabi/5.2.0/armv7e-m/crti.o
                0x0000000000002504                _fini
 .fini          0x0000000000002508        0x8 /usr/lib/gcc/arm-none-eabi/5.2.0/armv7e-m/crtn.o
 *crtbegin.o(.ctors)
 *crtbegin?.o(.ctors)
 *(EXCLUDE_FILE(*crtend.o *crtend?.o) .ctors)
 *(SORT(.ctors.*))
 *(.ctors)
 *crtbegin.o(.dtors)
 *crtbegin?.o(.dtors)
 *(EXCLUDE_FILE(*crtend.o *crtend?.o) .dtors)
 *(SORT(.dtors.*))
 *(.dtors)
 *(.rodata*)
 .rodata.str1.1
                0x0000000000002510       0x5b build/main.o
 .rodata.ADC1SourceBytes
                0x000000000000256b        0x4 build/adc.o
                0x000000000000256b                ADC1SourceBytes
 .rodata.str1.1
                0x000000000000256f        0x2 /usr/lib/gcc/arm-none-eabi/5.2.0/../../../../arm-none-eabi/lib/armv7e-m/libc_nano.a(lib_a-impure.o)
 *fill*         0x0000000000002571        0x3 
 .rodata._global_impure_ptr
                0x0000000000002574        0x4 /usr/lib/gcc/arm-none-eabi/5.2.0/../../../../arm-none-eabi/lib/armv7e-m/libc_nano.a(lib_a-impure.o)
                0x0000000000002574                _global_impure_ptr
 .rodata.str1.1
                0x0000000000002578       0x11 /usr/lib/gcc/arm-none-eabi/5.2.0/../../../../arm-none-eabi/lib/armv7e-m/libc_nano.a(lib_a-nano-svfprintf.o)
 .rodata.str1.1
                0x0000000000002589       0x22 /usr/lib/gcc/arm-none-eabi/5.2.0/../../../../arm-none-eabi/lib/armv7e-m/libc_nano.a(lib_a-nano-vfprintf_i.o)
 *(.eh_frame*)
 *fill*         0x00000000000025ab        0x1 
 .eh_frame      0x00000000000025ac        0x0 /usr/lib/gcc/arm-none-eabi/5.2.0/armv7e-m/crtbegin.o
 .eh_frame      0x00000000000025ac        0x4 /usr/lib/gcc/arm-none-eabi/5.2.0/armv7e-m/crtend.o

.glue_7         0x00000000000025b0        0x0
 .glue_7        0x00000000000025b0        0x0 linker stubs

.glue_7t        0x00000000000025b0        0x0
 .glue_7t       0x00000000000025b0        0x0 linker stubs

.vfp11_veneer   0x00000000000025b0        0x0
 .vfp11_veneer  0x00000000000025b0        0x0 linker stubs

.v4_bx          0x00000000000025b0        0x0
 .v4_bx         0x00000000000025b0        0x0 linker stubs

.iplt           0x00000000000025b0        0x0
 .iplt          0x00000000000025b0        0x0 /usr/lib/gcc/arm-none-eabi/5.2.0/armv7e-m/crtbegin.o

.ARM.extab
 *(.ARM.extab* .gnu.linkonce.armextab.*)
                0x00000000000025b0                __exidx_start = .

.ARM.exidx      0x00000000000025b0        0x8
 *(.ARM.exidx* .gnu.linkonce.armexidx.*)
 .ARM.exidx     0x00000000000025b0        0x8 /usr/lib/gcc/arm-none-eabi/5.2.0/../../../../arm-none-eabi/lib/armv7e-m/crt0.o
                0x00000000000025b8                __exidx_end = .

.rel.dyn        0x00000000000025b8        0x0
 .rel.iplt      0x00000000000025b8        0x0 /usr/lib/gcc/arm-none-eabi/5.2.0/armv7e-m/crtbegin.o
                0x00000000000025b8                . = ALIGN (0x4)
                0x00000000000025b8                __etext = .

.data           0x000000001fff0198       0x70 load address 0x00000000000025b8
                0x000000001fff0198                . = ALIGN (0x4)
                0x000000001fff0198                __data_start__ = .
 *(vtable)
 *(.data*)
 .data.SystemCoreClock
                0x000000001fff0198        0x4 build/system_MK64F12.o
                0x000000001fff0198                SystemCoreClock
 .data.impure_data
                0x000000001fff019c       0x60 /usr/lib/gcc/arm-none-eabi/5.2.0/../../../../arm-none-eabi/lib/armv7e-m/libc_nano.a(lib_a-impure.o)
 .data._impure_ptr
                0x000000001fff01fc        0x4 /usr/lib/gcc/arm-none-eabi/5.2.0/../../../../arm-none-eabi/lib/armv7e-m/libc_nano.a(lib_a-impure.o)
                0x000000001fff01fc                _impure_ptr
                0x000000001fff0200                . = ALIGN (0x4)
                0x000000001fff0200                PROVIDE (__preinit_array_start, .)
 *(.preinit_array)
                0x000000001fff0200                PROVIDE (__preinit_array_end, .)
                0x000000001fff0200                . = ALIGN (0x4)
                0x000000001fff0200                PROVIDE (__init_array_start, .)
 *(SORT(.init_array.*))
 *(.init_array)
 .init_array    0x000000001fff0200        0x4 /usr/lib/gcc/arm-none-eabi/5.2.0/armv7e-m/crtbegin.o
                0x000000001fff0204                PROVIDE (__init_array_end, .)
                0x000000001fff0204                . = ALIGN (0x4)
                0x000000001fff0204                PROVIDE (__fini_array_start, .)
 *(SORT(.fini_array.*))
 *(.fini_array)
 .fini_array    0x000000001fff0204        0x4 /usr/lib/gcc/arm-none-eabi/5.2.0/armv7e-m/crtbegin.o
                0x000000001fff0208                PROVIDE (__fini_array_end, .)
                0x000000001fff0208                . = ALIGN (0x4)
                0x000000001fff0208                __data_end__ = .

.jcr            0x000000001fff0208        0x0 load address 0x0000000000002628
 .jcr           0x000000001fff0208        0x0 /usr/lib/gcc/arm-none-eabi/5.2.0/armv7e-m/crtbegin.o

.igot.plt       0x000000001fff0208        0x0 load address 0x0000000000002628
 .igot.plt      0x000000001fff0208        0x0 /usr/lib/gcc/arm-none-eabi/5.2.0/armv7e-m/crtbegin.o

.bss            0x000000001fff0208      0x18c load address 0x0000000000002628
                0x000000001fff0208                __bss_start__ = .
 *(.bss*)
 .bss.completed.8358
                0x000000001fff0208        0x1 /usr/lib/gcc/arm-none-eabi/5.2.0/armv7e-m/crtbegin.o
 *fill*         0x000000001fff0209        0x3 
 .bss.object.8363
                0x000000001fff020c       0x18 /usr/lib/gcc/arm-none-eabi/5.2.0/armv7e-m/crtbegin.o
 .bss.PWMTick   0x000000001fff0224        0x4 build/pwm.o
 .bss.chan2Freq
                0x000000001fff0228        0x4 build/pwm.o
 .bss.__malloc_sbrk_start
                0x000000001fff022c        0x4 /usr/lib/gcc/arm-none-eabi/5.2.0/../../../../arm-none-eabi/lib/armv7e-m/libc_nano.a(lib_a-nano-mallocr.o)
                0x000000001fff022c                __malloc_sbrk_start
 .bss.__malloc_free_list
                0x000000001fff0230        0x4 /usr/lib/gcc/arm-none-eabi/5.2.0/../../../../arm-none-eabi/lib/armv7e-m/libc_nano.a(lib_a-nano-mallocr.o)
                0x000000001fff0230                __malloc_free_list
 .bss._global_atexit0
                0x000000001fff0234       0x8c /usr/lib/gcc/arm-none-eabi/5.2.0/../../../../arm-none-eabi/lib/armv7e-m/libc_nano.a(lib_a-__atexit.o)
 .bss._global_atexit
                0x000000001fff02c0        0x4 /usr/lib/gcc/arm-none-eabi/5.2.0/../../../../arm-none-eabi/lib/armv7e-m/libc_nano.a(lib_a-__call_atexit.o)
                0x000000001fff02c0                _global_atexit
 .bss.heap_end.4167
                0x000000001fff02c4        0x4 /usr/lib/gcc/arm-none-eabi/5.2.0/../../../../arm-none-eabi/lib/armv7e-m/libnosys.a(sbrk.o)
 *(COMMON)
 COMMON         0x000000001fff02c8        0x8 build/PIT.o
                0x000000001fff02c8                PITData
 COMMON         0x000000001fff02d0       0xbc build/main.o
                0x000000001fff02d0                nernstVoltage
                0x000000001fff02d4                pumpCurrentPID
                0x000000001fff0308                nernstR
                0x000000001fff030c                pumpCurrentDesired
                0x000000001fff0310                heaterPID
                0x000000001fff0344                pumpCurrentDutyCycle
                0x000000001fff0348                pumpCurrentMeasured
                0x000000001fff034c                nernstVoltagePID
                0x000000001fff0380                ADC1Results
                0x000000001fff0388                heaterDutyCycle
 COMMON         0x000000001fff038c        0x4 build/adc.o
                0x000000001fff038c                ADC1ResultIndex
 COMMON         0x000000001fff0390        0x4 /usr/lib/gcc/arm-none-eabi/5.2.0/../../../../arm-none-eabi/lib/armv7e-m/libc_nano.a(lib_a-reent.o)
                0x000000001fff0390                errno
                0x000000001fff0394                __bss_end__ = .

.heap           0x000000001fff0398      0x100
                0x000000001fff0398                __end__ = .
                0x000000001fff0398                end = __end__
 *(.heap*)
 .heap          0x000000001fff0398      0x100 build/startup_MK64F12.o
                0x000000001fff0398                __HeapBase
                0x000000001fff0498                __HeapLimit = .

.stack_dummy    0x000000001fff0398      0x100
 *(.stack)
 .stack         0x000000001fff0398      0x100 build/startup_MK64F12.o
                0x0000000020030000                __StackTop = (ORIGIN (RAM) + 0x3fe68)
                0x000000002002ff00                __StackLimit = (__StackTop - SIZEOF (.stack_dummy))
                0x0000000020030000                PROVIDE (__stack, __StackTop)
                0x0000000000000001                ASSERT ((__StackLimit >= __HeapLimit), region RAM overflowed with stack)
OUTPUT(build/wideband.elf elf32-littlearm)

.ARM.attributes
                0x0000000000000000       0x2a
 .ARM.attributes
                0x0000000000000000       0x1e /usr/lib/gcc/arm-none-eabi/5.2.0/armv7e-m/crti.o
 .ARM.attributes
                0x000000000000001e       0x2e /usr/lib/gcc/arm-none-eabi/5.2.0/armv7e-m/crtbegin.o
 .ARM.attributes
                0x000000000000004c       0x1c /usr/lib/gcc/arm-none-eabi/5.2.0/../../../../arm-none-eabi/lib/armv7e-m/crt0.o
 .ARM.attributes
                0x0000000000000068       0x33 build/system_MK64F12.o
 .ARM.attributes
                0x000000000000009b       0x33 build/PID.o
 .ARM.attributes
                0x00000000000000ce       0x33 build/PIT.o
 .ARM.attributes
                0x0000000000000101       0x33 build/pwm.o
 .ARM.attributes
                0x0000000000000134       0x33 build/main.o
 .ARM.attributes
                0x0000000000000167       0x33 build/adc.o
 .ARM.attributes
                0x000000000000019a       0x1b build/startup_MK64F12.o
 .ARM.attributes
                0x00000000000001b5       0x1e /usr/lib/gcc/arm-none-eabi/5.2.0/armv7e-m/libgcc.a(_arm_addsubdf3.o)
 .ARM.attributes
                0x00000000000001d3       0x1e /usr/lib/gcc/arm-none-eabi/5.2.0/armv7e-m/libgcc.a(_arm_muldivdf3.o)
 .ARM.attributes
                0x00000000000001f1       0x1e /usr/lib/gcc/arm-none-eabi/5.2.0/armv7e-m/libgcc.a(_arm_truncdfsf2.o)
 .ARM.attributes
                0x000000000000020f       0x1e /usr/lib/gcc/arm-none-eabi/5.2.0/armv7e-m/libgcc.a(_arm_addsubsf3.o)
 .ARM.attributes
                0x000000000000022d       0x1e /usr/lib/gcc/arm-none-eabi/5.2.0/armv7e-m/libgcc.a(_arm_muldivsf3.o)
 .ARM.attributes
                0x000000000000024b       0x1e /usr/lib/gcc/arm-none-eabi/5.2.0/armv7e-m/libgcc.a(_arm_cmpsf2.o)
 .ARM.attributes
                0x0000000000000269       0x1e /usr/lib/gcc/arm-none-eabi/5.2.0/armv7e-m/libgcc.a(_arm_fixsfsi.o)
 .ARM.attributes
                0x0000000000000287       0x2e /usr/lib/gcc/arm-none-eabi/5.2.0/../../../../arm-none-eabi/lib/armv7e-m/libc_nano.a(lib_a-atexit.o)
 .ARM.attributes
                0x00000000000002b5       0x2e /usr/lib/gcc/arm-none-eabi/5.2.0/../../../../arm-none-eabi/lib/armv7e-m/libc_nano.a(lib_a-exit.o)
 .ARM.attributes
                0x00000000000002e3       0x2e /usr/lib/gcc/arm-none-eabi/5.2.0/../../../../arm-none-eabi/lib/armv7e-m/libc_nano.a(lib_a-fini.o)
 .ARM.attributes
                0x0000000000000311       0x2e /usr/lib/gcc/arm-none-eabi/5.2.0/../../../../arm-none-eabi/lib/armv7e-m/libc_nano.a(lib_a-impure.o)
 .ARM.attributes
                0x000000000000033f       0x2e /usr/lib/gcc/arm-none-eabi/5.2.0/../../../../arm-none-eabi/lib/armv7e-m/libc_nano.a(lib_a-init.o)
 .ARM.attributes
                0x000000000000036d       0x2e /usr/lib/gcc/arm-none-eabi/5.2.0/../../../../arm-none-eabi/lib/armv7e-m/libc_nano.a(lib_a-malloc.o)
 .ARM.attributes
                0x000000000000039b       0x2e /usr/lib/gcc/arm-none-eabi/5.2.0/../../../../arm-none-eabi/lib/armv7e-m/libc_nano.a(lib_a-memset.o)
 .ARM.attributes
                0x00000000000003c9       0x2e /usr/lib/gcc/arm-none-eabi/5.2.0/../../../../arm-none-eabi/lib/armv7e-m/libc_nano.a(lib_a-nano-freer.o)
 .ARM.attributes
                0x00000000000003f7       0x2e /usr/lib/gcc/arm-none-eabi/5.2.0/../../../../arm-none-eabi/lib/armv7e-m/libc_nano.a(lib_a-nano-mallocr.o)
 .ARM.attributes
                0x0000000000000425       0x2e /usr/lib/gcc/arm-none-eabi/5.2.0/../../../../arm-none-eabi/lib/armv7e-m/libc_nano.a(lib_a-sbrkr.o)
 .ARM.attributes
                0x0000000000000453       0x2e /usr/lib/gcc/arm-none-eabi/5.2.0/../../../../arm-none-eabi/lib/armv7e-m/libc_nano.a(lib_a-sprintf.o)
 .ARM.attributes
                0x0000000000000481       0x2e /usr/lib/gcc/arm-none-eabi/5.2.0/../../../../arm-none-eabi/lib/armv7e-m/libc_nano.a(lib_a-__atexit.o)
 .ARM.attributes
                0x00000000000004af       0x2e /usr/lib/gcc/arm-none-eabi/5.2.0/../../../../arm-none-eabi/lib/armv7e-m/libc_nano.a(lib_a-__call_atexit.o)
 .ARM.attributes
                0x00000000000004dd       0x2e /usr/lib/gcc/arm-none-eabi/5.2.0/../../../../arm-none-eabi/lib/armv7e-m/libc_nano.a(lib_a-nano-svfprintf.o)
 .ARM.attributes
                0x000000000000050b       0x2e /usr/lib/gcc/arm-none-eabi/5.2.0/../../../../arm-none-eabi/lib/armv7e-m/libc_nano.a(lib_a-nano-vfprintf_i.o)
 .ARM.attributes
                0x0000000000000539       0x2e /usr/lib/gcc/arm-none-eabi/5.2.0/../../../../arm-none-eabi/lib/armv7e-m/libc_nano.a(lib_a-reent.o)
 .ARM.attributes
                0x0000000000000567       0x2e /usr/lib/gcc/arm-none-eabi/5.2.0/../../../../arm-none-eabi/lib/armv7e-m/libc_nano.a(lib_a-memchr.o)
 .ARM.attributes
                0x0000000000000595       0x2e /usr/lib/gcc/arm-none-eabi/5.2.0/../../../../arm-none-eabi/lib/armv7e-m/libc_nano.a(lib_a-memcpy.o)
 .ARM.attributes
                0x00000000000005c3       0x2e /usr/lib/gcc/arm-none-eabi/5.2.0/../../../../arm-none-eabi/lib/armv7e-m/libc_nano.a(lib_a-memmove.o)
 .ARM.attributes
                0x00000000000005f1       0x2e /usr/lib/gcc/arm-none-eabi/5.2.0/../../../../arm-none-eabi/lib/armv7e-m/libc_nano.a(lib_a-nano-reallocr.o)
 .ARM.attributes
                0x000000000000061f       0x2e /usr/lib/gcc/arm-none-eabi/5.2.0/../../../../arm-none-eabi/lib/armv7e-m/libc_nano.a(lib_a-nano-msizer.o)
 .ARM.attributes
                0x000000000000064d       0x2e /usr/lib/gcc/arm-none-eabi/5.2.0/../../../../arm-none-eabi/lib/armv7e-m/libnosys.a(sbrk.o)
 .ARM.attributes
                0x000000000000067b       0x2e /usr/lib/gcc/arm-none-eabi/5.2.0/../../../../arm-none-eabi/lib/armv7e-m/libnosys.a(_exit.o)
 .ARM.attributes
                0x00000000000006a9       0x2e /usr/lib/gcc/arm-none-eabi/5.2.0/armv7e-m/crtend.o
 .ARM.attributes
                0x00000000000006d7       0x1e /usr/lib/gcc/arm-none-eabi/5.2.0/armv7e-m/crtn.o

.comment        0x0000000000000000       0x1d
 .comment       0x0000000000000000       0x1d build/system_MK64F12.o
                                         0x1e (size before relaxing)
 .comment       0x000000000000001d       0x1e build/PID.o
 .comment       0x000000000000001d       0x1e build/PIT.o
 .comment       0x000000000000001d       0x1e build/pwm.o
 .comment       0x000000000000001d       0x1e build/main.o
 .comment       0x000000000000001d       0x1e build/adc.o

.debug_info     0x0000000000000000     0x28a3
 .debug_info    0x0000000000000000      0x5ad build/system_MK64F12.o
 .debug_info    0x00000000000005ad      0x294 build/PID.o
 .debug_info    0x0000000000000841      0x85b build/PIT.o
 .debug_info    0x000000000000109c      0x5b0 build/pwm.o
 .debug_info    0x000000000000164c      0x750 build/main.o
 .debug_info    0x0000000000001d9c      0xaa1 build/adc.o
 .debug_info    0x000000000000283d       0x66 build/startup_MK64F12.o

.debug_abbrev   0x0000000000000000      0x8e7
 .debug_abbrev  0x0000000000000000      0x117 build/system_MK64F12.o
 .debug_abbrev  0x0000000000000117       0xf3 build/PID.o
 .debug_abbrev  0x000000000000020a      0x1f4 build/PIT.o
 .debug_abbrev  0x00000000000003fe      0x144 build/pwm.o
 .debug_abbrev  0x0000000000000542      0x1f2 build/main.o
 .debug_abbrev  0x0000000000000734      0x19f build/adc.o
 .debug_abbrev  0x00000000000008d3       0x14 build/startup_MK64F12.o

.debug_loc      0x0000000000000000      0x6ea
 .debug_loc     0x0000000000000000       0x7f build/system_MK64F12.o
 .debug_loc     0x000000000000007f      0x438 build/PID.o
 .debug_loc     0x00000000000004b7       0x60 build/PIT.o
 .debug_loc     0x0000000000000517      0x105 build/pwm.o
 .debug_loc     0x000000000000061c       0x8e build/main.o
 .debug_loc     0x00000000000006aa       0x40 build/adc.o

.debug_aranges  0x0000000000000000      0x158
 .debug_aranges
                0x0000000000000000       0x28 build/system_MK64F12.o
 .debug_aranges
                0x0000000000000028       0x30 build/PID.o
 .debug_aranges
                0x0000000000000058       0x48 build/PIT.o
 .debug_aranges
                0x00000000000000a0       0x30 build/pwm.o
 .debug_aranges
                0x00000000000000d0       0x30 build/main.o
 .debug_aranges
                0x0000000000000100       0x38 build/adc.o
 .debug_aranges
                0x0000000000000138       0x20 build/startup_MK64F12.o

.debug_ranges   0x0000000000000000       0xd8
 .debug_ranges  0x0000000000000000       0x18 build/system_MK64F12.o
 .debug_ranges  0x0000000000000018       0x20 build/PID.o
 .debug_ranges  0x0000000000000038       0x38 build/PIT.o
 .debug_ranges  0x0000000000000070       0x20 build/pwm.o
 .debug_ranges  0x0000000000000090       0x20 build/main.o
 .debug_ranges  0x00000000000000b0       0x28 build/adc.o

.debug_line     0x0000000000000000      0x7f7
 .debug_line    0x0000000000000000      0x14b build/system_MK64F12.o
 .debug_line    0x000000000000014b       0xb3 build/PID.o
 .debug_line    0x00000000000001fe      0x180 build/PIT.o
 .debug_line    0x000000000000037e      0x128 build/pwm.o
 .debug_line    0x00000000000004a6      0x17d build/main.o
 .debug_line    0x0000000000000623      0x15f build/adc.o
 .debug_line    0x0000000000000782       0x75 build/startup_MK64F12.o

.debug_str      0x0000000000000000      0xcf0
 .debug_str     0x0000000000000000      0x359 build/system_MK64F12.o
                                        0x3af (size before relaxing)
 .debug_str     0x0000000000000359       0xb0 build/PID.o
                                        0x19c (size before relaxing)
 .debug_str     0x0000000000000409      0x5ee build/PIT.o
                                        0x874 (size before relaxing)
 .debug_str     0x00000000000009f7       0xf4 build/pwm.o
                                        0x3c3 (size before relaxing)
 .debug_str     0x0000000000000aeb      0x136 build/main.o
                                        0x487 (size before relaxing)
 .debug_str     0x0000000000000c21       0xcf build/adc.o
                                        0x8df (size before relaxing)

.debug_frame    0x0000000000000000      0x6f0
 .debug_frame   0x0000000000000000       0x30 build/system_MK64F12.o
 .debug_frame   0x0000000000000030       0x6c build/PID.o
 .debug_frame   0x000000000000009c       0x80 build/PIT.o
 .debug_frame   0x000000000000011c       0x50 build/pwm.o
 .debug_frame   0x000000000000016c       0x70 build/main.o
 .debug_frame   0x00000000000001dc       0x58 build/adc.o
 .debug_frame   0x0000000000000234       0x20 /usr/lib/gcc/arm-none-eabi/5.2.0/../../../../arm-none-eabi/lib/armv7e-m/libc_nano.a(lib_a-atexit.o)
 .debug_frame   0x0000000000000254       0x28 /usr/lib/gcc/arm-none-eabi/5.2.0/../../../../arm-none-eabi/lib/armv7e-m/libc_nano.a(lib_a-exit.o)
 .debug_frame   0x000000000000027c       0x34 /usr/lib/gcc/arm-none-eabi/5.2.0/../../../../arm-none-eabi/lib/armv7e-m/libc_nano.a(lib_a-fini.o)
 .debug_frame   0x00000000000002b0       0x2c /usr/lib/gcc/arm-none-eabi/5.2.0/../../../../arm-none-eabi/lib/armv7e-m/libc_nano.a(lib_a-init.o)
 .debug_frame   0x00000000000002dc       0x30 /usr/lib/gcc/arm-none-eabi/5.2.0/../../../../arm-none-eabi/lib/armv7e-m/libc_nano.a(lib_a-malloc.o)
 .debug_frame   0x000000000000030c       0x20 /usr/lib/gcc/arm-none-eabi/5.2.0/../../../../arm-none-eabi/lib/armv7e-m/libc_nano.a(lib_a-memset.o)
 .debug_frame   0x000000000000032c       0x2c /usr/lib/gcc/arm-none-eabi/5.2.0/../../../../arm-none-eabi/lib/armv7e-m/libc_nano.a(lib_a-nano-freer.o)
 .debug_frame   0x0000000000000358       0x2c /usr/lib/gcc/arm-none-eabi/5.2.0/../../../../arm-none-eabi/lib/armv7e-m/libc_nano.a(lib_a-nano-mallocr.o)
 .debug_frame   0x0000000000000384       0x2c /usr/lib/gcc/arm-none-eabi/5.2.0/../../../../arm-none-eabi/lib/armv7e-m/libc_nano.a(lib_a-sbrkr.o)
 .debug_frame   0x00000000000003b0       0x70 /usr/lib/gcc/arm-none-eabi/5.2.0/../../../../arm-none-eabi/lib/armv7e-m/libc_nano.a(lib_a-sprintf.o)
 .debug_frame   0x0000000000000420       0x34 /usr/lib/gcc/arm-none-eabi/5.2.0/../../../../arm-none-eabi/lib/armv7e-m/libc_nano.a(lib_a-__atexit.o)
 .debug_frame   0x0000000000000454       0x3c /usr/lib/gcc/arm-none-eabi/5.2.0/../../../../arm-none-eabi/lib/armv7e-m/libc_nano.a(lib_a-__call_atexit.o)
 .debug_frame   0x0000000000000490       0x90 /usr/lib/gcc/arm-none-eabi/5.2.0/../../../../arm-none-eabi/lib/armv7e-m/libc_nano.a(lib_a-nano-svfprintf.o)
 .debug_frame   0x0000000000000520       0x60 /usr/lib/gcc/arm-none-eabi/5.2.0/../../../../arm-none-eabi/lib/armv7e-m/libc_nano.a(lib_a-nano-vfprintf_i.o)
 .debug_frame   0x0000000000000580       0x5c /usr/lib/gcc/arm-none-eabi/5.2.0/../../../../arm-none-eabi/lib/armv7e-m/libc_nano.a(lib_a-reent.o)
 .debug_frame   0x00000000000005dc       0x28 /usr/lib/gcc/arm-none-eabi/5.2.0/../../../../arm-none-eabi/lib/armv7e-m/libc_nano.a(lib_a-memchr.o)
 .debug_frame   0x0000000000000604       0x28 /usr/lib/gcc/arm-none-eabi/5.2.0/../../../../arm-none-eabi/lib/armv7e-m/libc_nano.a(lib_a-memcpy.o)
 .debug_frame   0x000000000000062c       0x28 /usr/lib/gcc/arm-none-eabi/5.2.0/../../../../arm-none-eabi/lib/armv7e-m/libc_nano.a(lib_a-memmove.o)
 .debug_frame   0x0000000000000654       0x3c /usr/lib/gcc/arm-none-eabi/5.2.0/../../../../arm-none-eabi/lib/armv7e-m/libc_nano.a(lib_a-nano-reallocr.o)
 .debug_frame   0x0000000000000690       0x20 /usr/lib/gcc/arm-none-eabi/5.2.0/../../../../arm-none-eabi/lib/armv7e-m/libc_nano.a(lib_a-nano-msizer.o)
 .debug_frame   0x00000000000006b0       0x20 /usr/lib/gcc/arm-none-eabi/5.2.0/../../../../arm-none-eabi/lib/armv7e-m/libnosys.a(sbrk.o)
 .debug_frame   0x00000000000006d0       0x20 /usr/lib/gcc/arm-none-eabi/5.2.0/../../../../arm-none-eabi/lib/armv7e-m/libnosys.a(_exit.o)
