Archive member included to satisfy reference by file (symbol)

/usr/lib/gcc/arm-none-eabi/5.2.0/armv7e-m/libgcc.a(_arm_addsubsf3.o)
                              build/PID.o (__aeabi_fsub)
/usr/lib/gcc/arm-none-eabi/5.2.0/armv7e-m/libgcc.a(_arm_muldivsf3.o)
                              build/PID.o (__aeabi_fmul)
/usr/lib/gcc/arm-none-eabi/5.2.0/armv7e-m/libgcc.a(_arm_cmpsf2.o)
                              build/PID.o (__aeabi_fcmplt)
/usr/lib/gcc/arm-none-eabi/5.2.0/armv7e-m/libgcc.a(_arm_fixsfsi.o)
                              build/PID.o (__aeabi_f2iz)
/usr/lib/gcc/arm-none-eabi/5.2.0/../../../../arm-none-eabi/lib/armv7e-m/libc_nano.a(lib_a-atexit.o)
                              /usr/lib/gcc/arm-none-eabi/5.2.0/../../../../arm-none-eabi/lib/armv7e-m/crt0.o (atexit)
/usr/lib/gcc/arm-none-eabi/5.2.0/../../../../arm-none-eabi/lib/armv7e-m/libc_nano.a(lib_a-exit.o)
                              /usr/lib/gcc/arm-none-eabi/5.2.0/../../../../arm-none-eabi/lib/armv7e-m/crt0.o (exit)
/usr/lib/gcc/arm-none-eabi/5.2.0/../../../../arm-none-eabi/lib/armv7e-m/libc_nano.a(lib_a-fini.o)
                              /usr/lib/gcc/arm-none-eabi/5.2.0/../../../../arm-none-eabi/lib/armv7e-m/crt0.o (__libc_fini_array)
/usr/lib/gcc/arm-none-eabi/5.2.0/../../../../arm-none-eabi/lib/armv7e-m/libc_nano.a(lib_a-impure.o)
                              /usr/lib/gcc/arm-none-eabi/5.2.0/../../../../arm-none-eabi/lib/armv7e-m/libc_nano.a(lib_a-exit.o) (_global_impure_ptr)
/usr/lib/gcc/arm-none-eabi/5.2.0/../../../../arm-none-eabi/lib/armv7e-m/libc_nano.a(lib_a-init.o)
                              /usr/lib/gcc/arm-none-eabi/5.2.0/../../../../arm-none-eabi/lib/armv7e-m/crt0.o (__libc_init_array)
/usr/lib/gcc/arm-none-eabi/5.2.0/../../../../arm-none-eabi/lib/armv7e-m/libc_nano.a(lib_a-malloc.o)
                              build/queue.o (free)
/usr/lib/gcc/arm-none-eabi/5.2.0/../../../../arm-none-eabi/lib/armv7e-m/libc_nano.a(lib_a-memset.o)
                              /usr/lib/gcc/arm-none-eabi/5.2.0/../../../../arm-none-eabi/lib/armv7e-m/crt0.o (memset)
/usr/lib/gcc/arm-none-eabi/5.2.0/../../../../arm-none-eabi/lib/armv7e-m/libc_nano.a(lib_a-nano-freer.o)
                              /usr/lib/gcc/arm-none-eabi/5.2.0/../../../../arm-none-eabi/lib/armv7e-m/libc_nano.a(lib_a-malloc.o) (_free_r)
/usr/lib/gcc/arm-none-eabi/5.2.0/../../../../arm-none-eabi/lib/armv7e-m/libc_nano.a(lib_a-nano-mallocr.o)
                              /usr/lib/gcc/arm-none-eabi/5.2.0/../../../../arm-none-eabi/lib/armv7e-m/libc_nano.a(lib_a-malloc.o) (_malloc_r)
/usr/lib/gcc/arm-none-eabi/5.2.0/../../../../arm-none-eabi/lib/armv7e-m/libc_nano.a(lib_a-sbrkr.o)
                              /usr/lib/gcc/arm-none-eabi/5.2.0/../../../../arm-none-eabi/lib/armv7e-m/libc_nano.a(lib_a-nano-mallocr.o) (_sbrk_r)
/usr/lib/gcc/arm-none-eabi/5.2.0/../../../../arm-none-eabi/lib/armv7e-m/libc_nano.a(lib_a-__atexit.o)
                              /usr/lib/gcc/arm-none-eabi/5.2.0/../../../../arm-none-eabi/lib/armv7e-m/libc_nano.a(lib_a-atexit.o) (__register_exitproc)
/usr/lib/gcc/arm-none-eabi/5.2.0/../../../../arm-none-eabi/lib/armv7e-m/libc_nano.a(lib_a-__call_atexit.o)
                              /usr/lib/gcc/arm-none-eabi/5.2.0/../../../../arm-none-eabi/lib/armv7e-m/libc_nano.a(lib_a-__atexit.o) (__call_exitprocs)
/usr/lib/gcc/arm-none-eabi/5.2.0/../../../../arm-none-eabi/lib/armv7e-m/libc_nano.a(lib_a-reent.o)
                              /usr/lib/gcc/arm-none-eabi/5.2.0/../../../../arm-none-eabi/lib/armv7e-m/libc_nano.a(lib_a-sbrkr.o) (errno)
/usr/lib/gcc/arm-none-eabi/5.2.0/../../../../arm-none-eabi/lib/armv7e-m/libnosys.a(sbrk.o)
                              /usr/lib/gcc/arm-none-eabi/5.2.0/../../../../arm-none-eabi/lib/armv7e-m/libc_nano.a(lib_a-sbrkr.o) (_sbrk)
/usr/lib/gcc/arm-none-eabi/5.2.0/../../../../arm-none-eabi/lib/armv7e-m/libnosys.a(_exit.o)
                              /usr/lib/gcc/arm-none-eabi/5.2.0/../../../../arm-none-eabi/lib/armv7e-m/libc_nano.a(lib_a-exit.o) (_exit)

Allocating common symbols
Common symbol       size              file

errno               0x4               /usr/lib/gcc/arm-none-eabi/5.2.0/../../../../arm-none-eabi/lib/armv7e-m/libc_nano.a(lib_a-reent.o)
pumpCurrentPID      0x34              build/main.o
uart0Data           0x4               build/uart.o
nernstR             0x4               build/main.o
pumpCurrentOut      0x4               build/main.o
ADC1ResultIndex     0x4               build/adc.o
heaterPID           0x34              build/main.o
PITData             0x8               build/PIT.o
pumpCurrentMeasured
                    0x4               build/main.o
ADC1Results         0x2               build/adc.o
sinIndex            0x4               build/cw.o
heaterDutyCycle     0x4               build/main.o

Discarded input sections

 .text          0x0000000000000000        0x0 /usr/lib/gcc/arm-none-eabi/5.2.0/armv7e-m/crti.o
 .data          0x0000000000000000        0x0 /usr/lib/gcc/arm-none-eabi/5.2.0/armv7e-m/crti.o
 .bss           0x0000000000000000        0x0 /usr/lib/gcc/arm-none-eabi/5.2.0/armv7e-m/crti.o
 .text          0x0000000000000000        0x0 /usr/lib/gcc/arm-none-eabi/5.2.0/armv7e-m/crtbegin.o
 .data          0x0000000000000000        0x0 /usr/lib/gcc/arm-none-eabi/5.2.0/armv7e-m/crtbegin.o
 .bss           0x0000000000000000        0x0 /usr/lib/gcc/arm-none-eabi/5.2.0/armv7e-m/crtbegin.o
 .data.__dso_handle
                0x0000000000000000        0x4 /usr/lib/gcc/arm-none-eabi/5.2.0/armv7e-m/crtbegin.o
 .data          0x0000000000000000        0x0 /usr/lib/gcc/arm-none-eabi/5.2.0/../../../../arm-none-eabi/lib/armv7e-m/crt0.o
 .bss           0x0000000000000000        0x0 /usr/lib/gcc/arm-none-eabi/5.2.0/../../../../arm-none-eabi/lib/armv7e-m/crt0.o
 .ARM.extab     0x0000000000000000        0x0 /usr/lib/gcc/arm-none-eabi/5.2.0/../../../../arm-none-eabi/lib/armv7e-m/crt0.o
 .text          0x0000000000000000        0x0 build/system_MK64F12.o
 .data          0x0000000000000000        0x0 build/system_MK64F12.o
 .bss           0x0000000000000000        0x0 build/system_MK64F12.o
 .text.SystemCoreClockUpdate
                0x0000000000000000      0x128 build/system_MK64F12.o
 .text          0x0000000000000000        0x0 build/queue.o
 .data          0x0000000000000000        0x0 build/queue.o
 .bss           0x0000000000000000        0x0 build/queue.o
 .text.enqueue  0x0000000000000000       0x30 build/queue.o
 .text.peek     0x0000000000000000       0x12 build/queue.o
 .text.dequeue  0x0000000000000000       0x2c build/queue.o
 .text.initQueue
                0x0000000000000000       0x1c build/queue.o
 .text.numEnqueued
                0x0000000000000000        0x4 build/queue.o
 .text.deInitQueue
                0x0000000000000000       0x14 build/queue.o
 .debug_info    0x0000000000000000      0x221 build/queue.o
 .debug_abbrev  0x0000000000000000      0x102 build/queue.o
 .debug_loc     0x0000000000000000      0x121 build/queue.o
 .debug_aranges
                0x0000000000000000       0x48 build/queue.o
 .debug_ranges  0x0000000000000000       0x38 build/queue.o
 .debug_line    0x0000000000000000       0xf4 build/queue.o
 .debug_str     0x0000000000000000      0x1e6 build/queue.o
 .comment       0x0000000000000000       0x1e build/queue.o
 .debug_frame   0x0000000000000000       0x78 build/queue.o
 .ARM.attributes
                0x0000000000000000       0x33 build/queue.o
 .text          0x0000000000000000        0x0 build/PID.o
 .data          0x0000000000000000        0x0 build/PID.o
 .bss           0x0000000000000000        0x0 build/PID.o
 .text.PIDUpdate
                0x0000000000000000       0xa4 build/PID.o
 .text          0x0000000000000000        0x0 build/cw.o
 .data          0x0000000000000000        0x0 build/cw.o
 .bss           0x0000000000000000        0x0 build/cw.o
 .text.cwPitIsr
                0x0000000000000000       0x28 build/cw.o
 .text.cwTone   0x0000000000000000       0x34 build/cw.o
 .text.cwSend   0x0000000000000000       0x90 build/cw.o
 .rodata.CwLetterData
                0x0000000000000000       0x1a build/cw.o
 .rodata.CwNumberData
                0x0000000000000000        0xa build/cw.o
 .debug_info    0x0000000000000000      0x32b build/cw.o
 .debug_abbrev  0x0000000000000000      0x16c build/cw.o
 .debug_loc     0x0000000000000000      0x165 build/cw.o
 .debug_aranges
                0x0000000000000000       0x30 build/cw.o
 .debug_ranges  0x0000000000000000       0x20 build/cw.o
 .debug_line    0x0000000000000000      0x135 build/cw.o
 .debug_str     0x0000000000000000      0x291 build/cw.o
 .comment       0x0000000000000000       0x1e build/cw.o
 .debug_frame   0x0000000000000000       0x6c build/cw.o
 .ARM.attributes
                0x0000000000000000       0x33 build/cw.o
 COMMON         0x0000000000000000        0x4 build/cw.o
 .text          0x0000000000000000        0x0 build/PIT.o
 .data          0x0000000000000000        0x0 build/PIT.o
 .bss           0x0000000000000000        0x0 build/PIT.o
 .text.startPIT1
                0x0000000000000000       0x50 build/PIT.o
 .text.stopPIT0
                0x0000000000000000       0x10 build/PIT.o
 .text.stopPIT1
                0x0000000000000000       0x10 build/PIT.o
 .text          0x0000000000000000        0x0 build/uart.o
 .data          0x0000000000000000        0x0 build/uart.o
 .bss           0x0000000000000000        0x0 build/uart.o
 .text.uartInit
                0x0000000000000000       0x4c build/uart.o
 .text.uartPutCharBlock
                0x0000000000000000       0x12 build/uart.o
 .text.uartPutString
                0x0000000000000000       0x18 build/uart.o
 .text.uartGetCharBlock
                0x0000000000000000       0x14 build/uart.o
 .debug_info    0x0000000000000000      0x6ab build/uart.o
 .debug_abbrev  0x0000000000000000      0x1e1 build/uart.o
 .debug_loc     0x0000000000000000       0xd8 build/uart.o
 .debug_aranges
                0x0000000000000000       0x38 build/uart.o
 .debug_ranges  0x0000000000000000       0x28 build/uart.o
 .debug_line    0x0000000000000000      0x12b build/uart.o
 .debug_str     0x0000000000000000      0x3cb build/uart.o
 .comment       0x0000000000000000       0x1e build/uart.o
 .debug_frame   0x0000000000000000       0x58 build/uart.o
 .ARM.attributes
                0x0000000000000000       0x33 build/uart.o
 COMMON         0x0000000000000000        0x4 build/uart.o
 .text          0x0000000000000000        0x0 build/sin.o
 .data          0x0000000000000000        0x0 build/sin.o
 .bss           0x0000000000000000        0x0 build/sin.o
 .data.sinData64
                0x0000000000000000       0x80 build/sin.o
 .debug_info    0x0000000000000000       0xa2 build/sin.o
 .debug_abbrev  0x0000000000000000       0x56 build/sin.o
 .debug_aranges
                0x0000000000000000       0x18 build/sin.o
 .debug_line    0x0000000000000000       0x89 build/sin.o
 .debug_str     0x0000000000000000      0x194 build/sin.o
 .comment       0x0000000000000000       0x1e build/sin.o
 .ARM.attributes
                0x0000000000000000       0x33 build/sin.o
 .text          0x0000000000000000        0x0 build/pwm.o
 .data          0x0000000000000000        0x0 build/pwm.o
 .bss           0x0000000000000000        0x0 build/pwm.o
 .text.SetDutyCycle2
                0x0000000000000000       0x2c build/pwm.o
 .text.InitPWM2
                0x0000000000000000       0x9c build/pwm.o
 .bss.chan2Mod  0x0000000000000000        0x4 build/pwm.o
 .text          0x0000000000000000        0x0 build/main.o
 .data          0x0000000000000000        0x0 build/main.o
 .bss           0x0000000000000000        0x0 build/main.o
 .text          0x0000000000000000        0x0 build/delay.o
 .data          0x0000000000000000        0x0 build/delay.o
 .bss           0x0000000000000000        0x0 build/delay.o
 .text.delay    0x0000000000000000       0x34 build/delay.o
 .debug_info    0x0000000000000000      0x2ee build/delay.o
 .debug_abbrev  0x0000000000000000       0xee build/delay.o
 .debug_aranges
                0x0000000000000000       0x20 build/delay.o
 .debug_ranges  0x0000000000000000       0x10 build/delay.o
 .debug_line    0x0000000000000000       0xd7 build/delay.o
 .debug_str     0x0000000000000000      0x295 build/delay.o
 .comment       0x0000000000000000       0x1e build/delay.o
 .debug_frame   0x0000000000000000       0x20 build/delay.o
 .ARM.attributes
                0x0000000000000000       0x33 build/delay.o
 .text          0x0000000000000000        0x0 build/dac.o
 .data          0x0000000000000000        0x0 build/dac.o
 .bss           0x0000000000000000        0x0 build/dac.o
 .text.dacInit  0x0000000000000000       0x38 build/dac.o
 .text.dacDeInit
                0x0000000000000000        0x2 build/dac.o
 .text.dacSet   0x0000000000000000       0x14 build/dac.o
 .debug_info    0x0000000000000000      0x42a build/dac.o
 .debug_abbrev  0x0000000000000000      0x106 build/dac.o
 .debug_loc     0x0000000000000000       0x21 build/dac.o
 .debug_aranges
                0x0000000000000000       0x30 build/dac.o
 .debug_ranges  0x0000000000000000       0x20 build/dac.o
 .debug_line    0x0000000000000000       0xef build/dac.o
 .debug_str     0x0000000000000000      0x2e2 build/dac.o
 .comment       0x0000000000000000       0x1e build/dac.o
 .debug_frame   0x0000000000000000       0x40 build/dac.o
 .ARM.attributes
                0x0000000000000000       0x33 build/dac.o
 .text          0x0000000000000000        0x0 build/i2c.o
 .data          0x0000000000000000        0x0 build/i2c.o
 .bss           0x0000000000000000        0x0 build/i2c.o
 .text.i2c_init
                0x0000000000000000       0x34 build/i2c.o
 .text.i2cFlashRead
                0x0000000000000000       0xe8 build/i2c.o
 .text.i2cFlashWrite
                0x0000000000000000      0x10c build/i2c.o
 .debug_info    0x0000000000000000      0xbbf build/i2c.o
 .debug_abbrev  0x0000000000000000      0x20a build/i2c.o
 .debug_loc     0x0000000000000000      0x3ed build/i2c.o
 .debug_aranges
                0x0000000000000000       0x30 build/i2c.o
 .debug_ranges  0x0000000000000000       0xb0 build/i2c.o
 .debug_line    0x0000000000000000      0x1d0 build/i2c.o
 .debug_str     0x0000000000000000      0x3a9 build/i2c.o
 .comment       0x0000000000000000       0x1e build/i2c.o
 .debug_frame   0x0000000000000000       0x64 build/i2c.o
 .ARM.attributes
                0x0000000000000000       0x33 build/i2c.o
 .text          0x0000000000000000        0x0 build/adc.o
 .data          0x0000000000000000        0x0 build/adc.o
 .bss           0x0000000000000000        0x0 build/adc.o
 .text.DAC0_INIT
                0x0000000000000000       0x28 build/adc.o
 .text.PDB_INIT
                0x0000000000000000       0x2c build/adc.o
 .text.ADC1_INIT
                0x0000000000000000       0x70 build/adc.o
 .text.notmain  0x0000000000000000       0x2c build/adc.o
 .rodata.ADC1SourceBytes
                0x0000000000000000        0x1 build/adc.o
 .data          0x0000000000000000        0x0 build/startup_MK64F12.o
 .bss           0x0000000000000000        0x0 build/startup_MK64F12.o
 .data          0x0000000000000000        0x0 /usr/lib/gcc/arm-none-eabi/5.2.0/armv7e-m/libgcc.a(_arm_addsubsf3.o)
 .bss           0x0000000000000000        0x0 /usr/lib/gcc/arm-none-eabi/5.2.0/armv7e-m/libgcc.a(_arm_addsubsf3.o)
 .data          0x0000000000000000        0x0 /usr/lib/gcc/arm-none-eabi/5.2.0/armv7e-m/libgcc.a(_arm_muldivsf3.o)
 .bss           0x0000000000000000        0x0 /usr/lib/gcc/arm-none-eabi/5.2.0/armv7e-m/libgcc.a(_arm_muldivsf3.o)
 .text          0x0000000000000000       0xec /usr/lib/gcc/arm-none-eabi/5.2.0/armv7e-m/libgcc.a(_arm_cmpsf2.o)
 .data          0x0000000000000000        0x0 /usr/lib/gcc/arm-none-eabi/5.2.0/armv7e-m/libgcc.a(_arm_cmpsf2.o)
 .bss           0x0000000000000000        0x0 /usr/lib/gcc/arm-none-eabi/5.2.0/armv7e-m/libgcc.a(_arm_cmpsf2.o)
 .ARM.attributes
                0x0000000000000000       0x1e /usr/lib/gcc/arm-none-eabi/5.2.0/armv7e-m/libgcc.a(_arm_cmpsf2.o)
 .data          0x0000000000000000        0x0 /usr/lib/gcc/arm-none-eabi/5.2.0/armv7e-m/libgcc.a(_arm_fixsfsi.o)
 .bss           0x0000000000000000        0x0 /usr/lib/gcc/arm-none-eabi/5.2.0/armv7e-m/libgcc.a(_arm_fixsfsi.o)
 .text          0x0000000000000000        0x0 /usr/lib/gcc/arm-none-eabi/5.2.0/../../../../arm-none-eabi/lib/armv7e-m/libc_nano.a(lib_a-atexit.o)
 .data          0x0000000000000000        0x0 /usr/lib/gcc/arm-none-eabi/5.2.0/../../../../arm-none-eabi/lib/armv7e-m/libc_nano.a(lib_a-atexit.o)
 .bss           0x0000000000000000        0x0 /usr/lib/gcc/arm-none-eabi/5.2.0/../../../../arm-none-eabi/lib/armv7e-m/libc_nano.a(lib_a-atexit.o)
 .text          0x0000000000000000        0x0 /usr/lib/gcc/arm-none-eabi/5.2.0/../../../../arm-none-eabi/lib/armv7e-m/libc_nano.a(lib_a-exit.o)
 .data          0x0000000000000000        0x0 /usr/lib/gcc/arm-none-eabi/5.2.0/../../../../arm-none-eabi/lib/armv7e-m/libc_nano.a(lib_a-exit.o)
 .bss           0x0000000000000000        0x0 /usr/lib/gcc/arm-none-eabi/5.2.0/../../../../arm-none-eabi/lib/armv7e-m/libc_nano.a(lib_a-exit.o)
 .text          0x0000000000000000        0x0 /usr/lib/gcc/arm-none-eabi/5.2.0/../../../../arm-none-eabi/lib/armv7e-m/libc_nano.a(lib_a-fini.o)
 .data          0x0000000000000000        0x0 /usr/lib/gcc/arm-none-eabi/5.2.0/../../../../arm-none-eabi/lib/armv7e-m/libc_nano.a(lib_a-fini.o)
 .bss           0x0000000000000000        0x0 /usr/lib/gcc/arm-none-eabi/5.2.0/../../../../arm-none-eabi/lib/armv7e-m/libc_nano.a(lib_a-fini.o)
 .text          0x0000000000000000        0x0 /usr/lib/gcc/arm-none-eabi/5.2.0/../../../../arm-none-eabi/lib/armv7e-m/libc_nano.a(lib_a-impure.o)
 .data          0x0000000000000000        0x0 /usr/lib/gcc/arm-none-eabi/5.2.0/../../../../arm-none-eabi/lib/armv7e-m/libc_nano.a(lib_a-impure.o)
 .bss           0x0000000000000000        0x0 /usr/lib/gcc/arm-none-eabi/5.2.0/../../../../arm-none-eabi/lib/armv7e-m/libc_nano.a(lib_a-impure.o)
 .text          0x0000000000000000        0x0 /usr/lib/gcc/arm-none-eabi/5.2.0/../../../../arm-none-eabi/lib/armv7e-m/libc_nano.a(lib_a-init.o)
 .data          0x0000000000000000        0x0 /usr/lib/gcc/arm-none-eabi/5.2.0/../../../../arm-none-eabi/lib/armv7e-m/libc_nano.a(lib_a-init.o)
 .bss           0x0000000000000000        0x0 /usr/lib/gcc/arm-none-eabi/5.2.0/../../../../arm-none-eabi/lib/armv7e-m/libc_nano.a(lib_a-init.o)
 .text          0x0000000000000000        0x0 /usr/lib/gcc/arm-none-eabi/5.2.0/../../../../arm-none-eabi/lib/armv7e-m/libc_nano.a(lib_a-malloc.o)
 .data          0x0000000000000000        0x0 /usr/lib/gcc/arm-none-eabi/5.2.0/../../../../arm-none-eabi/lib/armv7e-m/libc_nano.a(lib_a-malloc.o)
 .bss           0x0000000000000000        0x0 /usr/lib/gcc/arm-none-eabi/5.2.0/../../../../arm-none-eabi/lib/armv7e-m/libc_nano.a(lib_a-malloc.o)
 .text          0x0000000000000000        0x0 /usr/lib/gcc/arm-none-eabi/5.2.0/../../../../arm-none-eabi/lib/armv7e-m/libc_nano.a(lib_a-memset.o)
 .data          0x0000000000000000        0x0 /usr/lib/gcc/arm-none-eabi/5.2.0/../../../../arm-none-eabi/lib/armv7e-m/libc_nano.a(lib_a-memset.o)
 .bss           0x0000000000000000        0x0 /usr/lib/gcc/arm-none-eabi/5.2.0/../../../../arm-none-eabi/lib/armv7e-m/libc_nano.a(lib_a-memset.o)
 .text          0x0000000000000000        0x0 /usr/lib/gcc/arm-none-eabi/5.2.0/../../../../arm-none-eabi/lib/armv7e-m/libc_nano.a(lib_a-nano-freer.o)
 .data          0x0000000000000000        0x0 /usr/lib/gcc/arm-none-eabi/5.2.0/../../../../arm-none-eabi/lib/armv7e-m/libc_nano.a(lib_a-nano-freer.o)
 .bss           0x0000000000000000        0x0 /usr/lib/gcc/arm-none-eabi/5.2.0/../../../../arm-none-eabi/lib/armv7e-m/libc_nano.a(lib_a-nano-freer.o)
 .text          0x0000000000000000        0x0 /usr/lib/gcc/arm-none-eabi/5.2.0/../../../../arm-none-eabi/lib/armv7e-m/libc_nano.a(lib_a-nano-mallocr.o)
 .data          0x0000000000000000        0x0 /usr/lib/gcc/arm-none-eabi/5.2.0/../../../../arm-none-eabi/lib/armv7e-m/libc_nano.a(lib_a-nano-mallocr.o)
 .bss           0x0000000000000000        0x0 /usr/lib/gcc/arm-none-eabi/5.2.0/../../../../arm-none-eabi/lib/armv7e-m/libc_nano.a(lib_a-nano-mallocr.o)
 .text          0x0000000000000000        0x0 /usr/lib/gcc/arm-none-eabi/5.2.0/../../../../arm-none-eabi/lib/armv7e-m/libc_nano.a(lib_a-sbrkr.o)
 .data          0x0000000000000000        0x0 /usr/lib/gcc/arm-none-eabi/5.2.0/../../../../arm-none-eabi/lib/armv7e-m/libc_nano.a(lib_a-sbrkr.o)
 .bss           0x0000000000000000        0x0 /usr/lib/gcc/arm-none-eabi/5.2.0/../../../../arm-none-eabi/lib/armv7e-m/libc_nano.a(lib_a-sbrkr.o)
 .text          0x0000000000000000        0x0 /usr/lib/gcc/arm-none-eabi/5.2.0/../../../../arm-none-eabi/lib/armv7e-m/libc_nano.a(lib_a-__atexit.o)
 .data          0x0000000000000000        0x0 /usr/lib/gcc/arm-none-eabi/5.2.0/../../../../arm-none-eabi/lib/armv7e-m/libc_nano.a(lib_a-__atexit.o)
 .bss           0x0000000000000000        0x0 /usr/lib/gcc/arm-none-eabi/5.2.0/../../../../arm-none-eabi/lib/armv7e-m/libc_nano.a(lib_a-__atexit.o)
 .data.__atexit_dummy
                0x0000000000000000        0x4 /usr/lib/gcc/arm-none-eabi/5.2.0/../../../../arm-none-eabi/lib/armv7e-m/libc_nano.a(lib_a-__atexit.o)
 .text          0x0000000000000000        0x0 /usr/lib/gcc/arm-none-eabi/5.2.0/../../../../arm-none-eabi/lib/armv7e-m/libc_nano.a(lib_a-__call_atexit.o)
 .data          0x0000000000000000        0x0 /usr/lib/gcc/arm-none-eabi/5.2.0/../../../../arm-none-eabi/lib/armv7e-m/libc_nano.a(lib_a-__call_atexit.o)
 .bss           0x0000000000000000        0x0 /usr/lib/gcc/arm-none-eabi/5.2.0/../../../../arm-none-eabi/lib/armv7e-m/libc_nano.a(lib_a-__call_atexit.o)
 .text          0x0000000000000000        0x0 /usr/lib/gcc/arm-none-eabi/5.2.0/../../../../arm-none-eabi/lib/armv7e-m/libc_nano.a(lib_a-reent.o)
 .data          0x0000000000000000        0x0 /usr/lib/gcc/arm-none-eabi/5.2.0/../../../../arm-none-eabi/lib/armv7e-m/libc_nano.a(lib_a-reent.o)
 .bss           0x0000000000000000        0x0 /usr/lib/gcc/arm-none-eabi/5.2.0/../../../../arm-none-eabi/lib/armv7e-m/libc_nano.a(lib_a-reent.o)
 .text.cleanup_glue
                0x0000000000000000       0x1a /usr/lib/gcc/arm-none-eabi/5.2.0/../../../../arm-none-eabi/lib/armv7e-m/libc_nano.a(lib_a-reent.o)
 .text._reclaim_reent
                0x0000000000000000       0xb4 /usr/lib/gcc/arm-none-eabi/5.2.0/../../../../arm-none-eabi/lib/armv7e-m/libc_nano.a(lib_a-reent.o)
 .text          0x0000000000000000        0x0 /usr/lib/gcc/arm-none-eabi/5.2.0/../../../../arm-none-eabi/lib/armv7e-m/libnosys.a(sbrk.o)
 .data          0x0000000000000000        0x0 /usr/lib/gcc/arm-none-eabi/5.2.0/../../../../arm-none-eabi/lib/armv7e-m/libnosys.a(sbrk.o)
 .bss           0x0000000000000000        0x0 /usr/lib/gcc/arm-none-eabi/5.2.0/../../../../arm-none-eabi/lib/armv7e-m/libnosys.a(sbrk.o)
 .text          0x0000000000000000        0x0 /usr/lib/gcc/arm-none-eabi/5.2.0/../../../../arm-none-eabi/lib/armv7e-m/libnosys.a(_exit.o)
 .data          0x0000000000000000        0x0 /usr/lib/gcc/arm-none-eabi/5.2.0/../../../../arm-none-eabi/lib/armv7e-m/libnosys.a(_exit.o)
 .bss           0x0000000000000000        0x0 /usr/lib/gcc/arm-none-eabi/5.2.0/../../../../arm-none-eabi/lib/armv7e-m/libnosys.a(_exit.o)
 .text          0x0000000000000000        0x0 /usr/lib/gcc/arm-none-eabi/5.2.0/armv7e-m/crtend.o
 .data          0x0000000000000000        0x0 /usr/lib/gcc/arm-none-eabi/5.2.0/armv7e-m/crtend.o
 .bss           0x0000000000000000        0x0 /usr/lib/gcc/arm-none-eabi/5.2.0/armv7e-m/crtend.o
 .jcr           0x0000000000000000        0x4 /usr/lib/gcc/arm-none-eabi/5.2.0/armv7e-m/crtend.o
 .text          0x0000000000000000        0x0 /usr/lib/gcc/arm-none-eabi/5.2.0/armv7e-m/crtn.o
 .data          0x0000000000000000        0x0 /usr/lib/gcc/arm-none-eabi/5.2.0/armv7e-m/crtn.o
 .bss           0x0000000000000000        0x0 /usr/lib/gcc/arm-none-eabi/5.2.0/armv7e-m/crtn.o

Memory Configuration

Name             Origin             Length             Attributes
VECTORS          0x0000000000000000 0x0000000000000400 xr
FLASH_PROTECTION 0x0000000000000400 0x0000000000000010 xr
FLASH            0x0000000000000410 0x00000000000ffbf0 xr
RAM              0x000000001fff0198 0x000000000003fe68 xrw
*default*        0x0000000000000000 0xffffffffffffffff

Linker script and memory map

LOAD /usr/lib/gcc/arm-none-eabi/5.2.0/armv7e-m/crti.o
LOAD /usr/lib/gcc/arm-none-eabi/5.2.0/armv7e-m/crtbegin.o
LOAD /usr/lib/gcc/arm-none-eabi/5.2.0/../../../../arm-none-eabi/lib/armv7e-m/crt0.o
LOAD build/system_MK64F12.o
LOAD build/queue.o
LOAD build/PID.o
LOAD build/cw.o
LOAD build/PIT.o
LOAD build/uart.o
LOAD build/sin.o
LOAD build/pwm.o
LOAD build/main.o
LOAD build/delay.o
LOAD build/dac.o
LOAD build/i2c.o
LOAD build/adc.o
LOAD build/startup_MK64F12.o
LOAD /usr/lib/gcc/arm-none-eabi/5.2.0/../../../../arm-none-eabi/lib/armv7e-m/libm.a
LOAD /usr/lib/gcc/arm-none-eabi/5.2.0/armv7e-m/libgcc.a
LOAD /usr/lib/gcc/arm-none-eabi/5.2.0/../../../../arm-none-eabi/lib/armv7e-m/libc_nano.a
LOAD /usr/lib/gcc/arm-none-eabi/5.2.0/../../../../arm-none-eabi/lib/armv7e-m/libnosys.a
START GROUP
LOAD /usr/lib/gcc/arm-none-eabi/5.2.0/armv7e-m/libgcc.a
LOAD /usr/lib/gcc/arm-none-eabi/5.2.0/../../../../arm-none-eabi/lib/armv7e-m/libc_nano.a
END GROUP
START GROUP
LOAD /usr/lib/gcc/arm-none-eabi/5.2.0/armv7e-m/libgcc.a
LOAD /usr/lib/gcc/arm-none-eabi/5.2.0/../../../../arm-none-eabi/lib/armv7e-m/libc_nano.a
END GROUP
LOAD /usr/lib/gcc/arm-none-eabi/5.2.0/armv7e-m/crtend.o
LOAD /usr/lib/gcc/arm-none-eabi/5.2.0/armv7e-m/crtn.o

.isr_vector     0x0000000000000000      0x198
                0x0000000000000000                __vector_table = .
 *(.vector_table)
 .vector_table  0x0000000000000000      0x198 build/startup_MK64F12.o
                0x0000000000000000                __isr_vector
 *(.text.Reset_Handler)
 *(.text.System_Init)
                0x0000000000000198                . = ALIGN (0x4)

.flash_protect  0x0000000000000400       0x10
 *(.kinetis_flash_config_field)
 .kinetis_flash_config_field
                0x0000000000000400       0x10 build/startup_MK64F12.o
                0x0000000000000410                . = ALIGN (0x4)

.text           0x0000000000000410      0xd08
 *(.text*)
 .text.__do_global_dtors_aux
                0x0000000000000410       0x28 /usr/lib/gcc/arm-none-eabi/5.2.0/armv7e-m/crtbegin.o
 .text.frame_dummy
                0x0000000000000438       0x34 /usr/lib/gcc/arm-none-eabi/5.2.0/armv7e-m/crtbegin.o
 .text          0x000000000000046c       0x68 /usr/lib/gcc/arm-none-eabi/5.2.0/../../../../arm-none-eabi/lib/armv7e-m/crt0.o
                0x000000000000046c                _mainCRTStartup
                0x000000000000046c                _start
 .text.SystemInit
                0x00000000000004d4       0xe8 build/system_MK64F12.o
                0x00000000000004d4                SystemInit
 .text.PIDInitialize
                0x00000000000005bc       0x6a build/PID.o
                0x00000000000005bc                PIDInitialize
 *fill*         0x0000000000000626        0x2 
 .text.startPIT0
                0x0000000000000628       0x50 build/PIT.o
                0x0000000000000628                startPIT0
 .text.PIT1_IRQHandler
                0x0000000000000678       0x20 build/PIT.o
                0x0000000000000678                PIT1_IRQHandler
 .text.PIT0_IRQHandler
                0x0000000000000698        0x4 build/PIT.o
                0x0000000000000698                PIT0_IRQHandler
 .text.FTM0_IRQHandler
                0x000000000000069c       0x24 build/pwm.o
                0x000000000000069c                FTM0_IRQHandler
 .text.updatePIDs
                0x00000000000006c0        0x2 build/main.o
                0x00000000000006c0                updatePIDs
 *fill*         0x00000000000006c2        0x2 
 .text.startup.main
                0x00000000000006c4       0xc8 build/main.o
                0x00000000000006c4                main
 .text.ADC1_IRQHandler
                0x000000000000078c       0x30 build/adc.o
                0x000000000000078c                ADC1_IRQHandler
 .text          0x00000000000007bc       0x58 build/startup_MK64F12.o
                0x00000000000007bc                Reset_Handler
                0x00000000000007ec                NMI_Handler
                0x00000000000007f0                HardFault_Handler
                0x00000000000007f4                MemManage_Handler
                0x00000000000007f8                BusFault_Handler
                0x00000000000007fc                UsageFault_Handler
                0x0000000000000800                SVC_Handler
                0x0000000000000804                DebugMon_Handler
                0x0000000000000808                PendSV_Handler
                0x000000000000080c                SysTick_Handler
                0x0000000000000810                CAN0_Rx_Warning_IRQHandler
                0x0000000000000810                I2C0_IRQHandler
                0x0000000000000810                UART3_RX_TX_IRQHandler
                0x0000000000000810                UART0_RX_TX_IRQHandler
                0x0000000000000810                I2C1_IRQHandler
                0x0000000000000810                DMA2_IRQHandler
                0x0000000000000810                ENET_Error_IRQHandler
                0x0000000000000810                CAN0_Tx_Warning_IRQHandler
                0x0000000000000810                CAN0_ORed_Message_buffer_IRQHandler
                0x0000000000000810                Watchdog_IRQHandler
                0x0000000000000810                CMP2_IRQHandler
                0x0000000000000810                ENET_Receive_IRQHandler
                0x0000000000000810                ENET_1588_Timer_IRQHandler
                0x0000000000000810                UART2_RX_TX_IRQHandler
                0x0000000000000810                SWI_IRQHandler
                0x0000000000000810                ADC0_IRQHandler
                0x0000000000000810                I2S0_Tx_IRQHandler
                0x0000000000000810                CMT_IRQHandler
                0x0000000000000810                UART4_RX_TX_IRQHandler
                0x0000000000000810                SPI1_IRQHandler
                0x0000000000000810                DefaultISR
                0x0000000000000810                DMA9_IRQHandler
                0x0000000000000810                DMA14_IRQHandler
                0x0000000000000810                CMP1_IRQHandler
                0x0000000000000810                Reserved71_IRQHandler
                0x0000000000000810                PORTD_IRQHandler
                0x0000000000000810                PORTB_IRQHandler
                0x0000000000000810                UART4_ERR_IRQHandler
                0x0000000000000810                I2C2_IRQHandler
                0x0000000000000810                PIT2_IRQHandler
                0x0000000000000810                I2S0_Rx_IRQHandler
                0x0000000000000810                LPTimer_IRQHandler
                0x0000000000000810                DMA5_IRQHandler
                0x0000000000000810                RTC_IRQHandler
                0x0000000000000810                PDB0_IRQHandler
                0x0000000000000810                FTM1_IRQHandler
                0x0000000000000810                UART5_RX_TX_IRQHandler
                0x0000000000000810                UART3_ERR_IRQHandler
                0x0000000000000810                PIT3_IRQHandler
                0x0000000000000810                SDHC_IRQHandler
                0x0000000000000810                RTC_Seconds_IRQHandler
                0x0000000000000810                MCG_IRQHandler
                0x0000000000000810                FTFE_IRQHandler
                0x0000000000000810                UART2_ERR_IRQHandler
                0x0000000000000810                DMA11_IRQHandler
                0x0000000000000810                UART5_ERR_IRQHandler
                0x0000000000000810                Read_Collision_IRQHandler
                0x0000000000000810                Default_Handler
                0x0000000000000810                DMA7_IRQHandler
                0x0000000000000810                ENET_Transmit_IRQHandler
                0x0000000000000810                USBDCD_IRQHandler
                0x0000000000000810                USB0_IRQHandler
                0x0000000000000810                LLW_IRQHandler
                0x0000000000000810                SPI2_IRQHandler
                0x0000000000000810                DMA13_IRQHandler
                0x0000000000000810                DMA3_IRQHandler
                0x0000000000000810                UART0_LON_IRQHandler
                0x0000000000000810                RNG_IRQHandler
                0x0000000000000810                DMA0_IRQHandler
                0x0000000000000810                DMA15_IRQHandler
                0x0000000000000810                DAC0_IRQHandler
                0x0000000000000810                CAN0_Error_IRQHandler
                0x0000000000000810                DMA4_IRQHandler
                0x0000000000000810                UART0_ERR_IRQHandler
                0x0000000000000810                DMA_Error_IRQHandler
                0x0000000000000810                LVD_LVW_IRQHandler
                0x0000000000000810                SPI0_IRQHandler
                0x0000000000000810                PORTA_IRQHandler
                0x0000000000000810                DAC1_IRQHandler
                0x0000000000000810                MCM_IRQHandler
                0x0000000000000810                DMA12_IRQHandler
                0x0000000000000810                CAN0_Bus_Off_IRQHandler
                0x0000000000000810                FTM3_IRQHandler
                0x0000000000000810                PORTE_IRQHandler
                0x0000000000000810                FTM2_IRQHandler
                0x0000000000000810                DMA8_IRQHandler
                0x0000000000000810                DMA10_IRQHandler
                0x0000000000000810                CAN0_Wake_Up_IRQHandler
                0x0000000000000810                UART1_ERR_IRQHandler
                0x0000000000000810                UART1_RX_TX_IRQHandler
                0x0000000000000810                CMP0_IRQHandler
                0x0000000000000810                PORTC_IRQHandler
                0x0000000000000810                DMA6_IRQHandler
                0x0000000000000810                DMA1_IRQHandler
 .text          0x0000000000000814      0x21c /usr/lib/gcc/arm-none-eabi/5.2.0/armv7e-m/libgcc.a(_arm_addsubsf3.o)
                0x0000000000000814                __aeabi_frsub
                0x000000000000081c                __subsf3
                0x000000000000081c                __aeabi_fsub
                0x0000000000000820                __aeabi_fadd
                0x0000000000000820                __addsf3
                0x0000000000000980                __aeabi_ui2f
                0x0000000000000980                __floatunsisf
                0x0000000000000988                __aeabi_i2f
                0x0000000000000988                __floatsisf
                0x00000000000009a4                __floatundisf
                0x00000000000009a4                __aeabi_ul2f
                0x00000000000009b4                __floatdisf
                0x00000000000009b4                __aeabi_l2f
 .text          0x0000000000000a30      0x2a0 /usr/lib/gcc/arm-none-eabi/5.2.0/armv7e-m/libgcc.a(_arm_muldivsf3.o)
                0x0000000000000a30                __mulsf3
                0x0000000000000a30                __aeabi_fmul
                0x0000000000000b98                __divsf3
                0x0000000000000b98                __aeabi_fdiv
 .text          0x0000000000000cd0       0x4c /usr/lib/gcc/arm-none-eabi/5.2.0/armv7e-m/libgcc.a(_arm_fixsfsi.o)
                0x0000000000000cd0                __fixsfsi
                0x0000000000000cd0                __aeabi_f2iz
 .text.atexit   0x0000000000000d1c        0xc /usr/lib/gcc/arm-none-eabi/5.2.0/../../../../arm-none-eabi/lib/armv7e-m/libc_nano.a(lib_a-atexit.o)
                0x0000000000000d1c                atexit
 .text.exit     0x0000000000000d28       0x28 /usr/lib/gcc/arm-none-eabi/5.2.0/../../../../arm-none-eabi/lib/armv7e-m/libc_nano.a(lib_a-exit.o)
                0x0000000000000d28                exit
 .text.__libc_fini_array
                0x0000000000000d50       0x28 /usr/lib/gcc/arm-none-eabi/5.2.0/../../../../arm-none-eabi/lib/armv7e-m/libc_nano.a(lib_a-fini.o)
                0x0000000000000d50                __libc_fini_array
 .text.__libc_init_array
                0x0000000000000d78       0x4c /usr/lib/gcc/arm-none-eabi/5.2.0/../../../../arm-none-eabi/lib/armv7e-m/libc_nano.a(lib_a-init.o)
                0x0000000000000d78                __libc_init_array
 .text.malloc   0x0000000000000dc4       0x10 /usr/lib/gcc/arm-none-eabi/5.2.0/../../../../arm-none-eabi/lib/armv7e-m/libc_nano.a(lib_a-malloc.o)
                0x0000000000000dc4                malloc
 .text.free     0x0000000000000dd4       0x10 /usr/lib/gcc/arm-none-eabi/5.2.0/../../../../arm-none-eabi/lib/armv7e-m/libc_nano.a(lib_a-malloc.o)
                0x0000000000000dd4                free
 .text.memset   0x0000000000000de4       0x10 /usr/lib/gcc/arm-none-eabi/5.2.0/../../../../arm-none-eabi/lib/armv7e-m/libc_nano.a(lib_a-memset.o)
                0x0000000000000de4                memset
 .text._free_r  0x0000000000000df4       0x8c /usr/lib/gcc/arm-none-eabi/5.2.0/../../../../arm-none-eabi/lib/armv7e-m/libc_nano.a(lib_a-nano-freer.o)
                0x0000000000000df4                _free_r
 .text._malloc_r
                0x0000000000000e80       0xa8 /usr/lib/gcc/arm-none-eabi/5.2.0/../../../../arm-none-eabi/lib/armv7e-m/libc_nano.a(lib_a-nano-mallocr.o)
                0x0000000000000e80                _malloc_r
 .text._sbrk_r  0x0000000000000f28       0x20 /usr/lib/gcc/arm-none-eabi/5.2.0/../../../../arm-none-eabi/lib/armv7e-m/libc_nano.a(lib_a-sbrkr.o)
                0x0000000000000f28                _sbrk_r
 .text.__register_exitproc
                0x0000000000000f48       0xb8 /usr/lib/gcc/arm-none-eabi/5.2.0/../../../../arm-none-eabi/lib/armv7e-m/libc_nano.a(lib_a-__atexit.o)
                0x0000000000000f48                __register_exitproc
 .text.__call_exitprocs
                0x0000000000001000       0xd4 /usr/lib/gcc/arm-none-eabi/5.2.0/../../../../arm-none-eabi/lib/armv7e-m/libc_nano.a(lib_a-__call_atexit.o)
                0x0000000000001000                __call_exitprocs
 .text._sbrk    0x00000000000010d4       0x1c /usr/lib/gcc/arm-none-eabi/5.2.0/../../../../arm-none-eabi/lib/armv7e-m/libnosys.a(sbrk.o)
                0x00000000000010d4                _sbrk
 .text._exit    0x00000000000010f0        0x4 /usr/lib/gcc/arm-none-eabi/5.2.0/../../../../arm-none-eabi/lib/armv7e-m/libnosys.a(_exit.o)
                0x00000000000010f0                _exit
 *(.init)
 .init          0x00000000000010f4        0x4 /usr/lib/gcc/arm-none-eabi/5.2.0/armv7e-m/crti.o
                0x00000000000010f4                _init
 .init          0x00000000000010f8        0x8 /usr/lib/gcc/arm-none-eabi/5.2.0/armv7e-m/crtn.o
 *(.fini)
 .fini          0x0000000000001100        0x4 /usr/lib/gcc/arm-none-eabi/5.2.0/armv7e-m/crti.o
                0x0000000000001100                _fini
 .fini          0x0000000000001104        0x8 /usr/lib/gcc/arm-none-eabi/5.2.0/armv7e-m/crtn.o
 *crtbegin.o(.ctors)
 *crtbegin?.o(.ctors)
 *(EXCLUDE_FILE(*crtend.o *crtend?.o) .ctors)
 *(SORT(.ctors.*))
 *(.ctors)
 *crtbegin.o(.dtors)
 *crtbegin?.o(.dtors)
 *(EXCLUDE_FILE(*crtend.o *crtend?.o) .dtors)
 *(SORT(.dtors.*))
 *(.dtors)
 *(.rodata*)
 .rodata.str1.1
                0x000000000000110c        0x2 /usr/lib/gcc/arm-none-eabi/5.2.0/../../../../arm-none-eabi/lib/armv7e-m/libc_nano.a(lib_a-impure.o)
 *fill*         0x000000000000110e        0x2 
 .rodata._global_impure_ptr
                0x0000000000001110        0x4 /usr/lib/gcc/arm-none-eabi/5.2.0/../../../../arm-none-eabi/lib/armv7e-m/libc_nano.a(lib_a-impure.o)
                0x0000000000001110                _global_impure_ptr
 *(.eh_frame*)
 .eh_frame      0x0000000000001114        0x0 /usr/lib/gcc/arm-none-eabi/5.2.0/armv7e-m/crtbegin.o
 .eh_frame      0x0000000000001114        0x4 /usr/lib/gcc/arm-none-eabi/5.2.0/armv7e-m/crtend.o

.glue_7         0x0000000000001118        0x0
 .glue_7        0x0000000000001118        0x0 linker stubs

.glue_7t        0x0000000000001118        0x0
 .glue_7t       0x0000000000001118        0x0 linker stubs

.vfp11_veneer   0x0000000000001118        0x0
 .vfp11_veneer  0x0000000000001118        0x0 linker stubs

.v4_bx          0x0000000000001118        0x0
 .v4_bx         0x0000000000001118        0x0 linker stubs

.iplt           0x0000000000001118        0x0
 .iplt          0x0000000000001118        0x0 /usr/lib/gcc/arm-none-eabi/5.2.0/armv7e-m/crtbegin.o

.ARM.extab
 *(.ARM.extab* .gnu.linkonce.armextab.*)
                0x0000000000001118                __exidx_start = .

.ARM.exidx      0x0000000000001118        0x8
 *(.ARM.exidx* .gnu.linkonce.armexidx.*)
 .ARM.exidx     0x0000000000001118        0x8 /usr/lib/gcc/arm-none-eabi/5.2.0/../../../../arm-none-eabi/lib/armv7e-m/crt0.o
                0x0000000000001120                __exidx_end = .

.rel.dyn        0x0000000000001120        0x0
 .rel.iplt      0x0000000000001120        0x0 /usr/lib/gcc/arm-none-eabi/5.2.0/armv7e-m/crtbegin.o
                0x0000000000001120                . = ALIGN (0x4)
                0x0000000000001120                __etext = .

.data           0x000000001fff0198       0x70 load address 0x0000000000001120
                0x000000001fff0198                . = ALIGN (0x4)
                0x000000001fff0198                __data_start__ = .
 *(vtable)
 *(.data*)
 .data.SystemCoreClock
                0x000000001fff0198        0x4 build/system_MK64F12.o
                0x000000001fff0198                SystemCoreClock
 .data.impure_data
                0x000000001fff019c       0x60 /usr/lib/gcc/arm-none-eabi/5.2.0/../../../../arm-none-eabi/lib/armv7e-m/libc_nano.a(lib_a-impure.o)
 .data._impure_ptr
                0x000000001fff01fc        0x4 /usr/lib/gcc/arm-none-eabi/5.2.0/../../../../arm-none-eabi/lib/armv7e-m/libc_nano.a(lib_a-impure.o)
                0x000000001fff01fc                _impure_ptr
                0x000000001fff0200                . = ALIGN (0x4)
                0x000000001fff0200                PROVIDE (__preinit_array_start, .)
 *(.preinit_array)
                0x000000001fff0200                PROVIDE (__preinit_array_end, .)
                0x000000001fff0200                . = ALIGN (0x4)
                0x000000001fff0200                PROVIDE (__init_array_start, .)
 *(SORT(.init_array.*))
 *(.init_array)
 .init_array    0x000000001fff0200        0x4 /usr/lib/gcc/arm-none-eabi/5.2.0/armv7e-m/crtbegin.o
                0x000000001fff0204                PROVIDE (__init_array_end, .)
                0x000000001fff0204                . = ALIGN (0x4)
                0x000000001fff0204                PROVIDE (__fini_array_start, .)
 *(SORT(.fini_array.*))
 *(.fini_array)
 .fini_array    0x000000001fff0204        0x4 /usr/lib/gcc/arm-none-eabi/5.2.0/armv7e-m/crtbegin.o
                0x000000001fff0208                PROVIDE (__fini_array_end, .)
                0x000000001fff0208                . = ALIGN (0x4)
                0x000000001fff0208                __data_end__ = .

.jcr            0x000000001fff0208        0x0 load address 0x0000000000001190
 .jcr           0x000000001fff0208        0x0 /usr/lib/gcc/arm-none-eabi/5.2.0/armv7e-m/crtbegin.o

.igot.plt       0x000000001fff0208        0x0 load address 0x0000000000001190
 .igot.plt      0x000000001fff0208        0x0 /usr/lib/gcc/arm-none-eabi/5.2.0/armv7e-m/crtbegin.o

.bss            0x000000001fff0208      0x148 load address 0x0000000000001190
                0x000000001fff0208                __bss_start__ = .
 *(.bss*)
 .bss.completed.8358
                0x000000001fff0208        0x1 /usr/lib/gcc/arm-none-eabi/5.2.0/armv7e-m/crtbegin.o
 *fill*         0x000000001fff0209        0x3 
 .bss.object.8363
                0x000000001fff020c       0x18 /usr/lib/gcc/arm-none-eabi/5.2.0/armv7e-m/crtbegin.o
 .bss.PWMTick   0x000000001fff0224        0x4 build/pwm.o
 .bss.__malloc_sbrk_start
                0x000000001fff0228        0x4 /usr/lib/gcc/arm-none-eabi/5.2.0/../../../../arm-none-eabi/lib/armv7e-m/libc_nano.a(lib_a-nano-mallocr.o)
                0x000000001fff0228                __malloc_sbrk_start
 .bss.__malloc_free_list
                0x000000001fff022c        0x4 /usr/lib/gcc/arm-none-eabi/5.2.0/../../../../arm-none-eabi/lib/armv7e-m/libc_nano.a(lib_a-nano-mallocr.o)
                0x000000001fff022c                __malloc_free_list
 .bss._global_atexit0
                0x000000001fff0230       0x8c /usr/lib/gcc/arm-none-eabi/5.2.0/../../../../arm-none-eabi/lib/armv7e-m/libc_nano.a(lib_a-__atexit.o)
 .bss._global_atexit
                0x000000001fff02bc        0x4 /usr/lib/gcc/arm-none-eabi/5.2.0/../../../../arm-none-eabi/lib/armv7e-m/libc_nano.a(lib_a-__call_atexit.o)
                0x000000001fff02bc                _global_atexit
 .bss.heap_end.4167
                0x000000001fff02c0        0x4 /usr/lib/gcc/arm-none-eabi/5.2.0/../../../../arm-none-eabi/lib/armv7e-m/libnosys.a(sbrk.o)
 *(COMMON)
 COMMON         0x000000001fff02c4        0x8 build/PIT.o
                0x000000001fff02c4                PITData
 COMMON         0x000000001fff02cc       0x78 build/main.o
                0x000000001fff02cc                pumpCurrentPID
                0x000000001fff0300                nernstR
                0x000000001fff0304                pumpCurrentOut
                0x000000001fff0308                heaterPID
                0x000000001fff033c                pumpCurrentMeasured
                0x000000001fff0340                heaterDutyCycle
 COMMON         0x000000001fff0344        0x6 build/adc.o
                0x000000001fff0344                ADC1ResultIndex
                0x000000001fff0348                ADC1Results
 *fill*         0x000000001fff034a        0x2 
 COMMON         0x000000001fff034c        0x4 /usr/lib/gcc/arm-none-eabi/5.2.0/../../../../arm-none-eabi/lib/armv7e-m/libc_nano.a(lib_a-reent.o)
                0x000000001fff034c                errno
                0x000000001fff0350                __bss_end__ = .

.heap           0x000000001fff0350      0x100
                0x000000001fff0350                __end__ = .
                0x000000001fff0350                end = __end__
 *(.heap*)
 .heap          0x000000001fff0350      0x100 build/startup_MK64F12.o
                0x000000001fff0350                __HeapBase
                0x000000001fff0450                __HeapLimit = .

.stack_dummy    0x000000001fff0350      0x100
 *(.stack)
 .stack         0x000000001fff0350      0x100 build/startup_MK64F12.o
                0x0000000020030000                __StackTop = (ORIGIN (RAM) + 0x3fe68)
                0x000000002002ff00                __StackLimit = (__StackTop - SIZEOF (.stack_dummy))
                0x0000000020030000                PROVIDE (__stack, __StackTop)
                0x0000000000000001                ASSERT ((__StackLimit >= __HeapLimit), region RAM overflowed with stack)
OUTPUT(build/wideband.elf elf32-littlearm)

.ARM.attributes
                0x0000000000000000       0x2a
 .ARM.attributes
                0x0000000000000000       0x1e /usr/lib/gcc/arm-none-eabi/5.2.0/armv7e-m/crti.o
 .ARM.attributes
                0x000000000000001e       0x2e /usr/lib/gcc/arm-none-eabi/5.2.0/armv7e-m/crtbegin.o
 .ARM.attributes
                0x000000000000004c       0x1c /usr/lib/gcc/arm-none-eabi/5.2.0/../../../../arm-none-eabi/lib/armv7e-m/crt0.o
 .ARM.attributes
                0x0000000000000068       0x33 build/system_MK64F12.o
 .ARM.attributes
                0x000000000000009b       0x33 build/PID.o
 .ARM.attributes
                0x00000000000000ce       0x33 build/PIT.o
 .ARM.attributes
                0x0000000000000101       0x33 build/pwm.o
 .ARM.attributes
                0x0000000000000134       0x33 build/main.o
 .ARM.attributes
                0x0000000000000167       0x33 build/adc.o
 .ARM.attributes
                0x000000000000019a       0x1b build/startup_MK64F12.o
 .ARM.attributes
                0x00000000000001b5       0x1e /usr/lib/gcc/arm-none-eabi/5.2.0/armv7e-m/libgcc.a(_arm_addsubsf3.o)
 .ARM.attributes
                0x00000000000001d3       0x1e /usr/lib/gcc/arm-none-eabi/5.2.0/armv7e-m/libgcc.a(_arm_muldivsf3.o)
 .ARM.attributes
                0x00000000000001f1       0x1e /usr/lib/gcc/arm-none-eabi/5.2.0/armv7e-m/libgcc.a(_arm_fixsfsi.o)
 .ARM.attributes
                0x000000000000020f       0x2e /usr/lib/gcc/arm-none-eabi/5.2.0/../../../../arm-none-eabi/lib/armv7e-m/libc_nano.a(lib_a-atexit.o)
 .ARM.attributes
                0x000000000000023d       0x2e /usr/lib/gcc/arm-none-eabi/5.2.0/../../../../arm-none-eabi/lib/armv7e-m/libc_nano.a(lib_a-exit.o)
 .ARM.attributes
                0x000000000000026b       0x2e /usr/lib/gcc/arm-none-eabi/5.2.0/../../../../arm-none-eabi/lib/armv7e-m/libc_nano.a(lib_a-fini.o)
 .ARM.attributes
                0x0000000000000299       0x2e /usr/lib/gcc/arm-none-eabi/5.2.0/../../../../arm-none-eabi/lib/armv7e-m/libc_nano.a(lib_a-impure.o)
 .ARM.attributes
                0x00000000000002c7       0x2e /usr/lib/gcc/arm-none-eabi/5.2.0/../../../../arm-none-eabi/lib/armv7e-m/libc_nano.a(lib_a-init.o)
 .ARM.attributes
                0x00000000000002f5       0x2e /usr/lib/gcc/arm-none-eabi/5.2.0/../../../../arm-none-eabi/lib/armv7e-m/libc_nano.a(lib_a-malloc.o)
 .ARM.attributes
                0x0000000000000323       0x2e /usr/lib/gcc/arm-none-eabi/5.2.0/../../../../arm-none-eabi/lib/armv7e-m/libc_nano.a(lib_a-memset.o)
 .ARM.attributes
                0x0000000000000351       0x2e /usr/lib/gcc/arm-none-eabi/5.2.0/../../../../arm-none-eabi/lib/armv7e-m/libc_nano.a(lib_a-nano-freer.o)
 .ARM.attributes
                0x000000000000037f       0x2e /usr/lib/gcc/arm-none-eabi/5.2.0/../../../../arm-none-eabi/lib/armv7e-m/libc_nano.a(lib_a-nano-mallocr.o)
 .ARM.attributes
                0x00000000000003ad       0x2e /usr/lib/gcc/arm-none-eabi/5.2.0/../../../../arm-none-eabi/lib/armv7e-m/libc_nano.a(lib_a-sbrkr.o)
 .ARM.attributes
                0x00000000000003db       0x2e /usr/lib/gcc/arm-none-eabi/5.2.0/../../../../arm-none-eabi/lib/armv7e-m/libc_nano.a(lib_a-__atexit.o)
 .ARM.attributes
                0x0000000000000409       0x2e /usr/lib/gcc/arm-none-eabi/5.2.0/../../../../arm-none-eabi/lib/armv7e-m/libc_nano.a(lib_a-__call_atexit.o)
 .ARM.attributes
                0x0000000000000437       0x2e /usr/lib/gcc/arm-none-eabi/5.2.0/../../../../arm-none-eabi/lib/armv7e-m/libc_nano.a(lib_a-reent.o)
 .ARM.attributes
                0x0000000000000465       0x2e /usr/lib/gcc/arm-none-eabi/5.2.0/../../../../arm-none-eabi/lib/armv7e-m/libnosys.a(sbrk.o)
 .ARM.attributes
                0x0000000000000493       0x2e /usr/lib/gcc/arm-none-eabi/5.2.0/../../../../arm-none-eabi/lib/armv7e-m/libnosys.a(_exit.o)
 .ARM.attributes
                0x00000000000004c1       0x2e /usr/lib/gcc/arm-none-eabi/5.2.0/armv7e-m/crtend.o
 .ARM.attributes
                0x00000000000004ef       0x1e /usr/lib/gcc/arm-none-eabi/5.2.0/armv7e-m/crtn.o

.comment        0x0000000000000000       0x1d
 .comment       0x0000000000000000       0x1d build/system_MK64F12.o
                                         0x1e (size before relaxing)
 .comment       0x000000000000001d       0x1e build/PID.o
 .comment       0x000000000000001d       0x1e build/PIT.o
 .comment       0x000000000000001d       0x1e build/pwm.o
 .comment       0x000000000000001d       0x1e build/main.o
 .comment       0x000000000000001d       0x1e build/adc.o

.debug_info     0x0000000000000000     0x2629
 .debug_info    0x0000000000000000      0x5ad build/system_MK64F12.o
 .debug_info    0x00000000000005ad      0x204 build/PID.o
 .debug_info    0x00000000000007b1      0x827 build/PIT.o
 .debug_info    0x0000000000000fd8      0x5c8 build/pwm.o
 .debug_info    0x00000000000015a0      0x2c2 build/main.o
 .debug_info    0x0000000000001862      0xd61 build/adc.o
 .debug_info    0x00000000000025c3       0x66 build/startup_MK64F12.o

.debug_abbrev   0x0000000000000000      0x909
 .debug_abbrev  0x0000000000000000      0x117 build/system_MK64F12.o
 .debug_abbrev  0x0000000000000117       0xf3 build/PID.o
 .debug_abbrev  0x000000000000020a      0x1f4 build/PIT.o
 .debug_abbrev  0x00000000000003fe      0x160 build/pwm.o
 .debug_abbrev  0x000000000000055e      0x13e build/main.o
 .debug_abbrev  0x000000000000069c      0x259 build/adc.o
 .debug_abbrev  0x00000000000008f5       0x14 build/startup_MK64F12.o

.debug_loc      0x0000000000000000      0x4e3
 .debug_loc     0x0000000000000000       0x7f build/system_MK64F12.o
 .debug_loc     0x000000000000007f      0x26b build/PID.o
 .debug_loc     0x00000000000002ea       0x60 build/PIT.o
 .debug_loc     0x000000000000034a      0x138 build/pwm.o
 .debug_loc     0x0000000000000482       0x37 build/main.o
 .debug_loc     0x00000000000004b9       0x2a build/adc.o

.debug_aranges  0x0000000000000000      0x148
 .debug_aranges
                0x0000000000000000       0x28 build/system_MK64F12.o
 .debug_aranges
                0x0000000000000028       0x28 build/PID.o
 .debug_aranges
                0x0000000000000050       0x40 build/PIT.o
 .debug_aranges
                0x0000000000000090       0x30 build/pwm.o
 .debug_aranges
                0x00000000000000c0       0x28 build/main.o
 .debug_aranges
                0x00000000000000e8       0x40 build/adc.o
 .debug_aranges
                0x0000000000000128       0x20 build/startup_MK64F12.o

.debug_ranges   0x0000000000000000       0xc8
 .debug_ranges  0x0000000000000000       0x18 build/system_MK64F12.o
 .debug_ranges  0x0000000000000018       0x18 build/PID.o
 .debug_ranges  0x0000000000000030       0x30 build/PIT.o
 .debug_ranges  0x0000000000000060       0x20 build/pwm.o
 .debug_ranges  0x0000000000000080       0x18 build/main.o
 .debug_ranges  0x0000000000000098       0x30 build/adc.o

.debug_line     0x0000000000000000      0x734
 .debug_line    0x0000000000000000      0x14b build/system_MK64F12.o
 .debug_line    0x000000000000014b       0x81 build/PID.o
 .debug_line    0x00000000000001cc      0x15e build/PIT.o
 .debug_line    0x000000000000032a      0x124 build/pwm.o
 .debug_line    0x000000000000044e      0x101 build/main.o
 .debug_line    0x000000000000054f      0x170 build/adc.o
 .debug_line    0x00000000000006bf       0x75 build/startup_MK64F12.o

.debug_str      0x0000000000000000      0xcf6
 .debug_str     0x0000000000000000      0x359 build/system_MK64F12.o
                                        0x3af (size before relaxing)
 .debug_str     0x0000000000000359       0xa5 build/PID.o
                                        0x191 (size before relaxing)
 .debug_str     0x00000000000003fe      0x5de build/PIT.o
                                        0x864 (size before relaxing)
 .debug_str     0x00000000000009dc       0xfe build/pwm.o
                                        0x3cd (size before relaxing)
 .debug_str     0x0000000000000ada       0x78 build/main.o
                                        0x2a5 (size before relaxing)
 .debug_str     0x0000000000000b52      0x1a4 build/adc.o
                                        0x9a0 (size before relaxing)

.debug_frame    0x0000000000000000      0x478
 .debug_frame   0x0000000000000000       0x30 build/system_MK64F12.o
 .debug_frame   0x0000000000000030       0x4c build/PID.o
 .debug_frame   0x000000000000007c       0x78 build/PIT.o
 .debug_frame   0x00000000000000f4       0x50 build/pwm.o
 .debug_frame   0x0000000000000144       0x44 build/main.o
 .debug_frame   0x0000000000000188       0x68 build/adc.o
 .debug_frame   0x00000000000001f0       0x20 /usr/lib/gcc/arm-none-eabi/5.2.0/../../../../arm-none-eabi/lib/armv7e-m/libc_nano.a(lib_a-atexit.o)
 .debug_frame   0x0000000000000210       0x28 /usr/lib/gcc/arm-none-eabi/5.2.0/../../../../arm-none-eabi/lib/armv7e-m/libc_nano.a(lib_a-exit.o)
 .debug_frame   0x0000000000000238       0x34 /usr/lib/gcc/arm-none-eabi/5.2.0/../../../../arm-none-eabi/lib/armv7e-m/libc_nano.a(lib_a-fini.o)
 .debug_frame   0x000000000000026c       0x2c /usr/lib/gcc/arm-none-eabi/5.2.0/../../../../arm-none-eabi/lib/armv7e-m/libc_nano.a(lib_a-init.o)
 .debug_frame   0x0000000000000298       0x30 /usr/lib/gcc/arm-none-eabi/5.2.0/../../../../arm-none-eabi/lib/armv7e-m/libc_nano.a(lib_a-malloc.o)
 .debug_frame   0x00000000000002c8       0x20 /usr/lib/gcc/arm-none-eabi/5.2.0/../../../../arm-none-eabi/lib/armv7e-m/libc_nano.a(lib_a-memset.o)
 .debug_frame   0x00000000000002e8       0x2c /usr/lib/gcc/arm-none-eabi/5.2.0/../../../../arm-none-eabi/lib/armv7e-m/libc_nano.a(lib_a-nano-freer.o)
 .debug_frame   0x0000000000000314       0x2c /usr/lib/gcc/arm-none-eabi/5.2.0/../../../../arm-none-eabi/lib/armv7e-m/libc_nano.a(lib_a-nano-mallocr.o)
 .debug_frame   0x0000000000000340       0x2c /usr/lib/gcc/arm-none-eabi/5.2.0/../../../../arm-none-eabi/lib/armv7e-m/libc_nano.a(lib_a-sbrkr.o)
 .debug_frame   0x000000000000036c       0x34 /usr/lib/gcc/arm-none-eabi/5.2.0/../../../../arm-none-eabi/lib/armv7e-m/libc_nano.a(lib_a-__atexit.o)
 .debug_frame   0x00000000000003a0       0x3c /usr/lib/gcc/arm-none-eabi/5.2.0/../../../../arm-none-eabi/lib/armv7e-m/libc_nano.a(lib_a-__call_atexit.o)
 .debug_frame   0x00000000000003dc       0x5c /usr/lib/gcc/arm-none-eabi/5.2.0/../../../../arm-none-eabi/lib/armv7e-m/libc_nano.a(lib_a-reent.o)
 .debug_frame   0x0000000000000438       0x20 /usr/lib/gcc/arm-none-eabi/5.2.0/../../../../arm-none-eabi/lib/armv7e-m/libnosys.a(sbrk.o)
 .debug_frame   0x0000000000000458       0x20 /usr/lib/gcc/arm-none-eabi/5.2.0/../../../../arm-none-eabi/lib/armv7e-m/libnosys.a(_exit.o)
