Archive member included to satisfy reference by file (symbol)

/usr/lib/gcc/arm-none-eabi/5.2.0/armv7e-m/libgcc.a(_arm_addsubdf3.o)
                              build/main.o (__aeabi_f2d)
/usr/lib/gcc/arm-none-eabi/5.2.0/armv7e-m/libgcc.a(_arm_muldivdf3.o)
                              build/main.o (__aeabi_dmul)
/usr/lib/gcc/arm-none-eabi/5.2.0/armv7e-m/libgcc.a(_arm_cmpdf2.o)
                              build/main.o (__aeabi_dcmpgt)
/usr/lib/gcc/arm-none-eabi/5.2.0/armv7e-m/libgcc.a(_arm_truncdfsf2.o)
                              build/main.o (__aeabi_d2f)
/usr/lib/gcc/arm-none-eabi/5.2.0/armv7e-m/libgcc.a(_arm_addsubsf3.o)
                              build/PID.o (__aeabi_fsub)
/usr/lib/gcc/arm-none-eabi/5.2.0/armv7e-m/libgcc.a(_arm_muldivsf3.o)
                              build/PID.o (__aeabi_fmul)
/usr/lib/gcc/arm-none-eabi/5.2.0/armv7e-m/libgcc.a(_arm_cmpsf2.o)
                              build/PID.o (__aeabi_fcmplt)
/usr/lib/gcc/arm-none-eabi/5.2.0/armv7e-m/libgcc.a(_arm_fixsfsi.o)
                              build/main.o (__aeabi_f2iz)
/usr/lib/gcc/arm-none-eabi/5.2.0/../../../../arm-none-eabi/lib/armv7e-m/libc_nano.a(lib_a-atexit.o)
                              /usr/lib/gcc/arm-none-eabi/5.2.0/../../../../arm-none-eabi/lib/armv7e-m/crt0.o (atexit)
/usr/lib/gcc/arm-none-eabi/5.2.0/../../../../arm-none-eabi/lib/armv7e-m/libc_nano.a(lib_a-exit.o)
                              /usr/lib/gcc/arm-none-eabi/5.2.0/../../../../arm-none-eabi/lib/armv7e-m/crt0.o (exit)
/usr/lib/gcc/arm-none-eabi/5.2.0/../../../../arm-none-eabi/lib/armv7e-m/libc_nano.a(lib_a-fini.o)
                              /usr/lib/gcc/arm-none-eabi/5.2.0/../../../../arm-none-eabi/lib/armv7e-m/crt0.o (__libc_fini_array)
/usr/lib/gcc/arm-none-eabi/5.2.0/../../../../arm-none-eabi/lib/armv7e-m/libc_nano.a(lib_a-impure.o)
                              /usr/lib/gcc/arm-none-eabi/5.2.0/../../../../arm-none-eabi/lib/armv7e-m/libc_nano.a(lib_a-exit.o) (_global_impure_ptr)
/usr/lib/gcc/arm-none-eabi/5.2.0/../../../../arm-none-eabi/lib/armv7e-m/libc_nano.a(lib_a-init.o)
                              /usr/lib/gcc/arm-none-eabi/5.2.0/../../../../arm-none-eabi/lib/armv7e-m/crt0.o (__libc_init_array)
/usr/lib/gcc/arm-none-eabi/5.2.0/../../../../arm-none-eabi/lib/armv7e-m/libc_nano.a(lib_a-malloc.o)
                              build/queue.o (free)
/usr/lib/gcc/arm-none-eabi/5.2.0/../../../../arm-none-eabi/lib/armv7e-m/libc_nano.a(lib_a-memset.o)
                              /usr/lib/gcc/arm-none-eabi/5.2.0/../../../../arm-none-eabi/lib/armv7e-m/crt0.o (memset)
/usr/lib/gcc/arm-none-eabi/5.2.0/../../../../arm-none-eabi/lib/armv7e-m/libc_nano.a(lib_a-nano-freer.o)
                              /usr/lib/gcc/arm-none-eabi/5.2.0/../../../../arm-none-eabi/lib/armv7e-m/libc_nano.a(lib_a-malloc.o) (_free_r)
/usr/lib/gcc/arm-none-eabi/5.2.0/../../../../arm-none-eabi/lib/armv7e-m/libc_nano.a(lib_a-nano-mallocr.o)
                              /usr/lib/gcc/arm-none-eabi/5.2.0/../../../../arm-none-eabi/lib/armv7e-m/libc_nano.a(lib_a-malloc.o) (_malloc_r)
/usr/lib/gcc/arm-none-eabi/5.2.0/../../../../arm-none-eabi/lib/armv7e-m/libc_nano.a(lib_a-sbrkr.o)
                              /usr/lib/gcc/arm-none-eabi/5.2.0/../../../../arm-none-eabi/lib/armv7e-m/libc_nano.a(lib_a-nano-mallocr.o) (_sbrk_r)
/usr/lib/gcc/arm-none-eabi/5.2.0/../../../../arm-none-eabi/lib/armv7e-m/libc_nano.a(lib_a-sprintf.o)
                              build/main.o (sprintf)
/usr/lib/gcc/arm-none-eabi/5.2.0/../../../../arm-none-eabi/lib/armv7e-m/libc_nano.a(lib_a-__atexit.o)
                              /usr/lib/gcc/arm-none-eabi/5.2.0/../../../../arm-none-eabi/lib/armv7e-m/libc_nano.a(lib_a-atexit.o) (__register_exitproc)
/usr/lib/gcc/arm-none-eabi/5.2.0/../../../../arm-none-eabi/lib/armv7e-m/libc_nano.a(lib_a-__call_atexit.o)
                              /usr/lib/gcc/arm-none-eabi/5.2.0/../../../../arm-none-eabi/lib/armv7e-m/libc_nano.a(lib_a-__atexit.o) (__call_exitprocs)
/usr/lib/gcc/arm-none-eabi/5.2.0/../../../../arm-none-eabi/lib/armv7e-m/libc_nano.a(lib_a-nano-svfprintf.o)
                              /usr/lib/gcc/arm-none-eabi/5.2.0/../../../../arm-none-eabi/lib/armv7e-m/libc_nano.a(lib_a-sprintf.o) (_svfprintf_r)
/usr/lib/gcc/arm-none-eabi/5.2.0/../../../../arm-none-eabi/lib/armv7e-m/libc_nano.a(lib_a-nano-vfprintf_i.o)
                              /usr/lib/gcc/arm-none-eabi/5.2.0/../../../../arm-none-eabi/lib/armv7e-m/libc_nano.a(lib_a-nano-svfprintf.o) (_printf_i)
/usr/lib/gcc/arm-none-eabi/5.2.0/../../../../arm-none-eabi/lib/armv7e-m/libc_nano.a(lib_a-reent.o)
                              /usr/lib/gcc/arm-none-eabi/5.2.0/../../../../arm-none-eabi/lib/armv7e-m/libc_nano.a(lib_a-sbrkr.o) (errno)
/usr/lib/gcc/arm-none-eabi/5.2.0/../../../../arm-none-eabi/lib/armv7e-m/libc_nano.a(lib_a-memchr.o)
                              /usr/lib/gcc/arm-none-eabi/5.2.0/../../../../arm-none-eabi/lib/armv7e-m/libc_nano.a(lib_a-nano-svfprintf.o) (memchr)
/usr/lib/gcc/arm-none-eabi/5.2.0/../../../../arm-none-eabi/lib/armv7e-m/libc_nano.a(lib_a-memcpy.o)
                              /usr/lib/gcc/arm-none-eabi/5.2.0/../../../../arm-none-eabi/lib/armv7e-m/libc_nano.a(lib_a-nano-svfprintf.o) (memcpy)
/usr/lib/gcc/arm-none-eabi/5.2.0/../../../../arm-none-eabi/lib/armv7e-m/libc_nano.a(lib_a-memmove.o)
                              /usr/lib/gcc/arm-none-eabi/5.2.0/../../../../arm-none-eabi/lib/armv7e-m/libc_nano.a(lib_a-nano-svfprintf.o) (memmove)
/usr/lib/gcc/arm-none-eabi/5.2.0/../../../../arm-none-eabi/lib/armv7e-m/libc_nano.a(lib_a-nano-reallocr.o)
                              /usr/lib/gcc/arm-none-eabi/5.2.0/../../../../arm-none-eabi/lib/armv7e-m/libc_nano.a(lib_a-nano-svfprintf.o) (_realloc_r)
/usr/lib/gcc/arm-none-eabi/5.2.0/../../../../arm-none-eabi/lib/armv7e-m/libc_nano.a(lib_a-nano-msizer.o)
                              /usr/lib/gcc/arm-none-eabi/5.2.0/../../../../arm-none-eabi/lib/armv7e-m/libc_nano.a(lib_a-nano-reallocr.o) (_malloc_usable_size_r)
/usr/lib/gcc/arm-none-eabi/5.2.0/../../../../arm-none-eabi/lib/armv7e-m/libnosys.a(sbrk.o)
                              /usr/lib/gcc/arm-none-eabi/5.2.0/../../../../arm-none-eabi/lib/armv7e-m/libc_nano.a(lib_a-sbrkr.o) (_sbrk)
/usr/lib/gcc/arm-none-eabi/5.2.0/../../../../arm-none-eabi/lib/armv7e-m/libnosys.a(_exit.o)
                              /usr/lib/gcc/arm-none-eabi/5.2.0/../../../../arm-none-eabi/lib/armv7e-m/libc_nano.a(lib_a-exit.o) (_exit)

Allocating common symbols
Common symbol       size              file

nernstVoltage       0x4               build/main.o
errno               0x4               /usr/lib/gcc/arm-none-eabi/5.2.0/../../../../arm-none-eabi/lib/armv7e-m/libc_nano.a(lib_a-reent.o)
pumpCurrentPID      0x28              build/main.o
uart0Data           0x4               build/uart.o
nernstR             0x4               build/main.o
ADC1ResultIndex     0x4               build/adc.o
pumpCurrentDesired  0x4               build/main.o
heaterPID           0x28              build/main.o
PITData             0x8               build/PIT.o
pumpCurrentDutyCycle
                    0x4               build/main.o
pumpCurrentMeasured
                    0x4               build/main.o
nernstVoltagePID    0x28              build/main.o
ADC1Results         0x8               build/adc.o
sinIndex            0x4               build/cw.o
heaterDutyCycle     0x4               build/main.o

Discarded input sections

 .text          0x0000000000000000        0x0 /usr/lib/gcc/arm-none-eabi/5.2.0/armv7e-m/crti.o
 .data          0x0000000000000000        0x0 /usr/lib/gcc/arm-none-eabi/5.2.0/armv7e-m/crti.o
 .bss           0x0000000000000000        0x0 /usr/lib/gcc/arm-none-eabi/5.2.0/armv7e-m/crti.o
 .text          0x0000000000000000        0x0 /usr/lib/gcc/arm-none-eabi/5.2.0/armv7e-m/crtbegin.o
 .data          0x0000000000000000        0x0 /usr/lib/gcc/arm-none-eabi/5.2.0/armv7e-m/crtbegin.o
 .bss           0x0000000000000000        0x0 /usr/lib/gcc/arm-none-eabi/5.2.0/armv7e-m/crtbegin.o
 .data.__dso_handle
                0x0000000000000000        0x4 /usr/lib/gcc/arm-none-eabi/5.2.0/armv7e-m/crtbegin.o
 .data          0x0000000000000000        0x0 /usr/lib/gcc/arm-none-eabi/5.2.0/../../../../arm-none-eabi/lib/armv7e-m/crt0.o
 .bss           0x0000000000000000        0x0 /usr/lib/gcc/arm-none-eabi/5.2.0/../../../../arm-none-eabi/lib/armv7e-m/crt0.o
 .ARM.extab     0x0000000000000000        0x0 /usr/lib/gcc/arm-none-eabi/5.2.0/../../../../arm-none-eabi/lib/armv7e-m/crt0.o
 .text          0x0000000000000000        0x0 build/system_MK64F12.o
 .data          0x0000000000000000        0x0 build/system_MK64F12.o
 .bss           0x0000000000000000        0x0 build/system_MK64F12.o
 .text.SystemCoreClockUpdate
                0x0000000000000000      0x128 build/system_MK64F12.o
 .text          0x0000000000000000        0x0 build/queue.o
 .data          0x0000000000000000        0x0 build/queue.o
 .bss           0x0000000000000000        0x0 build/queue.o
 .text.enqueue  0x0000000000000000       0x30 build/queue.o
 .text.peek     0x0000000000000000       0x12 build/queue.o
 .text.dequeue  0x0000000000000000       0x2c build/queue.o
 .text.initQueue
                0x0000000000000000       0x1c build/queue.o
 .text.numEnqueued
                0x0000000000000000        0x4 build/queue.o
 .text.deInitQueue
                0x0000000000000000       0x14 build/queue.o
 .debug_info    0x0000000000000000      0x221 build/queue.o
 .debug_abbrev  0x0000000000000000      0x102 build/queue.o
 .debug_loc     0x0000000000000000      0x121 build/queue.o
 .debug_aranges
                0x0000000000000000       0x48 build/queue.o
 .debug_ranges  0x0000000000000000       0x38 build/queue.o
 .debug_line    0x0000000000000000       0xf4 build/queue.o
 .debug_str     0x0000000000000000      0x20d build/queue.o
 .comment       0x0000000000000000       0x1e build/queue.o
 .debug_frame   0x0000000000000000       0x78 build/queue.o
 .ARM.attributes
                0x0000000000000000       0x33 build/queue.o
 .text          0x0000000000000000        0x0 build/PIT.o
 .data          0x0000000000000000        0x0 build/PIT.o
 .bss           0x0000000000000000        0x0 build/PIT.o
 .text.startPIT0
                0x0000000000000000       0x50 build/PIT.o
 .text.startPIT1
                0x0000000000000000       0x50 build/PIT.o
 .text.stopPIT0
                0x0000000000000000       0x10 build/PIT.o
 .text.stopPIT1
                0x0000000000000000       0x10 build/PIT.o
 .text          0x0000000000000000        0x0 build/PID.o
 .data          0x0000000000000000        0x0 build/PID.o
 .bss           0x0000000000000000        0x0 build/PID.o
 .text          0x0000000000000000        0x0 build/uart.o
 .data          0x0000000000000000        0x0 build/uart.o
 .bss           0x0000000000000000        0x0 build/uart.o
 .text.uartGetCharBlock
                0x0000000000000000       0x14 build/uart.o
 .text          0x0000000000000000        0x0 build/cw.o
 .data          0x0000000000000000        0x0 build/cw.o
 .bss           0x0000000000000000        0x0 build/cw.o
 .text.cwPitIsr
                0x0000000000000000       0x28 build/cw.o
 .text.cwTone   0x0000000000000000       0x34 build/cw.o
 .text.cwSend   0x0000000000000000       0x88 build/cw.o
 .rodata.CwLetterData
                0x0000000000000000       0x1a build/cw.o
 .rodata.CwNumberData
                0x0000000000000000        0xa build/cw.o
 .debug_info    0x0000000000000000      0x300 build/cw.o
 .debug_abbrev  0x0000000000000000      0x164 build/cw.o
 .debug_loc     0x0000000000000000      0x13e build/cw.o
 .debug_aranges
                0x0000000000000000       0x30 build/cw.o
 .debug_ranges  0x0000000000000000       0x38 build/cw.o
 .debug_line    0x0000000000000000      0x116 build/cw.o
 .debug_str     0x0000000000000000      0x28b build/cw.o
 .comment       0x0000000000000000       0x1e build/cw.o
 .debug_frame   0x0000000000000000       0x6c build/cw.o
 .ARM.attributes
                0x0000000000000000       0x33 build/cw.o
 COMMON         0x0000000000000000        0x4 build/cw.o
 .text          0x0000000000000000        0x0 build/pwm.o
 .data          0x0000000000000000        0x0 build/pwm.o
 .bss           0x0000000000000000        0x0 build/pwm.o
 .text.SetDutyCycle2
                0x0000000000000000       0x34 build/pwm.o
 .text          0x0000000000000000        0x0 build/sin.o
 .data          0x0000000000000000        0x0 build/sin.o
 .bss           0x0000000000000000        0x0 build/sin.o
 .data.sinData64
                0x0000000000000000       0x80 build/sin.o
 .debug_info    0x0000000000000000       0xa2 build/sin.o
 .debug_abbrev  0x0000000000000000       0x56 build/sin.o
 .debug_aranges
                0x0000000000000000       0x18 build/sin.o
 .debug_line    0x0000000000000000       0x89 build/sin.o
 .debug_str     0x0000000000000000      0x1bb build/sin.o
 .comment       0x0000000000000000       0x1e build/sin.o
 .ARM.attributes
                0x0000000000000000       0x33 build/sin.o
 .text          0x0000000000000000        0x0 build/main.o
 .data          0x0000000000000000        0x0 build/main.o
 .bss           0x0000000000000000        0x0 build/main.o
 .text.updatePIDs
                0x0000000000000000      0x100 build/main.o
 .text.startResistanceMeasurement
                0x0000000000000000        0x2 build/main.o
 .text          0x0000000000000000        0x0 build/delay.o
 .data          0x0000000000000000        0x0 build/delay.o
 .bss           0x0000000000000000        0x0 build/delay.o
 .text.delay    0x0000000000000000       0x34 build/delay.o
 .debug_info    0x0000000000000000      0x2ee build/delay.o
 .debug_abbrev  0x0000000000000000       0xee build/delay.o
 .debug_aranges
                0x0000000000000000       0x20 build/delay.o
 .debug_ranges  0x0000000000000000       0x10 build/delay.o
 .debug_line    0x0000000000000000       0xd7 build/delay.o
 .debug_str     0x0000000000000000      0x2bc build/delay.o
 .comment       0x0000000000000000       0x1e build/delay.o
 .debug_frame   0x0000000000000000       0x20 build/delay.o
 .ARM.attributes
                0x0000000000000000       0x33 build/delay.o
 .text          0x0000000000000000        0x0 build/i2c.o
 .data          0x0000000000000000        0x0 build/i2c.o
 .bss           0x0000000000000000        0x0 build/i2c.o
 .text.i2c_init
                0x0000000000000000       0x34 build/i2c.o
 .text.i2cFlashRead
                0x0000000000000000       0xe8 build/i2c.o
 .text.i2cFlashWrite
                0x0000000000000000      0x10c build/i2c.o
 .debug_info    0x0000000000000000      0xbbf build/i2c.o
 .debug_abbrev  0x0000000000000000      0x20a build/i2c.o
 .debug_loc     0x0000000000000000      0x3ed build/i2c.o
 .debug_aranges
                0x0000000000000000       0x30 build/i2c.o
 .debug_ranges  0x0000000000000000       0xb0 build/i2c.o
 .debug_line    0x0000000000000000      0x1d0 build/i2c.o
 .debug_str     0x0000000000000000      0x3d0 build/i2c.o
 .comment       0x0000000000000000       0x1e build/i2c.o
 .debug_frame   0x0000000000000000       0x64 build/i2c.o
 .ARM.attributes
                0x0000000000000000       0x33 build/i2c.o
 .text          0x0000000000000000        0x0 build/dac.o
 .data          0x0000000000000000        0x0 build/dac.o
 .bss           0x0000000000000000        0x0 build/dac.o
 .text.dacInit  0x0000000000000000       0x38 build/dac.o
 .text.dacDeInit
                0x0000000000000000        0x2 build/dac.o
 .text.dacSet   0x0000000000000000       0x14 build/dac.o
 .debug_info    0x0000000000000000      0x42a build/dac.o
 .debug_abbrev  0x0000000000000000      0x106 build/dac.o
 .debug_loc     0x0000000000000000       0x21 build/dac.o
 .debug_aranges
                0x0000000000000000       0x30 build/dac.o
 .debug_ranges  0x0000000000000000       0x20 build/dac.o
 .debug_line    0x0000000000000000       0xef build/dac.o
 .debug_str     0x0000000000000000      0x309 build/dac.o
 .comment       0x0000000000000000       0x1e build/dac.o
 .debug_frame   0x0000000000000000       0x40 build/dac.o
 .ARM.attributes
                0x0000000000000000       0x33 build/dac.o
 .text          0x0000000000000000        0x0 build/adc.o
 .data          0x0000000000000000        0x0 build/adc.o
 .bss           0x0000000000000000        0x0 build/adc.o
 .text.DAC0_INIT
                0x0000000000000000       0x28 build/adc.o
 .text.PDB_INIT
                0x0000000000000000       0x2c build/adc.o
 .data          0x0000000000000000        0x0 build/startup_MK64F12.o
 .bss           0x0000000000000000        0x0 build/startup_MK64F12.o
 .data          0x0000000000000000        0x0 /usr/lib/gcc/arm-none-eabi/5.2.0/armv7e-m/libgcc.a(_arm_addsubdf3.o)
 .bss           0x0000000000000000        0x0 /usr/lib/gcc/arm-none-eabi/5.2.0/armv7e-m/libgcc.a(_arm_addsubdf3.o)
 .text          0x0000000000000000      0x424 /usr/lib/gcc/arm-none-eabi/5.2.0/armv7e-m/libgcc.a(_arm_muldivdf3.o)
 .data          0x0000000000000000        0x0 /usr/lib/gcc/arm-none-eabi/5.2.0/armv7e-m/libgcc.a(_arm_muldivdf3.o)
 .bss           0x0000000000000000        0x0 /usr/lib/gcc/arm-none-eabi/5.2.0/armv7e-m/libgcc.a(_arm_muldivdf3.o)
 .ARM.attributes
                0x0000000000000000       0x1e /usr/lib/gcc/arm-none-eabi/5.2.0/armv7e-m/libgcc.a(_arm_muldivdf3.o)
 .text          0x0000000000000000      0x110 /usr/lib/gcc/arm-none-eabi/5.2.0/armv7e-m/libgcc.a(_arm_cmpdf2.o)
 .data          0x0000000000000000        0x0 /usr/lib/gcc/arm-none-eabi/5.2.0/armv7e-m/libgcc.a(_arm_cmpdf2.o)
 .bss           0x0000000000000000        0x0 /usr/lib/gcc/arm-none-eabi/5.2.0/armv7e-m/libgcc.a(_arm_cmpdf2.o)
 .ARM.attributes
                0x0000000000000000       0x1e /usr/lib/gcc/arm-none-eabi/5.2.0/armv7e-m/libgcc.a(_arm_cmpdf2.o)
 .text          0x0000000000000000       0xa0 /usr/lib/gcc/arm-none-eabi/5.2.0/armv7e-m/libgcc.a(_arm_truncdfsf2.o)
 .data          0x0000000000000000        0x0 /usr/lib/gcc/arm-none-eabi/5.2.0/armv7e-m/libgcc.a(_arm_truncdfsf2.o)
 .bss           0x0000000000000000        0x0 /usr/lib/gcc/arm-none-eabi/5.2.0/armv7e-m/libgcc.a(_arm_truncdfsf2.o)
 .ARM.attributes
                0x0000000000000000       0x1e /usr/lib/gcc/arm-none-eabi/5.2.0/armv7e-m/libgcc.a(_arm_truncdfsf2.o)
 .data          0x0000000000000000        0x0 /usr/lib/gcc/arm-none-eabi/5.2.0/armv7e-m/libgcc.a(_arm_addsubsf3.o)
 .bss           0x0000000000000000        0x0 /usr/lib/gcc/arm-none-eabi/5.2.0/armv7e-m/libgcc.a(_arm_addsubsf3.o)
 .data          0x0000000000000000        0x0 /usr/lib/gcc/arm-none-eabi/5.2.0/armv7e-m/libgcc.a(_arm_muldivsf3.o)
 .bss           0x0000000000000000        0x0 /usr/lib/gcc/arm-none-eabi/5.2.0/armv7e-m/libgcc.a(_arm_muldivsf3.o)
 .data          0x0000000000000000        0x0 /usr/lib/gcc/arm-none-eabi/5.2.0/armv7e-m/libgcc.a(_arm_cmpsf2.o)
 .bss           0x0000000000000000        0x0 /usr/lib/gcc/arm-none-eabi/5.2.0/armv7e-m/libgcc.a(_arm_cmpsf2.o)
 .data          0x0000000000000000        0x0 /usr/lib/gcc/arm-none-eabi/5.2.0/armv7e-m/libgcc.a(_arm_fixsfsi.o)
 .bss           0x0000000000000000        0x0 /usr/lib/gcc/arm-none-eabi/5.2.0/armv7e-m/libgcc.a(_arm_fixsfsi.o)
 .text          0x0000000000000000        0x0 /usr/lib/gcc/arm-none-eabi/5.2.0/../../../../arm-none-eabi/lib/armv7e-m/libc_nano.a(lib_a-atexit.o)
 .data          0x0000000000000000        0x0 /usr/lib/gcc/arm-none-eabi/5.2.0/../../../../arm-none-eabi/lib/armv7e-m/libc_nano.a(lib_a-atexit.o)
 .bss           0x0000000000000000        0x0 /usr/lib/gcc/arm-none-eabi/5.2.0/../../../../arm-none-eabi/lib/armv7e-m/libc_nano.a(lib_a-atexit.o)
 .text          0x0000000000000000        0x0 /usr/lib/gcc/arm-none-eabi/5.2.0/../../../../arm-none-eabi/lib/armv7e-m/libc_nano.a(lib_a-exit.o)
 .data          0x0000000000000000        0x0 /usr/lib/gcc/arm-none-eabi/5.2.0/../../../../arm-none-eabi/lib/armv7e-m/libc_nano.a(lib_a-exit.o)
 .bss           0x0000000000000000        0x0 /usr/lib/gcc/arm-none-eabi/5.2.0/../../../../arm-none-eabi/lib/armv7e-m/libc_nano.a(lib_a-exit.o)
 .text          0x0000000000000000        0x0 /usr/lib/gcc/arm-none-eabi/5.2.0/../../../../arm-none-eabi/lib/armv7e-m/libc_nano.a(lib_a-fini.o)
 .data          0x0000000000000000        0x0 /usr/lib/gcc/arm-none-eabi/5.2.0/../../../../arm-none-eabi/lib/armv7e-m/libc_nano.a(lib_a-fini.o)
 .bss           0x0000000000000000        0x0 /usr/lib/gcc/arm-none-eabi/5.2.0/../../../../arm-none-eabi/lib/armv7e-m/libc_nano.a(lib_a-fini.o)
 .text          0x0000000000000000        0x0 /usr/lib/gcc/arm-none-eabi/5.2.0/../../../../arm-none-eabi/lib/armv7e-m/libc_nano.a(lib_a-impure.o)
 .data          0x0000000000000000        0x0 /usr/lib/gcc/arm-none-eabi/5.2.0/../../../../arm-none-eabi/lib/armv7e-m/libc_nano.a(lib_a-impure.o)
 .bss           0x0000000000000000        0x0 /usr/lib/gcc/arm-none-eabi/5.2.0/../../../../arm-none-eabi/lib/armv7e-m/libc_nano.a(lib_a-impure.o)
 .text          0x0000000000000000        0x0 /usr/lib/gcc/arm-none-eabi/5.2.0/../../../../arm-none-eabi/lib/armv7e-m/libc_nano.a(lib_a-init.o)
 .data          0x0000000000000000        0x0 /usr/lib/gcc/arm-none-eabi/5.2.0/../../../../arm-none-eabi/lib/armv7e-m/libc_nano.a(lib_a-init.o)
 .bss           0x0000000000000000        0x0 /usr/lib/gcc/arm-none-eabi/5.2.0/../../../../arm-none-eabi/lib/armv7e-m/libc_nano.a(lib_a-init.o)
 .text          0x0000000000000000        0x0 /usr/lib/gcc/arm-none-eabi/5.2.0/../../../../arm-none-eabi/lib/armv7e-m/libc_nano.a(lib_a-malloc.o)
 .data          0x0000000000000000        0x0 /usr/lib/gcc/arm-none-eabi/5.2.0/../../../../arm-none-eabi/lib/armv7e-m/libc_nano.a(lib_a-malloc.o)
 .bss           0x0000000000000000        0x0 /usr/lib/gcc/arm-none-eabi/5.2.0/../../../../arm-none-eabi/lib/armv7e-m/libc_nano.a(lib_a-malloc.o)
 .text          0x0000000000000000        0x0 /usr/lib/gcc/arm-none-eabi/5.2.0/../../../../arm-none-eabi/lib/armv7e-m/libc_nano.a(lib_a-memset.o)
 .data          0x0000000000000000        0x0 /usr/lib/gcc/arm-none-eabi/5.2.0/../../../../arm-none-eabi/lib/armv7e-m/libc_nano.a(lib_a-memset.o)
 .bss           0x0000000000000000        0x0 /usr/lib/gcc/arm-none-eabi/5.2.0/../../../../arm-none-eabi/lib/armv7e-m/libc_nano.a(lib_a-memset.o)
 .text          0x0000000000000000        0x0 /usr/lib/gcc/arm-none-eabi/5.2.0/../../../../arm-none-eabi/lib/armv7e-m/libc_nano.a(lib_a-nano-freer.o)
 .data          0x0000000000000000        0x0 /usr/lib/gcc/arm-none-eabi/5.2.0/../../../../arm-none-eabi/lib/armv7e-m/libc_nano.a(lib_a-nano-freer.o)
 .bss           0x0000000000000000        0x0 /usr/lib/gcc/arm-none-eabi/5.2.0/../../../../arm-none-eabi/lib/armv7e-m/libc_nano.a(lib_a-nano-freer.o)
 .text          0x0000000000000000        0x0 /usr/lib/gcc/arm-none-eabi/5.2.0/../../../../arm-none-eabi/lib/armv7e-m/libc_nano.a(lib_a-nano-mallocr.o)
 .data          0x0000000000000000        0x0 /usr/lib/gcc/arm-none-eabi/5.2.0/../../../../arm-none-eabi/lib/armv7e-m/libc_nano.a(lib_a-nano-mallocr.o)
 .bss           0x0000000000000000        0x0 /usr/lib/gcc/arm-none-eabi/5.2.0/../../../../arm-none-eabi/lib/armv7e-m/libc_nano.a(lib_a-nano-mallocr.o)
 .text          0x0000000000000000        0x0 /usr/lib/gcc/arm-none-eabi/5.2.0/../../../../arm-none-eabi/lib/armv7e-m/libc_nano.a(lib_a-sbrkr.o)
 .data          0x0000000000000000        0x0 /usr/lib/gcc/arm-none-eabi/5.2.0/../../../../arm-none-eabi/lib/armv7e-m/libc_nano.a(lib_a-sbrkr.o)
 .bss           0x0000000000000000        0x0 /usr/lib/gcc/arm-none-eabi/5.2.0/../../../../arm-none-eabi/lib/armv7e-m/libc_nano.a(lib_a-sbrkr.o)
 .text          0x0000000000000000        0x0 /usr/lib/gcc/arm-none-eabi/5.2.0/../../../../arm-none-eabi/lib/armv7e-m/libc_nano.a(lib_a-sprintf.o)
 .data          0x0000000000000000        0x0 /usr/lib/gcc/arm-none-eabi/5.2.0/../../../../arm-none-eabi/lib/armv7e-m/libc_nano.a(lib_a-sprintf.o)
 .bss           0x0000000000000000        0x0 /usr/lib/gcc/arm-none-eabi/5.2.0/../../../../arm-none-eabi/lib/armv7e-m/libc_nano.a(lib_a-sprintf.o)
 .text._sprintf_r
                0x0000000000000000       0x40 /usr/lib/gcc/arm-none-eabi/5.2.0/../../../../arm-none-eabi/lib/armv7e-m/libc_nano.a(lib_a-sprintf.o)
 .text          0x0000000000000000        0x0 /usr/lib/gcc/arm-none-eabi/5.2.0/../../../../arm-none-eabi/lib/armv7e-m/libc_nano.a(lib_a-__atexit.o)
 .data          0x0000000000000000        0x0 /usr/lib/gcc/arm-none-eabi/5.2.0/../../../../arm-none-eabi/lib/armv7e-m/libc_nano.a(lib_a-__atexit.o)
 .bss           0x0000000000000000        0x0 /usr/lib/gcc/arm-none-eabi/5.2.0/../../../../arm-none-eabi/lib/armv7e-m/libc_nano.a(lib_a-__atexit.o)
 .data.__atexit_dummy
                0x0000000000000000        0x4 /usr/lib/gcc/arm-none-eabi/5.2.0/../../../../arm-none-eabi/lib/armv7e-m/libc_nano.a(lib_a-__atexit.o)
 .text          0x0000000000000000        0x0 /usr/lib/gcc/arm-none-eabi/5.2.0/../../../../arm-none-eabi/lib/armv7e-m/libc_nano.a(lib_a-__call_atexit.o)
 .data          0x0000000000000000        0x0 /usr/lib/gcc/arm-none-eabi/5.2.0/../../../../arm-none-eabi/lib/armv7e-m/libc_nano.a(lib_a-__call_atexit.o)
 .bss           0x0000000000000000        0x0 /usr/lib/gcc/arm-none-eabi/5.2.0/../../../../arm-none-eabi/lib/armv7e-m/libc_nano.a(lib_a-__call_atexit.o)
 .text          0x0000000000000000        0x0 /usr/lib/gcc/arm-none-eabi/5.2.0/../../../../arm-none-eabi/lib/armv7e-m/libc_nano.a(lib_a-nano-svfprintf.o)
 .data          0x0000000000000000        0x0 /usr/lib/gcc/arm-none-eabi/5.2.0/../../../../arm-none-eabi/lib/armv7e-m/libc_nano.a(lib_a-nano-svfprintf.o)
 .bss           0x0000000000000000        0x0 /usr/lib/gcc/arm-none-eabi/5.2.0/../../../../arm-none-eabi/lib/armv7e-m/libc_nano.a(lib_a-nano-svfprintf.o)
 .text.__ssprint_r
                0x0000000000000000       0xfe /usr/lib/gcc/arm-none-eabi/5.2.0/../../../../arm-none-eabi/lib/armv7e-m/libc_nano.a(lib_a-nano-svfprintf.o)
 .text          0x0000000000000000        0x0 /usr/lib/gcc/arm-none-eabi/5.2.0/../../../../arm-none-eabi/lib/armv7e-m/libc_nano.a(lib_a-nano-vfprintf_i.o)
 .data          0x0000000000000000        0x0 /usr/lib/gcc/arm-none-eabi/5.2.0/../../../../arm-none-eabi/lib/armv7e-m/libc_nano.a(lib_a-nano-vfprintf_i.o)
 .bss           0x0000000000000000        0x0 /usr/lib/gcc/arm-none-eabi/5.2.0/../../../../arm-none-eabi/lib/armv7e-m/libc_nano.a(lib_a-nano-vfprintf_i.o)
 .text          0x0000000000000000        0x0 /usr/lib/gcc/arm-none-eabi/5.2.0/../../../../arm-none-eabi/lib/armv7e-m/libc_nano.a(lib_a-reent.o)
 .data          0x0000000000000000        0x0 /usr/lib/gcc/arm-none-eabi/5.2.0/../../../../arm-none-eabi/lib/armv7e-m/libc_nano.a(lib_a-reent.o)
 .bss           0x0000000000000000        0x0 /usr/lib/gcc/arm-none-eabi/5.2.0/../../../../arm-none-eabi/lib/armv7e-m/libc_nano.a(lib_a-reent.o)
 .text.cleanup_glue
                0x0000000000000000       0x1a /usr/lib/gcc/arm-none-eabi/5.2.0/../../../../arm-none-eabi/lib/armv7e-m/libc_nano.a(lib_a-reent.o)
 .text._reclaim_reent
                0x0000000000000000       0xb4 /usr/lib/gcc/arm-none-eabi/5.2.0/../../../../arm-none-eabi/lib/armv7e-m/libc_nano.a(lib_a-reent.o)
 .text          0x0000000000000000        0x0 /usr/lib/gcc/arm-none-eabi/5.2.0/../../../../arm-none-eabi/lib/armv7e-m/libc_nano.a(lib_a-memchr.o)
 .data          0x0000000000000000        0x0 /usr/lib/gcc/arm-none-eabi/5.2.0/../../../../arm-none-eabi/lib/armv7e-m/libc_nano.a(lib_a-memchr.o)
 .bss           0x0000000000000000        0x0 /usr/lib/gcc/arm-none-eabi/5.2.0/../../../../arm-none-eabi/lib/armv7e-m/libc_nano.a(lib_a-memchr.o)
 .text          0x0000000000000000        0x0 /usr/lib/gcc/arm-none-eabi/5.2.0/../../../../arm-none-eabi/lib/armv7e-m/libc_nano.a(lib_a-memcpy.o)
 .data          0x0000000000000000        0x0 /usr/lib/gcc/arm-none-eabi/5.2.0/../../../../arm-none-eabi/lib/armv7e-m/libc_nano.a(lib_a-memcpy.o)
 .bss           0x0000000000000000        0x0 /usr/lib/gcc/arm-none-eabi/5.2.0/../../../../arm-none-eabi/lib/armv7e-m/libc_nano.a(lib_a-memcpy.o)
 .text          0x0000000000000000        0x0 /usr/lib/gcc/arm-none-eabi/5.2.0/../../../../arm-none-eabi/lib/armv7e-m/libc_nano.a(lib_a-memmove.o)
 .data          0x0000000000000000        0x0 /usr/lib/gcc/arm-none-eabi/5.2.0/../../../../arm-none-eabi/lib/armv7e-m/libc_nano.a(lib_a-memmove.o)
 .bss           0x0000000000000000        0x0 /usr/lib/gcc/arm-none-eabi/5.2.0/../../../../arm-none-eabi/lib/armv7e-m/libc_nano.a(lib_a-memmove.o)
 .text          0x0000000000000000        0x0 /usr/lib/gcc/arm-none-eabi/5.2.0/../../../../arm-none-eabi/lib/armv7e-m/libc_nano.a(lib_a-nano-reallocr.o)
 .data          0x0000000000000000        0x0 /usr/lib/gcc/arm-none-eabi/5.2.0/../../../../arm-none-eabi/lib/armv7e-m/libc_nano.a(lib_a-nano-reallocr.o)
 .bss           0x0000000000000000        0x0 /usr/lib/gcc/arm-none-eabi/5.2.0/../../../../arm-none-eabi/lib/armv7e-m/libc_nano.a(lib_a-nano-reallocr.o)
 .text          0x0000000000000000        0x0 /usr/lib/gcc/arm-none-eabi/5.2.0/../../../../arm-none-eabi/lib/armv7e-m/libc_nano.a(lib_a-nano-msizer.o)
 .data          0x0000000000000000        0x0 /usr/lib/gcc/arm-none-eabi/5.2.0/../../../../arm-none-eabi/lib/armv7e-m/libc_nano.a(lib_a-nano-msizer.o)
 .bss           0x0000000000000000        0x0 /usr/lib/gcc/arm-none-eabi/5.2.0/../../../../arm-none-eabi/lib/armv7e-m/libc_nano.a(lib_a-nano-msizer.o)
 .text          0x0000000000000000        0x0 /usr/lib/gcc/arm-none-eabi/5.2.0/../../../../arm-none-eabi/lib/armv7e-m/libnosys.a(sbrk.o)
 .data          0x0000000000000000        0x0 /usr/lib/gcc/arm-none-eabi/5.2.0/../../../../arm-none-eabi/lib/armv7e-m/libnosys.a(sbrk.o)
 .bss           0x0000000000000000        0x0 /usr/lib/gcc/arm-none-eabi/5.2.0/../../../../arm-none-eabi/lib/armv7e-m/libnosys.a(sbrk.o)
 .text          0x0000000000000000        0x0 /usr/lib/gcc/arm-none-eabi/5.2.0/../../../../arm-none-eabi/lib/armv7e-m/libnosys.a(_exit.o)
 .data          0x0000000000000000        0x0 /usr/lib/gcc/arm-none-eabi/5.2.0/../../../../arm-none-eabi/lib/armv7e-m/libnosys.a(_exit.o)
 .bss           0x0000000000000000        0x0 /usr/lib/gcc/arm-none-eabi/5.2.0/../../../../arm-none-eabi/lib/armv7e-m/libnosys.a(_exit.o)
 .text          0x0000000000000000        0x0 /usr/lib/gcc/arm-none-eabi/5.2.0/armv7e-m/crtend.o
 .data          0x0000000000000000        0x0 /usr/lib/gcc/arm-none-eabi/5.2.0/armv7e-m/crtend.o
 .bss           0x0000000000000000        0x0 /usr/lib/gcc/arm-none-eabi/5.2.0/armv7e-m/crtend.o
 .jcr           0x0000000000000000        0x4 /usr/lib/gcc/arm-none-eabi/5.2.0/armv7e-m/crtend.o
 .text          0x0000000000000000        0x0 /usr/lib/gcc/arm-none-eabi/5.2.0/armv7e-m/crtn.o
 .data          0x0000000000000000        0x0 /usr/lib/gcc/arm-none-eabi/5.2.0/armv7e-m/crtn.o
 .bss           0x0000000000000000        0x0 /usr/lib/gcc/arm-none-eabi/5.2.0/armv7e-m/crtn.o

Memory Configuration

Name             Origin             Length             Attributes
VECTORS          0x0000000000000000 0x0000000000000400 xr
FLASH_PROTECTION 0x0000000000000400 0x0000000000000010 xr
FLASH            0x0000000000000410 0x00000000000ffbf0 xr
RAM              0x000000001fff0198 0x000000000003fe68 xrw
*default*        0x0000000000000000 0xffffffffffffffff

Linker script and memory map

LOAD /usr/lib/gcc/arm-none-eabi/5.2.0/armv7e-m/crti.o
LOAD /usr/lib/gcc/arm-none-eabi/5.2.0/armv7e-m/crtbegin.o
LOAD /usr/lib/gcc/arm-none-eabi/5.2.0/../../../../arm-none-eabi/lib/armv7e-m/crt0.o
LOAD build/system_MK64F12.o
LOAD build/queue.o
LOAD build/PIT.o
LOAD build/PID.o
LOAD build/uart.o
LOAD build/cw.o
LOAD build/pwm.o
LOAD build/sin.o
LOAD build/main.o
LOAD build/delay.o
LOAD build/i2c.o
LOAD build/dac.o
LOAD build/adc.o
LOAD build/startup_MK64F12.o
LOAD /usr/lib/gcc/arm-none-eabi/5.2.0/../../../../arm-none-eabi/lib/armv7e-m/libm.a
LOAD /usr/lib/gcc/arm-none-eabi/5.2.0/armv7e-m/libgcc.a
LOAD /usr/lib/gcc/arm-none-eabi/5.2.0/../../../../arm-none-eabi/lib/armv7e-m/libc_nano.a
LOAD /usr/lib/gcc/arm-none-eabi/5.2.0/../../../../arm-none-eabi/lib/armv7e-m/libnosys.a
START GROUP
LOAD /usr/lib/gcc/arm-none-eabi/5.2.0/armv7e-m/libgcc.a
LOAD /usr/lib/gcc/arm-none-eabi/5.2.0/../../../../arm-none-eabi/lib/armv7e-m/libc_nano.a
END GROUP
START GROUP
LOAD /usr/lib/gcc/arm-none-eabi/5.2.0/armv7e-m/libgcc.a
LOAD /usr/lib/gcc/arm-none-eabi/5.2.0/../../../../arm-none-eabi/lib/armv7e-m/libc_nano.a
END GROUP
LOAD /usr/lib/gcc/arm-none-eabi/5.2.0/armv7e-m/crtend.o
LOAD /usr/lib/gcc/arm-none-eabi/5.2.0/armv7e-m/crtn.o

.isr_vector     0x0000000000000000      0x198
                0x0000000000000000                __vector_table = .
 *(.vector_table)
 .vector_table  0x0000000000000000      0x198 build/startup_MK64F12.o
                0x0000000000000000                __isr_vector
 *(.text.Reset_Handler)
 *(.text.System_Init)
                0x0000000000000198                . = ALIGN (0x4)

.flash_protect  0x0000000000000400       0x10
 *(.kinetis_flash_config_field)
 .kinetis_flash_config_field
                0x0000000000000400       0x10 build/startup_MK64F12.o
                0x0000000000000410                . = ALIGN (0x4)

.text           0x0000000000000410     0x1f00
 *(.text*)
 .text.__do_global_dtors_aux
                0x0000000000000410       0x28 /usr/lib/gcc/arm-none-eabi/5.2.0/armv7e-m/crtbegin.o
 .text.frame_dummy
                0x0000000000000438       0x34 /usr/lib/gcc/arm-none-eabi/5.2.0/armv7e-m/crtbegin.o
 .text          0x000000000000046c       0x68 /usr/lib/gcc/arm-none-eabi/5.2.0/../../../../arm-none-eabi/lib/armv7e-m/crt0.o
                0x000000000000046c                _mainCRTStartup
                0x000000000000046c                _start
 .text.SystemInit
                0x00000000000004d4       0xe8 build/system_MK64F12.o
                0x00000000000004d4                SystemInit
 .text.PIT0_IRQHandler
                0x00000000000005bc       0x20 build/PIT.o
                0x00000000000005bc                PIT0_IRQHandler
 .text.PIT1_IRQHandler
                0x00000000000005dc       0x20 build/PIT.o
                0x00000000000005dc                PIT1_IRQHandler
 .text.PIDInitialize
                0x00000000000005fc       0x74 build/PID.o
                0x00000000000005fc                PIDInitialize
 .text.PIDUpdate
                0x0000000000000670       0xce build/PID.o
                0x0000000000000670                PIDUpdate
 .text.PIDSetGoal
                0x000000000000073e       0x3e build/PID.o
                0x000000000000073e                PIDSetGoal
 .text.uartInit
                0x000000000000077c       0x7c build/uart.o
                0x000000000000077c                uartInit
 .text.uartPutCharBlock
                0x00000000000007f8       0x12 build/uart.o
                0x00000000000007f8                uartPutCharBlock
 .text.uartPutString
                0x000000000000080a       0x18 build/uart.o
                0x000000000000080a                uartPutString
 *fill*         0x0000000000000822        0x2 
 .text.InitPWM2
                0x0000000000000824       0xa8 build/pwm.o
                0x0000000000000824                InitPWM2
 .text.FTM0_IRQHandler
                0x00000000000008cc       0x24 build/pwm.o
                0x00000000000008cc                FTM0_IRQHandler
 .text.startup.main
                0x00000000000008f0      0x374 build/main.o
                0x00000000000008f0                main
 .text.ADC1_INIT
                0x0000000000000c64       0x94 build/adc.o
                0x0000000000000c64                ADC1_INIT
 .text.ADC1_IRQHandler
                0x0000000000000cf8       0x58 build/adc.o
                0x0000000000000cf8                ADC1_IRQHandler
 .text          0x0000000000000d50       0x58 build/startup_MK64F12.o
                0x0000000000000d50                Reset_Handler
                0x0000000000000d80                NMI_Handler
                0x0000000000000d84                HardFault_Handler
                0x0000000000000d88                MemManage_Handler
                0x0000000000000d8c                BusFault_Handler
                0x0000000000000d90                UsageFault_Handler
                0x0000000000000d94                SVC_Handler
                0x0000000000000d98                DebugMon_Handler
                0x0000000000000d9c                PendSV_Handler
                0x0000000000000da0                SysTick_Handler
                0x0000000000000da4                CAN0_Rx_Warning_IRQHandler
                0x0000000000000da4                I2C0_IRQHandler
                0x0000000000000da4                UART3_RX_TX_IRQHandler
                0x0000000000000da4                UART0_RX_TX_IRQHandler
                0x0000000000000da4                I2C1_IRQHandler
                0x0000000000000da4                DMA2_IRQHandler
                0x0000000000000da4                ENET_Error_IRQHandler
                0x0000000000000da4                CAN0_Tx_Warning_IRQHandler
                0x0000000000000da4                CAN0_ORed_Message_buffer_IRQHandler
                0x0000000000000da4                Watchdog_IRQHandler
                0x0000000000000da4                CMP2_IRQHandler
                0x0000000000000da4                ENET_Receive_IRQHandler
                0x0000000000000da4                ENET_1588_Timer_IRQHandler
                0x0000000000000da4                UART2_RX_TX_IRQHandler
                0x0000000000000da4                SWI_IRQHandler
                0x0000000000000da4                ADC0_IRQHandler
                0x0000000000000da4                I2S0_Tx_IRQHandler
                0x0000000000000da4                CMT_IRQHandler
                0x0000000000000da4                UART4_RX_TX_IRQHandler
                0x0000000000000da4                SPI1_IRQHandler
                0x0000000000000da4                DefaultISR
                0x0000000000000da4                DMA9_IRQHandler
                0x0000000000000da4                DMA14_IRQHandler
                0x0000000000000da4                CMP1_IRQHandler
                0x0000000000000da4                Reserved71_IRQHandler
                0x0000000000000da4                PORTD_IRQHandler
                0x0000000000000da4                PORTB_IRQHandler
                0x0000000000000da4                UART4_ERR_IRQHandler
                0x0000000000000da4                I2C2_IRQHandler
                0x0000000000000da4                PIT2_IRQHandler
                0x0000000000000da4                I2S0_Rx_IRQHandler
                0x0000000000000da4                LPTimer_IRQHandler
                0x0000000000000da4                DMA5_IRQHandler
                0x0000000000000da4                RTC_IRQHandler
                0x0000000000000da4                PDB0_IRQHandler
                0x0000000000000da4                FTM1_IRQHandler
                0x0000000000000da4                UART5_RX_TX_IRQHandler
                0x0000000000000da4                UART3_ERR_IRQHandler
                0x0000000000000da4                PIT3_IRQHandler
                0x0000000000000da4                SDHC_IRQHandler
                0x0000000000000da4                RTC_Seconds_IRQHandler
                0x0000000000000da4                MCG_IRQHandler
                0x0000000000000da4                FTFE_IRQHandler
                0x0000000000000da4                UART2_ERR_IRQHandler
                0x0000000000000da4                DMA11_IRQHandler
                0x0000000000000da4                UART5_ERR_IRQHandler
                0x0000000000000da4                Read_Collision_IRQHandler
                0x0000000000000da4                Default_Handler
                0x0000000000000da4                DMA7_IRQHandler
                0x0000000000000da4                ENET_Transmit_IRQHandler
                0x0000000000000da4                USBDCD_IRQHandler
                0x0000000000000da4                USB0_IRQHandler
                0x0000000000000da4                LLW_IRQHandler
                0x0000000000000da4                SPI2_IRQHandler
                0x0000000000000da4                DMA13_IRQHandler
                0x0000000000000da4                DMA3_IRQHandler
                0x0000000000000da4                UART0_LON_IRQHandler
                0x0000000000000da4                RNG_IRQHandler
                0x0000000000000da4                DMA0_IRQHandler
                0x0000000000000da4                DMA15_IRQHandler
                0x0000000000000da4                DAC0_IRQHandler
                0x0000000000000da4                CAN0_Error_IRQHandler
                0x0000000000000da4                DMA4_IRQHandler
                0x0000000000000da4                UART0_ERR_IRQHandler
                0x0000000000000da4                DMA_Error_IRQHandler
                0x0000000000000da4                LVD_LVW_IRQHandler
                0x0000000000000da4                SPI0_IRQHandler
                0x0000000000000da4                PORTA_IRQHandler
                0x0000000000000da4                DAC1_IRQHandler
                0x0000000000000da4                MCM_IRQHandler
                0x0000000000000da4                DMA12_IRQHandler
                0x0000000000000da4                CAN0_Bus_Off_IRQHandler
                0x0000000000000da4                FTM3_IRQHandler
                0x0000000000000da4                PORTE_IRQHandler
                0x0000000000000da4                FTM2_IRQHandler
                0x0000000000000da4                DMA8_IRQHandler
                0x0000000000000da4                DMA10_IRQHandler
                0x0000000000000da4                CAN0_Wake_Up_IRQHandler
                0x0000000000000da4                UART1_ERR_IRQHandler
                0x0000000000000da4                UART1_RX_TX_IRQHandler
                0x0000000000000da4                CMP0_IRQHandler
                0x0000000000000da4                PORTC_IRQHandler
                0x0000000000000da4                DMA6_IRQHandler
                0x0000000000000da4                DMA1_IRQHandler
 .text          0x0000000000000da8      0x370 /usr/lib/gcc/arm-none-eabi/5.2.0/armv7e-m/libgcc.a(_arm_addsubdf3.o)
                0x0000000000000da8                __aeabi_drsub
                0x0000000000000db0                __aeabi_dsub
                0x0000000000000db0                __subdf3
                0x0000000000000db4                __adddf3
                0x0000000000000db4                __aeabi_dadd
                0x000000000000102c                __aeabi_ui2d
                0x000000000000102c                __floatunsidf
                0x000000000000104c                __floatsidf
                0x000000000000104c                __aeabi_i2d
                0x0000000000001070                __extendsfdf2
                0x0000000000001070                __aeabi_f2d
                0x00000000000010ac                __aeabi_ul2d
                0x00000000000010ac                __floatundidf
                0x00000000000010bc                __floatdidf
                0x00000000000010bc                __aeabi_l2d
 .text          0x0000000000001118      0x21c /usr/lib/gcc/arm-none-eabi/5.2.0/armv7e-m/libgcc.a(_arm_addsubsf3.o)
                0x0000000000001118                __aeabi_frsub
                0x0000000000001120                __subsf3
                0x0000000000001120                __aeabi_fsub
                0x0000000000001124                __aeabi_fadd
                0x0000000000001124                __addsf3
                0x0000000000001284                __aeabi_ui2f
                0x0000000000001284                __floatunsisf
                0x000000000000128c                __aeabi_i2f
                0x000000000000128c                __floatsisf
                0x00000000000012a8                __floatundisf
                0x00000000000012a8                __aeabi_ul2f
                0x00000000000012b8                __floatdisf
                0x00000000000012b8                __aeabi_l2f
 .text          0x0000000000001334      0x2a0 /usr/lib/gcc/arm-none-eabi/5.2.0/armv7e-m/libgcc.a(_arm_muldivsf3.o)
                0x0000000000001334                __mulsf3
                0x0000000000001334                __aeabi_fmul
                0x000000000000149c                __divsf3
                0x000000000000149c                __aeabi_fdiv
 .text          0x00000000000015d4       0xec /usr/lib/gcc/arm-none-eabi/5.2.0/armv7e-m/libgcc.a(_arm_cmpsf2.o)
                0x00000000000015d4                __gtsf2
                0x00000000000015d4                __gesf2
                0x00000000000015dc                __lesf2
                0x00000000000015dc                __ltsf2
                0x00000000000015e4                __nesf2
                0x00000000000015e4                __eqsf2
                0x00000000000015e4                __cmpsf2
                0x0000000000001644                __aeabi_cfrcmple
                0x000000000000164c                __aeabi_cfcmple
                0x000000000000164c                __aeabi_cfcmpeq
                0x000000000000165c                __aeabi_fcmpeq
                0x0000000000001670                __aeabi_fcmplt
                0x0000000000001684                __aeabi_fcmple
                0x0000000000001698                __aeabi_fcmpge
                0x00000000000016ac                __aeabi_fcmpgt
 .text          0x00000000000016c0       0x4c /usr/lib/gcc/arm-none-eabi/5.2.0/armv7e-m/libgcc.a(_arm_fixsfsi.o)
                0x00000000000016c0                __fixsfsi
                0x00000000000016c0                __aeabi_f2iz
 .text.atexit   0x000000000000170c        0xc /usr/lib/gcc/arm-none-eabi/5.2.0/../../../../arm-none-eabi/lib/armv7e-m/libc_nano.a(lib_a-atexit.o)
                0x000000000000170c                atexit
 .text.exit     0x0000000000001718       0x28 /usr/lib/gcc/arm-none-eabi/5.2.0/../../../../arm-none-eabi/lib/armv7e-m/libc_nano.a(lib_a-exit.o)
                0x0000000000001718                exit
 .text.__libc_fini_array
                0x0000000000001740       0x28 /usr/lib/gcc/arm-none-eabi/5.2.0/../../../../arm-none-eabi/lib/armv7e-m/libc_nano.a(lib_a-fini.o)
                0x0000000000001740                __libc_fini_array
 .text.__libc_init_array
                0x0000000000001768       0x4c /usr/lib/gcc/arm-none-eabi/5.2.0/../../../../arm-none-eabi/lib/armv7e-m/libc_nano.a(lib_a-init.o)
                0x0000000000001768                __libc_init_array
 .text.malloc   0x00000000000017b4       0x10 /usr/lib/gcc/arm-none-eabi/5.2.0/../../../../arm-none-eabi/lib/armv7e-m/libc_nano.a(lib_a-malloc.o)
                0x00000000000017b4                malloc
 .text.free     0x00000000000017c4       0x10 /usr/lib/gcc/arm-none-eabi/5.2.0/../../../../arm-none-eabi/lib/armv7e-m/libc_nano.a(lib_a-malloc.o)
                0x00000000000017c4                free
 .text.memset   0x00000000000017d4       0x10 /usr/lib/gcc/arm-none-eabi/5.2.0/../../../../arm-none-eabi/lib/armv7e-m/libc_nano.a(lib_a-memset.o)
                0x00000000000017d4                memset
 .text._free_r  0x00000000000017e4       0x8c /usr/lib/gcc/arm-none-eabi/5.2.0/../../../../arm-none-eabi/lib/armv7e-m/libc_nano.a(lib_a-nano-freer.o)
                0x00000000000017e4                _free_r
 .text._malloc_r
                0x0000000000001870       0xa8 /usr/lib/gcc/arm-none-eabi/5.2.0/../../../../arm-none-eabi/lib/armv7e-m/libc_nano.a(lib_a-nano-mallocr.o)
                0x0000000000001870                _malloc_r
 .text._sbrk_r  0x0000000000001918       0x20 /usr/lib/gcc/arm-none-eabi/5.2.0/../../../../arm-none-eabi/lib/armv7e-m/libc_nano.a(lib_a-sbrkr.o)
                0x0000000000001918                _sbrk_r
 .text.sprintf  0x0000000000001938       0x48 /usr/lib/gcc/arm-none-eabi/5.2.0/../../../../arm-none-eabi/lib/armv7e-m/libc_nano.a(lib_a-sprintf.o)
                0x0000000000001938                sprintf
                0x0000000000001938                siprintf
 .text.__register_exitproc
                0x0000000000001980       0xb8 /usr/lib/gcc/arm-none-eabi/5.2.0/../../../../arm-none-eabi/lib/armv7e-m/libc_nano.a(lib_a-__atexit.o)
                0x0000000000001980                __register_exitproc
 .text.__call_exitprocs
                0x0000000000001a38       0xd4 /usr/lib/gcc/arm-none-eabi/5.2.0/../../../../arm-none-eabi/lib/armv7e-m/libc_nano.a(lib_a-__call_atexit.o)
                0x0000000000001a38                __call_exitprocs
 .text.__ssputs_r
                0x0000000000001b0c       0xb2 /usr/lib/gcc/arm-none-eabi/5.2.0/../../../../arm-none-eabi/lib/armv7e-m/libc_nano.a(lib_a-nano-svfprintf.o)
                0x0000000000001b0c                __ssputs_r
 *fill*         0x0000000000001bbe        0x2 
 .text._svfprintf_r
                0x0000000000001bc0      0x1e8 /usr/lib/gcc/arm-none-eabi/5.2.0/../../../../arm-none-eabi/lib/armv7e-m/libc_nano.a(lib_a-nano-svfprintf.o)
                0x0000000000001bc0                _svfprintf_r
                0x0000000000001bc0                _svfiprintf_r
 .text._printf_common
                0x0000000000001da8       0xec /usr/lib/gcc/arm-none-eabi/5.2.0/../../../../arm-none-eabi/lib/armv7e-m/libc_nano.a(lib_a-nano-vfprintf_i.o)
                0x0000000000001da8                _printf_common
 .text._printf_i
                0x0000000000001e94      0x24c /usr/lib/gcc/arm-none-eabi/5.2.0/../../../../arm-none-eabi/lib/armv7e-m/libc_nano.a(lib_a-nano-vfprintf_i.o)
                0x0000000000001e94                _printf_i
 .text.memchr   0x00000000000020e0       0x1e /usr/lib/gcc/arm-none-eabi/5.2.0/../../../../arm-none-eabi/lib/armv7e-m/libc_nano.a(lib_a-memchr.o)
                0x00000000000020e0                memchr
 .text.memcpy   0x00000000000020fe       0x16 /usr/lib/gcc/arm-none-eabi/5.2.0/../../../../arm-none-eabi/lib/armv7e-m/libc_nano.a(lib_a-memcpy.o)
                0x00000000000020fe                memcpy
 .text.memmove  0x0000000000002114       0x36 /usr/lib/gcc/arm-none-eabi/5.2.0/../../../../arm-none-eabi/lib/armv7e-m/libc_nano.a(lib_a-memmove.o)
                0x0000000000002114                memmove
 .text._realloc_r
                0x000000000000214a       0x4c /usr/lib/gcc/arm-none-eabi/5.2.0/../../../../arm-none-eabi/lib/armv7e-m/libc_nano.a(lib_a-nano-reallocr.o)
                0x000000000000214a                _realloc_r
 .text._malloc_usable_size_r
                0x0000000000002196       0x14 /usr/lib/gcc/arm-none-eabi/5.2.0/../../../../arm-none-eabi/lib/armv7e-m/libc_nano.a(lib_a-nano-msizer.o)
                0x0000000000002196                _malloc_usable_size_r
 *fill*         0x00000000000021aa        0x2 
 .text._sbrk    0x00000000000021ac       0x1c /usr/lib/gcc/arm-none-eabi/5.2.0/../../../../arm-none-eabi/lib/armv7e-m/libnosys.a(sbrk.o)
                0x00000000000021ac                _sbrk
 .text._exit    0x00000000000021c8        0x4 /usr/lib/gcc/arm-none-eabi/5.2.0/../../../../arm-none-eabi/lib/armv7e-m/libnosys.a(_exit.o)
                0x00000000000021c8                _exit
 *(.init)
 .init          0x00000000000021cc        0x4 /usr/lib/gcc/arm-none-eabi/5.2.0/armv7e-m/crti.o
                0x00000000000021cc                _init
 .init          0x00000000000021d0        0x8 /usr/lib/gcc/arm-none-eabi/5.2.0/armv7e-m/crtn.o
 *(.fini)
 .fini          0x00000000000021d8        0x4 /usr/lib/gcc/arm-none-eabi/5.2.0/armv7e-m/crti.o
                0x00000000000021d8                _fini
 .fini          0x00000000000021dc        0x8 /usr/lib/gcc/arm-none-eabi/5.2.0/armv7e-m/crtn.o
 *crtbegin.o(.ctors)
 *crtbegin?.o(.ctors)
 *(EXCLUDE_FILE(*crtend.o *crtend?.o) .ctors)
 *(SORT(.ctors.*))
 *(.ctors)
 *crtbegin.o(.dtors)
 *crtbegin?.o(.dtors)
 *(EXCLUDE_FILE(*crtend.o *crtend?.o) .dtors)
 *(SORT(.dtors.*))
 *(.dtors)
 *(.rodata*)
 .rodata.str1.1
                0x00000000000021e4       0xea build/main.o
 .rodata.ADC1SourceBytes
                0x00000000000022ce        0x4 build/adc.o
                0x00000000000022ce                ADC1SourceBytes
 .rodata.str1.1
                0x00000000000022d2        0x2 /usr/lib/gcc/arm-none-eabi/5.2.0/../../../../arm-none-eabi/lib/armv7e-m/libc_nano.a(lib_a-impure.o)
 .rodata._global_impure_ptr
                0x00000000000022d4        0x4 /usr/lib/gcc/arm-none-eabi/5.2.0/../../../../arm-none-eabi/lib/armv7e-m/libc_nano.a(lib_a-impure.o)
                0x00000000000022d4                _global_impure_ptr
 .rodata.str1.1
                0x00000000000022d8       0x11 /usr/lib/gcc/arm-none-eabi/5.2.0/../../../../arm-none-eabi/lib/armv7e-m/libc_nano.a(lib_a-nano-svfprintf.o)
 .rodata.str1.1
                0x00000000000022e9       0x22 /usr/lib/gcc/arm-none-eabi/5.2.0/../../../../arm-none-eabi/lib/armv7e-m/libc_nano.a(lib_a-nano-vfprintf_i.o)
 *(.eh_frame*)
 *fill*         0x000000000000230b        0x1 
 .eh_frame      0x000000000000230c        0x0 /usr/lib/gcc/arm-none-eabi/5.2.0/armv7e-m/crtbegin.o
 .eh_frame      0x000000000000230c        0x4 /usr/lib/gcc/arm-none-eabi/5.2.0/armv7e-m/crtend.o

.glue_7         0x0000000000002310        0x0
 .glue_7        0x0000000000002310        0x0 linker stubs

.glue_7t        0x0000000000002310        0x0
 .glue_7t       0x0000000000002310        0x0 linker stubs

.vfp11_veneer   0x0000000000002310        0x0
 .vfp11_veneer  0x0000000000002310        0x0 linker stubs

.v4_bx          0x0000000000002310        0x0
 .v4_bx         0x0000000000002310        0x0 linker stubs

.iplt           0x0000000000002310        0x0
 .iplt          0x0000000000002310        0x0 /usr/lib/gcc/arm-none-eabi/5.2.0/armv7e-m/crtbegin.o

.ARM.extab
 *(.ARM.extab* .gnu.linkonce.armextab.*)
                0x0000000000002310                __exidx_start = .

.ARM.exidx      0x0000000000002310        0x8
 *(.ARM.exidx* .gnu.linkonce.armexidx.*)
 .ARM.exidx     0x0000000000002310        0x8 /usr/lib/gcc/arm-none-eabi/5.2.0/../../../../arm-none-eabi/lib/armv7e-m/crt0.o
                0x0000000000002318                __exidx_end = .

.rel.dyn        0x0000000000002318        0x0
 .rel.iplt      0x0000000000002318        0x0 /usr/lib/gcc/arm-none-eabi/5.2.0/armv7e-m/crtbegin.o
                0x0000000000002318                . = ALIGN (0x4)
                0x0000000000002318                __etext = .

.data           0x000000001fff0198       0x70 load address 0x0000000000002318
                0x000000001fff0198                . = ALIGN (0x4)
                0x000000001fff0198                __data_start__ = .
 *(vtable)
 *(.data*)
 .data.SystemCoreClock
                0x000000001fff0198        0x4 build/system_MK64F12.o
                0x000000001fff0198                SystemCoreClock
 .data.impure_data
                0x000000001fff019c       0x60 /usr/lib/gcc/arm-none-eabi/5.2.0/../../../../arm-none-eabi/lib/armv7e-m/libc_nano.a(lib_a-impure.o)
 .data._impure_ptr
                0x000000001fff01fc        0x4 /usr/lib/gcc/arm-none-eabi/5.2.0/../../../../arm-none-eabi/lib/armv7e-m/libc_nano.a(lib_a-impure.o)
                0x000000001fff01fc                _impure_ptr
                0x000000001fff0200                . = ALIGN (0x4)
                0x000000001fff0200                PROVIDE (__preinit_array_start, .)
 *(.preinit_array)
                0x000000001fff0200                PROVIDE (__preinit_array_end, .)
                0x000000001fff0200                . = ALIGN (0x4)
                0x000000001fff0200                PROVIDE (__init_array_start, .)
 *(SORT(.init_array.*))
 *(.init_array)
 .init_array    0x000000001fff0200        0x4 /usr/lib/gcc/arm-none-eabi/5.2.0/armv7e-m/crtbegin.o
                0x000000001fff0204                PROVIDE (__init_array_end, .)
                0x000000001fff0204                . = ALIGN (0x4)
                0x000000001fff0204                PROVIDE (__fini_array_start, .)
 *(SORT(.fini_array.*))
 *(.fini_array)
 .fini_array    0x000000001fff0204        0x4 /usr/lib/gcc/arm-none-eabi/5.2.0/armv7e-m/crtbegin.o
                0x000000001fff0208                PROVIDE (__fini_array_end, .)
                0x000000001fff0208                . = ALIGN (0x4)
                0x000000001fff0208                __data_end__ = .

.jcr            0x000000001fff0208        0x0 load address 0x0000000000002388
 .jcr           0x000000001fff0208        0x0 /usr/lib/gcc/arm-none-eabi/5.2.0/armv7e-m/crtbegin.o

.igot.plt       0x000000001fff0208        0x0 load address 0x0000000000002388
 .igot.plt      0x000000001fff0208        0x0 /usr/lib/gcc/arm-none-eabi/5.2.0/armv7e-m/crtbegin.o

.bss            0x000000001fff0208      0x170 load address 0x0000000000002388
                0x000000001fff0208                __bss_start__ = .
 *(.bss*)
 .bss.completed.8358
                0x000000001fff0208        0x1 /usr/lib/gcc/arm-none-eabi/5.2.0/armv7e-m/crtbegin.o
 *fill*         0x000000001fff0209        0x3 
 .bss.object.8363
                0x000000001fff020c       0x18 /usr/lib/gcc/arm-none-eabi/5.2.0/armv7e-m/crtbegin.o
 .bss.chan2Mod  0x000000001fff0224        0x4 build/pwm.o
 .bss.PWMTick   0x000000001fff0228        0x4 build/pwm.o
 .bss.chan2Freq
                0x000000001fff022c        0x4 build/pwm.o
 .bss.__malloc_sbrk_start
                0x000000001fff0230        0x4 /usr/lib/gcc/arm-none-eabi/5.2.0/../../../../arm-none-eabi/lib/armv7e-m/libc_nano.a(lib_a-nano-mallocr.o)
                0x000000001fff0230                __malloc_sbrk_start
 .bss.__malloc_free_list
                0x000000001fff0234        0x4 /usr/lib/gcc/arm-none-eabi/5.2.0/../../../../arm-none-eabi/lib/armv7e-m/libc_nano.a(lib_a-nano-mallocr.o)
                0x000000001fff0234                __malloc_free_list
 .bss._global_atexit0
                0x000000001fff0238       0x8c /usr/lib/gcc/arm-none-eabi/5.2.0/../../../../arm-none-eabi/lib/armv7e-m/libc_nano.a(lib_a-__atexit.o)
 .bss._global_atexit
                0x000000001fff02c4        0x4 /usr/lib/gcc/arm-none-eabi/5.2.0/../../../../arm-none-eabi/lib/armv7e-m/libc_nano.a(lib_a-__call_atexit.o)
                0x000000001fff02c4                _global_atexit
 .bss.heap_end.4167
                0x000000001fff02c8        0x4 /usr/lib/gcc/arm-none-eabi/5.2.0/../../../../arm-none-eabi/lib/armv7e-m/libnosys.a(sbrk.o)
 *(COMMON)
 COMMON         0x000000001fff02cc        0x8 build/PIT.o
                0x000000001fff02cc                PITData
 COMMON         0x000000001fff02d4        0x4 build/uart.o
                0x000000001fff02d4                uart0Data
 COMMON         0x000000001fff02d8       0x90 build/main.o
                0x000000001fff02d8                nernstVoltage
                0x000000001fff02dc                pumpCurrentPID
                0x000000001fff0304                nernstR
                0x000000001fff0308                pumpCurrentDesired
                0x000000001fff030c                heaterPID
                0x000000001fff0334                pumpCurrentDutyCycle
                0x000000001fff0338                pumpCurrentMeasured
                0x000000001fff033c                nernstVoltagePID
                0x000000001fff0364                heaterDutyCycle
 COMMON         0x000000001fff0368        0xc build/adc.o
                0x000000001fff0368                ADC1ResultIndex
                0x000000001fff036c                ADC1Results
 COMMON         0x000000001fff0374        0x4 /usr/lib/gcc/arm-none-eabi/5.2.0/../../../../arm-none-eabi/lib/armv7e-m/libc_nano.a(lib_a-reent.o)
                0x000000001fff0374                errno
                0x000000001fff0378                __bss_end__ = .

.heap           0x000000001fff0378      0x100
                0x000000001fff0378                __end__ = .
                0x000000001fff0378                end = __end__
 *(.heap*)
 .heap          0x000000001fff0378      0x100 build/startup_MK64F12.o
                0x000000001fff0378                __HeapBase
                0x000000001fff0478                __HeapLimit = .

.stack_dummy    0x000000001fff0378      0x100
 *(.stack)
 .stack         0x000000001fff0378      0x100 build/startup_MK64F12.o
                0x0000000020030000                __StackTop = (ORIGIN (RAM) + 0x3fe68)
                0x000000002002ff00                __StackLimit = (__StackTop - SIZEOF (.stack_dummy))
                0x0000000020030000                PROVIDE (__stack, __StackTop)
                0x0000000000000001                ASSERT ((__StackLimit >= __HeapLimit), region RAM overflowed with stack)
OUTPUT(build/wideband.elf elf32-littlearm)

.ARM.attributes
                0x0000000000000000       0x2a
 .ARM.attributes
                0x0000000000000000       0x1e /usr/lib/gcc/arm-none-eabi/5.2.0/armv7e-m/crti.o
 .ARM.attributes
                0x000000000000001e       0x2e /usr/lib/gcc/arm-none-eabi/5.2.0/armv7e-m/crtbegin.o
 .ARM.attributes
                0x000000000000004c       0x1c /usr/lib/gcc/arm-none-eabi/5.2.0/../../../../arm-none-eabi/lib/armv7e-m/crt0.o
 .ARM.attributes
                0x0000000000000068       0x33 build/system_MK64F12.o
 .ARM.attributes
                0x000000000000009b       0x33 build/PIT.o
 .ARM.attributes
                0x00000000000000ce       0x33 build/PID.o
 .ARM.attributes
                0x0000000000000101       0x33 build/uart.o
 .ARM.attributes
                0x0000000000000134       0x33 build/pwm.o
 .ARM.attributes
                0x0000000000000167       0x33 build/main.o
 .ARM.attributes
                0x000000000000019a       0x33 build/adc.o
 .ARM.attributes
                0x00000000000001cd       0x1b build/startup_MK64F12.o
 .ARM.attributes
                0x00000000000001e8       0x1e /usr/lib/gcc/arm-none-eabi/5.2.0/armv7e-m/libgcc.a(_arm_addsubdf3.o)
 .ARM.attributes
                0x0000000000000206       0x1e /usr/lib/gcc/arm-none-eabi/5.2.0/armv7e-m/libgcc.a(_arm_addsubsf3.o)
 .ARM.attributes
                0x0000000000000224       0x1e /usr/lib/gcc/arm-none-eabi/5.2.0/armv7e-m/libgcc.a(_arm_muldivsf3.o)
 .ARM.attributes
                0x0000000000000242       0x1e /usr/lib/gcc/arm-none-eabi/5.2.0/armv7e-m/libgcc.a(_arm_cmpsf2.o)
 .ARM.attributes
                0x0000000000000260       0x1e /usr/lib/gcc/arm-none-eabi/5.2.0/armv7e-m/libgcc.a(_arm_fixsfsi.o)
 .ARM.attributes
                0x000000000000027e       0x2e /usr/lib/gcc/arm-none-eabi/5.2.0/../../../../arm-none-eabi/lib/armv7e-m/libc_nano.a(lib_a-atexit.o)
 .ARM.attributes
                0x00000000000002ac       0x2e /usr/lib/gcc/arm-none-eabi/5.2.0/../../../../arm-none-eabi/lib/armv7e-m/libc_nano.a(lib_a-exit.o)
 .ARM.attributes
                0x00000000000002da       0x2e /usr/lib/gcc/arm-none-eabi/5.2.0/../../../../arm-none-eabi/lib/armv7e-m/libc_nano.a(lib_a-fini.o)
 .ARM.attributes
                0x0000000000000308       0x2e /usr/lib/gcc/arm-none-eabi/5.2.0/../../../../arm-none-eabi/lib/armv7e-m/libc_nano.a(lib_a-impure.o)
 .ARM.attributes
                0x0000000000000336       0x2e /usr/lib/gcc/arm-none-eabi/5.2.0/../../../../arm-none-eabi/lib/armv7e-m/libc_nano.a(lib_a-init.o)
 .ARM.attributes
                0x0000000000000364       0x2e /usr/lib/gcc/arm-none-eabi/5.2.0/../../../../arm-none-eabi/lib/armv7e-m/libc_nano.a(lib_a-malloc.o)
 .ARM.attributes
                0x0000000000000392       0x2e /usr/lib/gcc/arm-none-eabi/5.2.0/../../../../arm-none-eabi/lib/armv7e-m/libc_nano.a(lib_a-memset.o)
 .ARM.attributes
                0x00000000000003c0       0x2e /usr/lib/gcc/arm-none-eabi/5.2.0/../../../../arm-none-eabi/lib/armv7e-m/libc_nano.a(lib_a-nano-freer.o)
 .ARM.attributes
                0x00000000000003ee       0x2e /usr/lib/gcc/arm-none-eabi/5.2.0/../../../../arm-none-eabi/lib/armv7e-m/libc_nano.a(lib_a-nano-mallocr.o)
 .ARM.attributes
                0x000000000000041c       0x2e /usr/lib/gcc/arm-none-eabi/5.2.0/../../../../arm-none-eabi/lib/armv7e-m/libc_nano.a(lib_a-sbrkr.o)
 .ARM.attributes
                0x000000000000044a       0x2e /usr/lib/gcc/arm-none-eabi/5.2.0/../../../../arm-none-eabi/lib/armv7e-m/libc_nano.a(lib_a-sprintf.o)
 .ARM.attributes
                0x0000000000000478       0x2e /usr/lib/gcc/arm-none-eabi/5.2.0/../../../../arm-none-eabi/lib/armv7e-m/libc_nano.a(lib_a-__atexit.o)
 .ARM.attributes
                0x00000000000004a6       0x2e /usr/lib/gcc/arm-none-eabi/5.2.0/../../../../arm-none-eabi/lib/armv7e-m/libc_nano.a(lib_a-__call_atexit.o)
 .ARM.attributes
                0x00000000000004d4       0x2e /usr/lib/gcc/arm-none-eabi/5.2.0/../../../../arm-none-eabi/lib/armv7e-m/libc_nano.a(lib_a-nano-svfprintf.o)
 .ARM.attributes
                0x0000000000000502       0x2e /usr/lib/gcc/arm-none-eabi/5.2.0/../../../../arm-none-eabi/lib/armv7e-m/libc_nano.a(lib_a-nano-vfprintf_i.o)
 .ARM.attributes
                0x0000000000000530       0x2e /usr/lib/gcc/arm-none-eabi/5.2.0/../../../../arm-none-eabi/lib/armv7e-m/libc_nano.a(lib_a-reent.o)
 .ARM.attributes
                0x000000000000055e       0x2e /usr/lib/gcc/arm-none-eabi/5.2.0/../../../../arm-none-eabi/lib/armv7e-m/libc_nano.a(lib_a-memchr.o)
 .ARM.attributes
                0x000000000000058c       0x2e /usr/lib/gcc/arm-none-eabi/5.2.0/../../../../arm-none-eabi/lib/armv7e-m/libc_nano.a(lib_a-memcpy.o)
 .ARM.attributes
                0x00000000000005ba       0x2e /usr/lib/gcc/arm-none-eabi/5.2.0/../../../../arm-none-eabi/lib/armv7e-m/libc_nano.a(lib_a-memmove.o)
 .ARM.attributes
                0x00000000000005e8       0x2e /usr/lib/gcc/arm-none-eabi/5.2.0/../../../../arm-none-eabi/lib/armv7e-m/libc_nano.a(lib_a-nano-reallocr.o)
 .ARM.attributes
                0x0000000000000616       0x2e /usr/lib/gcc/arm-none-eabi/5.2.0/../../../../arm-none-eabi/lib/armv7e-m/libc_nano.a(lib_a-nano-msizer.o)
 .ARM.attributes
                0x0000000000000644       0x2e /usr/lib/gcc/arm-none-eabi/5.2.0/../../../../arm-none-eabi/lib/armv7e-m/libnosys.a(sbrk.o)
 .ARM.attributes
                0x0000000000000672       0x2e /usr/lib/gcc/arm-none-eabi/5.2.0/../../../../arm-none-eabi/lib/armv7e-m/libnosys.a(_exit.o)
 .ARM.attributes
                0x00000000000006a0       0x2e /usr/lib/gcc/arm-none-eabi/5.2.0/armv7e-m/crtend.o
 .ARM.attributes
                0x00000000000006ce       0x1e /usr/lib/gcc/arm-none-eabi/5.2.0/armv7e-m/crtn.o

.comment        0x0000000000000000       0x1d
 .comment       0x0000000000000000       0x1d build/system_MK64F12.o
                                         0x1e (size before relaxing)
 .comment       0x000000000000001d       0x1e build/PIT.o
 .comment       0x000000000000001d       0x1e build/PID.o
 .comment       0x000000000000001d       0x1e build/uart.o
 .comment       0x000000000000001d       0x1e build/pwm.o
 .comment       0x000000000000001d       0x1e build/main.o
 .comment       0x000000000000001d       0x1e build/adc.o

.debug_info     0x0000000000000000     0x3615
 .debug_info    0x0000000000000000      0x5ad build/system_MK64F12.o
 .debug_info    0x00000000000005ad      0x85b build/PIT.o
 .debug_info    0x0000000000000e08      0x23f build/PID.o
 .debug_info    0x0000000000001047      0x6b6 build/uart.o
 .debug_info    0x00000000000016fd      0x5b4 build/pwm.o
 .debug_info    0x0000000000001cb1      0xe27 build/main.o
 .debug_info    0x0000000000002ad8      0xab0 build/adc.o
 .debug_info    0x0000000000003588       0x8d build/startup_MK64F12.o

.debug_abbrev   0x0000000000000000      0xb54
 .debug_abbrev  0x0000000000000000      0x117 build/system_MK64F12.o
 .debug_abbrev  0x0000000000000117      0x1f4 build/PIT.o
 .debug_abbrev  0x000000000000030b      0x109 build/PID.o
 .debug_abbrev  0x0000000000000414      0x1f2 build/uart.o
 .debug_abbrev  0x0000000000000606      0x160 build/pwm.o
 .debug_abbrev  0x0000000000000766      0x23b build/main.o
 .debug_abbrev  0x00000000000009a1      0x19f build/adc.o
 .debug_abbrev  0x0000000000000b40       0x14 build/startup_MK64F12.o

.debug_loc      0x0000000000000000      0x5f6
 .debug_loc     0x0000000000000000       0x7f build/system_MK64F12.o
 .debug_loc     0x000000000000007f       0x60 build/PIT.o
 .debug_loc     0x00000000000000df      0x2bc build/PID.o
 .debug_loc     0x000000000000039b       0xeb build/uart.o
 .debug_loc     0x0000000000000486      0x129 build/pwm.o
 .debug_loc     0x00000000000005af       0x13 build/main.o
 .debug_loc     0x00000000000005c2       0x34 build/adc.o

.debug_aranges  0x0000000000000000      0x190
 .debug_aranges
                0x0000000000000000       0x28 build/system_MK64F12.o
 .debug_aranges
                0x0000000000000028       0x48 build/PIT.o
 .debug_aranges
                0x0000000000000070       0x30 build/PID.o
 .debug_aranges
                0x00000000000000a0       0x38 build/uart.o
 .debug_aranges
                0x00000000000000d8       0x30 build/pwm.o
 .debug_aranges
                0x0000000000000108       0x30 build/main.o
 .debug_aranges
                0x0000000000000138       0x38 build/adc.o
 .debug_aranges
                0x0000000000000170       0x20 build/startup_MK64F12.o

.debug_ranges   0x0000000000000000      0x100
 .debug_ranges  0x0000000000000000       0x18 build/system_MK64F12.o
 .debug_ranges  0x0000000000000018       0x38 build/PIT.o
 .debug_ranges  0x0000000000000050       0x20 build/PID.o
 .debug_ranges  0x0000000000000070       0x28 build/uart.o
 .debug_ranges  0x0000000000000098       0x20 build/pwm.o
 .debug_ranges  0x00000000000000b8       0x20 build/main.o
 .debug_ranges  0x00000000000000d8       0x28 build/adc.o

.debug_line     0x0000000000000000      0x9d8
 .debug_line    0x0000000000000000      0x14b build/system_MK64F12.o
 .debug_line    0x000000000000014b      0x180 build/PIT.o
 .debug_line    0x00000000000002cb       0xb2 build/PID.o
 .debug_line    0x000000000000037d      0x15a build/uart.o
 .debug_line    0x00000000000004d7      0x12b build/pwm.o
 .debug_line    0x0000000000000602      0x201 build/main.o
 .debug_line    0x0000000000000803      0x160 build/adc.o
 .debug_line    0x0000000000000963       0x75 build/startup_MK64F12.o

.debug_str      0x0000000000000000      0xe2e
 .debug_str     0x0000000000000000      0x380 build/system_MK64F12.o
                                        0x3d6 (size before relaxing)
 .debug_str     0x0000000000000380      0x5ee build/PIT.o
                                        0x89b (size before relaxing)
 .debug_str     0x000000000000096e       0xb0 build/PID.o
                                        0x1c3 (size before relaxing)
 .debug_str     0x0000000000000a1e      0x110 build/uart.o
                                        0x402 (size before relaxing)
 .debug_str     0x0000000000000b2e       0xf4 build/pwm.o
                                        0x3ea (size before relaxing)
 .debug_str     0x0000000000000c22      0x1ac build/main.o
                                        0x602 (size before relaxing)
 .debug_str     0x0000000000000dce       0x60 build/adc.o
                                        0x906 (size before relaxing)

.debug_frame    0x0000000000000000      0x75c
 .debug_frame   0x0000000000000000       0x30 build/system_MK64F12.o
 .debug_frame   0x0000000000000030       0x80 build/PIT.o
 .debug_frame   0x00000000000000b0       0x70 build/PID.o
 .debug_frame   0x0000000000000120       0x64 build/uart.o
 .debug_frame   0x0000000000000184       0x50 build/pwm.o
 .debug_frame   0x00000000000001d4       0x68 build/main.o
 .debug_frame   0x000000000000023c       0x64 build/adc.o
 .debug_frame   0x00000000000002a0       0x20 /usr/lib/gcc/arm-none-eabi/5.2.0/../../../../arm-none-eabi/lib/armv7e-m/libc_nano.a(lib_a-atexit.o)
 .debug_frame   0x00000000000002c0       0x28 /usr/lib/gcc/arm-none-eabi/5.2.0/../../../../arm-none-eabi/lib/armv7e-m/libc_nano.a(lib_a-exit.o)
 .debug_frame   0x00000000000002e8       0x34 /usr/lib/gcc/arm-none-eabi/5.2.0/../../../../arm-none-eabi/lib/armv7e-m/libc_nano.a(lib_a-fini.o)
 .debug_frame   0x000000000000031c       0x2c /usr/lib/gcc/arm-none-eabi/5.2.0/../../../../arm-none-eabi/lib/armv7e-m/libc_nano.a(lib_a-init.o)
 .debug_frame   0x0000000000000348       0x30 /usr/lib/gcc/arm-none-eabi/5.2.0/../../../../arm-none-eabi/lib/armv7e-m/libc_nano.a(lib_a-malloc.o)
 .debug_frame   0x0000000000000378       0x20 /usr/lib/gcc/arm-none-eabi/5.2.0/../../../../arm-none-eabi/lib/armv7e-m/libc_nano.a(lib_a-memset.o)
 .debug_frame   0x0000000000000398       0x2c /usr/lib/gcc/arm-none-eabi/5.2.0/../../../../arm-none-eabi/lib/armv7e-m/libc_nano.a(lib_a-nano-freer.o)
 .debug_frame   0x00000000000003c4       0x2c /usr/lib/gcc/arm-none-eabi/5.2.0/../../../../arm-none-eabi/lib/armv7e-m/libc_nano.a(lib_a-nano-mallocr.o)
 .debug_frame   0x00000000000003f0       0x2c /usr/lib/gcc/arm-none-eabi/5.2.0/../../../../arm-none-eabi/lib/armv7e-m/libc_nano.a(lib_a-sbrkr.o)
 .debug_frame   0x000000000000041c       0x70 /usr/lib/gcc/arm-none-eabi/5.2.0/../../../../arm-none-eabi/lib/armv7e-m/libc_nano.a(lib_a-sprintf.o)
 .debug_frame   0x000000000000048c       0x34 /usr/lib/gcc/arm-none-eabi/5.2.0/../../../../arm-none-eabi/lib/armv7e-m/libc_nano.a(lib_a-__atexit.o)
 .debug_frame   0x00000000000004c0       0x3c /usr/lib/gcc/arm-none-eabi/5.2.0/../../../../arm-none-eabi/lib/armv7e-m/libc_nano.a(lib_a-__call_atexit.o)
 .debug_frame   0x00000000000004fc       0x90 /usr/lib/gcc/arm-none-eabi/5.2.0/../../../../arm-none-eabi/lib/armv7e-m/libc_nano.a(lib_a-nano-svfprintf.o)
 .debug_frame   0x000000000000058c       0x60 /usr/lib/gcc/arm-none-eabi/5.2.0/../../../../arm-none-eabi/lib/armv7e-m/libc_nano.a(lib_a-nano-vfprintf_i.o)
 .debug_frame   0x00000000000005ec       0x5c /usr/lib/gcc/arm-none-eabi/5.2.0/../../../../arm-none-eabi/lib/armv7e-m/libc_nano.a(lib_a-reent.o)
 .debug_frame   0x0000000000000648       0x28 /usr/lib/gcc/arm-none-eabi/5.2.0/../../../../arm-none-eabi/lib/armv7e-m/libc_nano.a(lib_a-memchr.o)
 .debug_frame   0x0000000000000670       0x28 /usr/lib/gcc/arm-none-eabi/5.2.0/../../../../arm-none-eabi/lib/armv7e-m/libc_nano.a(lib_a-memcpy.o)
 .debug_frame   0x0000000000000698       0x28 /usr/lib/gcc/arm-none-eabi/5.2.0/../../../../arm-none-eabi/lib/armv7e-m/libc_nano.a(lib_a-memmove.o)
 .debug_frame   0x00000000000006c0       0x3c /usr/lib/gcc/arm-none-eabi/5.2.0/../../../../arm-none-eabi/lib/armv7e-m/libc_nano.a(lib_a-nano-reallocr.o)
 .debug_frame   0x00000000000006fc       0x20 /usr/lib/gcc/arm-none-eabi/5.2.0/../../../../arm-none-eabi/lib/armv7e-m/libc_nano.a(lib_a-nano-msizer.o)
 .debug_frame   0x000000000000071c       0x20 /usr/lib/gcc/arm-none-eabi/5.2.0/../../../../arm-none-eabi/lib/armv7e-m/libnosys.a(sbrk.o)
 .debug_frame   0x000000000000073c       0x20 /usr/lib/gcc/arm-none-eabi/5.2.0/../../../../arm-none-eabi/lib/armv7e-m/libnosys.a(_exit.o)
