Component: ARM Compiler 5.05 update 1 (build 106) Tool: armlink [4d0efa]

==============================================================================

Section Cross References

    adc.o(i.ADC1_INIT) refers to adc.o(.data) for ADC1ResultIndex
    adc.o(i.ADC1_INIT) refers to adc.o(.constdata) for ADC1SourceBytes
    adc.o(i.ADC1_IRQHandler) refers to adc.o(.data) for ADC1ResultIndex
    adc.o(i.ADC1_IRQHandler) refers to adc.o(.constdata) for ADC1SourceBytes
    i2c.o(i.i2cFlashRead) refers to i2c.o(i.i2c_start) for i2c_start
    i2c.o(i.i2cFlashRead) refers to i2c.o(i.i2c_write) for i2c_write
    i2c.o(i.i2cFlashRead) refers to i2c.o(i.i2c_set_rx) for i2c_set_rx
    i2c.o(i.i2cFlashRead) refers to i2c.o(i.i2c_wait) for i2c_wait
    i2c.o(i.i2cFlashRead) refers to i2c.o(i.i2c_stop) for i2c_stop
    i2c.o(i.i2cFlashWrite) refers to i2c.o(i.i2c_start) for i2c_start
    i2c.o(i.i2cFlashWrite) refers to i2c.o(i.i2c_write) for i2c_write
    i2c.o(i.i2cFlashWrite) refers to i2c.o(i.i2c_stop) for i2c_stop
    i2c.o(i.i2cFlashWrite) refers to delay.o(i.delay) for delay
    main.o(i.main) refers to _printf_percent.o(.ARM.Collect$$_printf_percent$$00000000) for _printf_percent
    main.o(i.main) refers to _printf_u.o(.ARM.Collect$$_printf_percent$$0000000A) for _printf_u
    main.o(i.main) refers to _printf_f.o(.ARM.Collect$$_printf_percent$$00000003) for _printf_f
    main.o(i.main) refers to _printf_dec.o(.text) for _printf_int_dec
    main.o(i.main) refers to printf1.o(x$fpl$printf1) for _printf_fp_dec
    main.o(i.main) refers to pwm.o(i.InitPWM2) for InitPWM2
    main.o(i.main) refers to adc.o(i.ADC1_INIT) for ADC1_INIT
    main.o(i.main) refers to pid.o(i.PIDInitialize) for PIDInitialize
    main.o(i.main) refers to pit.o(i.startPIT0) for startPIT0
    main.o(i.main) refers to uart.o(i.uartInit) for uartInit
    main.o(i.main) refers to f2d.o(x$fpl$f2d) for __aeabi_f2d
    main.o(i.main) refers to noretval__2sprintf.o(.text) for __2sprintf
    main.o(i.main) refers to uart.o(i.uartPutString) for uartPutString
    main.o(i.main) refers to system_mk64f12.o(.data) for SystemCoreClock
    main.o(i.main) refers to main.o(.bss) for heaterPID
    main.o(i.main) refers to main.o(.data) for nernstR
    main.o(i.main) refers to main.o(i.updatePIDs) for updatePIDs
    main.o(i.main) refers to main.o(.conststring) for .conststring
    main.o(i.main) refers to uart.o(.data) for uart0Data
    main.o(i.updatePIDs) refers to f2d.o(x$fpl$f2d) for __aeabi_f2d
    main.o(i.updatePIDs) refers to dmul.o(x$fpl$dmul) for __aeabi_dmul
    main.o(i.updatePIDs) refers to ddiv.o(x$fpl$ddiv) for __aeabi_ddiv
    main.o(i.updatePIDs) refers to d2f.o(x$fpl$d2f) for __aeabi_d2f
    main.o(i.updatePIDs) refers to drleqf.o(x$fpl$drleqf) for __aeabi_cdrcmple
    main.o(i.updatePIDs) refers to pid.o(i.PIDUpdate) for PIDUpdate
    main.o(i.updatePIDs) refers to dfix.o(x$fpl$dfix) for __aeabi_d2iz
    main.o(i.updatePIDs) refers to pwm.o(i.SetDutyCycle2) for SetDutyCycle2
    main.o(i.updatePIDs) refers to adc.o(.data) for ADC1Results
    main.o(i.updatePIDs) refers to main.o(.data) for nernstVoltage
    main.o(i.updatePIDs) refers to main.o(.bss) for nernstVoltagePID
    main.o(i.updatePIDs) refers to adc.o(.constdata) for ADC1SourceBytes
    pid.o(i.PIDUpdate) refers to f2d.o(x$fpl$f2d) for __aeabi_f2d
    pid.o(i.PIDUpdate) refers to dmul.o(x$fpl$dmul) for __aeabi_dmul
    pid.o(i.PIDUpdate) refers to d2f.o(x$fpl$d2f) for __aeabi_d2f
    pit.o(i.PIT0_IRQHandler) refers to pit.o(.data) for PITData
    pit.o(i.PIT1_IRQHandler) refers to pit.o(.data) for PITData
    pit.o(i.startPIT0) refers to pit.o(i.NVIC_EnableIRQ) for NVIC_EnableIRQ
    pit.o(i.startPIT0) refers to pit.o(.data) for PITData
    pit.o(i.startPIT1) refers to pit.o(i.NVIC_EnableIRQ) for NVIC_EnableIRQ
    pit.o(i.startPIT1) refers to pit.o(.data) for PITData
    pwm.o(i.FTM0_IRQHandler) refers to pwm.o(.data) for PWMTick
    pwm.o(i.InitPWM2) refers to pwm.o(.data) for chan2Freq
    pwm.o(i.SetDutyCycle2) refers to pwm.o(.data) for chan2Freq
    queue.o(i.deInitQueue) refers to h1_free.o(.text) for free
    uart.o(i.uartInit) refers to uart.o(.data) for uart0Data
    uart.o(i.uartInit) refers to system_mk64f12.o(.data) for SystemCoreClock
    uart.o(i.uartPutString) refers to uart.o(i.uartPutCharBlock) for uartPutCharBlock
    startup_mk64f12.o(STACK) refers (Special) to heapauxi.o(.text) for __use_two_region_memory
    startup_mk64f12.o(HEAP) refers (Special) to heapauxi.o(.text) for __use_two_region_memory
    startup_mk64f12.o(RESET) refers (Special) to heapauxi.o(.text) for __use_two_region_memory
    startup_mk64f12.o(RESET) refers to startup_mk64f12.o(STACK) for __initial_sp
    startup_mk64f12.o(RESET) refers to startup_mk64f12.o(.text) for Reset_Handler
    startup_mk64f12.o(RESET) refers to pwm.o(i.FTM0_IRQHandler) for FTM0_IRQHandler
[...]
    lc_numeric_c.o(locale$$data) refers (Special) to libinit2.o(.ARM.Collect$$libinit$$00000016) for __rt_lib_init_lc_numeric_2
    lc_numeric_c.o(locale$$code) refers (Special) to libinit2.o(.ARM.Collect$$libinit$$00000016) for __rt_lib_init_lc_numeric_2
    lc_numeric_c.o(locale$$code) refers to strcmpv7m.o(.text) for strcmp
    lc_numeric_c.o(locale$$code) refers to lc_numeric_c.o(locale$$data) for __lcnum_c_name
    defsig_rtmem_outer.o(.text) refers to defsig_rtmem_inner.o(.text) for __rt_SIGRTMEM_inner
    defsig_rtmem_outer.o(.text) refers to defsig_exit.o(.text) for __sig_exit
    defsig_rtmem_formal.o(.text) refers to rt_raise.o(.text) for __rt_raise
    heapauxa.o(.text) refers to heapauxa.o(.data) for .data
    _get_argv.o(.text) refers (Special) to hrguard.o(.text) for __heap_region$guard
    _get_argv.o(.text) refers to h1_alloc.o(.text) for malloc
    _get_argv.o(.text) refers to defsig_rtmem_outer.o(.text) for __rt_SIGRTMEM
    _get_argv.o(.text) refers to sys_command.o(.text) for _sys_command_string
    libinit2.o(.ARM.Collect$$libinit$$00000001) refers to fpinit.o(x$fpl$fpinit) for _fp_init
    libinit2.o(.ARM.Collect$$libinit$$00000005) refers (Weak) to init_alloc.o(.text) for _init_alloc
    libinit2.o(.ARM.Collect$$libinit$$0000000F) refers (Weak) to rt_locale_intlibspace.o(.text) for __rt_locale
    libinit2.o(.ARM.Collect$$libinit$$00000010) refers to libinit2.o(.ARM.Collect$$libinit$$0000000F) for .ARM.Collect$$libinit$$0000000F
    libinit2.o(.ARM.Collect$$libinit$$00000012) refers to libinit2.o(.ARM.Collect$$libinit$$0000000F) for .ARM.Collect$$libinit$$0000000F
    libinit2.o(.ARM.Collect$$libinit$$00000014) refers to libinit2.o(.ARM.Collect$$libinit$$0000000F) for .ARM.Collect$$libinit$$0000000F
    libinit2.o(.ARM.Collect$$libinit$$00000016) refers to libinit2.o(.ARM.Collect$$libinit$$0000000F) for .ARM.Collect$$libinit$$0000000F
    libinit2.o(.ARM.Collect$$libinit$$00000016) refers (Weak) to lc_numeric_c.o(locale$$code) for _get_lc_numeric
    libinit2.o(.ARM.Collect$$libinit$$00000018) refers to libinit2.o(.ARM.Collect$$libinit$$0000000F) for .ARM.Collect$$libinit$$0000000F
    libinit2.o(.ARM.Collect$$libinit$$00000026) refers to argv_veneer.o(.emb_text) for __ARM_argv_veneer
    libinit2.o(.ARM.Collect$$libinit$$00000027) refers to argv_veneer.o(.emb_text) for __ARM_argv_veneer
    dcmpi.o(x$fpl$dcmpinf) refers (Special) to usenofp.o(x$fpl$usenofp) for __I$use$fp
    istatus.o(x$fpl$ieeestatus) refers (Special) to usenofp.o(x$fpl$usenofp) for __I$use$fp
    fpclassify.o(i.__ARM_fpclassify) refers (Special) to usenofp.o(x$fpl$usenofp) for __I$use$fp
    sys_command.o(.text) refers (Special) to use_no_semi.o(.text) for __I$use$semihosting
    sys_command.o(.text) refers (Special) to indicate_semi.o(.text) for __semihosting_library_function
    sys_stackheap_outer.o(.text) refers to libspace.o(.text) for __user_perproc_libspace
    sys_stackheap_outer.o(.text) refers to startup_mk64f12.o(.text) for __user_initial_stackheap
    rt_raise.o(.text) refers to __raise.o(.text) for __raise
    rt_raise.o(.text) refers to sys_exit.o(.text) for _sys_exit
    term_alloc.o(.text) refers (Special) to libshutdown2.o(.ARM.Collect$$libshutdown$$0000000D) for __rt_lib_shutdown_heap_2
    term_alloc.o(.text) refers to rt_heap_descriptor_intlibspace.o(.text) for __rt_heap_descriptor
    term_alloc.o(.text) refers to h1_final.o(.text) for __Heap_Finalize
    exit.o(.text) refers to rtexit.o(.ARM.Collect$$rtexit$$00000000) for __rt_exit
    defsig_exit.o(.text) refers to sys_exit.o(.text) for _sys_exit
    defsig_rtmem_inner.o(.text) refers to defsig_general.o(.text) for __default_signal_display
    argv_veneer.o(.emb_text) refers to no_argv.o(.text) for __ARM_get_argv
    libinit.o(.ARM.Collect$$libinit$$00000000) refers (Special) to libinit2.o(.ARM.Collect$$libinit$$0000002E) for __rt_lib_init_alloca_1
    libinit.o(.ARM.Collect$$libinit$$00000000) refers (Special) to libinit2.o(.ARM.Collect$$libinit$$0000002C) for __rt_lib_init_argv_1
    libinit.o(.ARM.Collect$$libinit$$00000000) refers (Special) to libinit2.o(.ARM.Collect$$libinit$$0000001B) for __rt_lib_init_atexit_1
    libinit.o(.ARM.Collect$$libinit$$00000000) refers (Special) to libinit2.o(.ARM.Collect$$libinit$$00000021) for __rt_lib_init_clock_1
    libinit.o(.ARM.Collect$$libinit$$00000000) refers (Special) to libinit2.o(.ARM.Collect$$libinit$$00000032) for __rt_lib_init_cpp_1
    libinit.o(.ARM.Collect$$libinit$$00000000) refers (Special) to libinit2.o(.ARM.Collect$$libinit$$00000030) for __rt_lib_init_exceptions_1
    libinit.o(.ARM.Collect$$libinit$$00000000) refers (Special) to libinit2.o(.ARM.Collect$$libinit$$00000001) for __rt_lib_init_fp_1
    libinit.o(.ARM.Collect$$libinit$$00000000) refers (Special) to libinit2.o(.ARM.Collect$$libinit$$0000001F) for __rt_lib_init_fp_trap_1
    libinit.o(.ARM.Collect$$libinit$$00000000) refers (Special) to libinit2.o(.ARM.Collect$$libinit$$00000023) for __rt_lib_init_getenv_1
    libinit.o(.ARM.Collect$$libinit$$00000000) refers (Special) to libinit2.o(.ARM.Collect$$libinit$$0000000A) for __rt_lib_init_heap_1
    libinit.o(.ARM.Collect$$libinit$$00000000) refers (Special) to libinit2.o(.ARM.Collect$$libinit$$00000011) for __rt_lib_init_lc_collate_1
    libinit.o(.ARM.Collect$$libinit$$00000000) refers (Special) to libinit2.o(.ARM.Collect$$libinit$$00000013) for __rt_lib_init_lc_ctype_1
    libinit.o(.ARM.Collect$$libinit$$00000000) refers (Special) to libinit2.o(.ARM.Collect$$libinit$$00000015) for __rt_lib_init_lc_monetary_1
    libinit.o(.ARM.Collect$$libinit$$00000000) refers (Special) to libinit2.o(.ARM.Collect$$libinit$$00000017) for __rt_lib_init_lc_numeric_1
    libinit.o(.ARM.Collect$$libinit$$00000000) refers (Special) to libinit2.o(.ARM.Collect$$libinit$$00000019) for __rt_lib_init_lc_time_1
    libinit.o(.ARM.Collect$$libinit$$00000000) refers (Special) to libinit2.o(.ARM.Collect$$libinit$$00000004) for __rt_lib_init_preinit_1
    libinit.o(.ARM.Collect$$libinit$$00000000) refers (Special) to libinit2.o(.ARM.Collect$$libinit$$0000000E) for __rt_lib_init_rand_1
    libinit.o(.ARM.Collect$$libinit$$00000000) refers (Special) to libinit2.o(.ARM.Collect$$libinit$$00000033) for __rt_lib_init_return
    libinit.o(.ARM.Collect$$libinit$$00000000) refers (Special) to libinit2.o(.ARM.Collect$$libinit$$0000001D) for __rt_lib_init_signal_1
    libinit.o(.ARM.Collect$$libinit$$00000000) refers (Special) to libinit2.o(.ARM.Collect$$libinit$$00000025) for __rt_lib_init_stdio_1
    libinit.o(.ARM.Collect$$libinit$$00000000) refers (Special) to libinit2.o(.ARM.Collect$$libinit$$0000000C) for __rt_lib_init_user_alloc_1
    sys_exit.o(.text) refers (Special) to use_no_semi.o(.text) for __I$use$semihosting
    sys_exit.o(.text) refers (Special) to indicate_semi.o(.text) for __semihosting_library_function
    rtexit.o(.ARM.Collect$$rtexit$$00000000) refers (Special) to rtexit2.o(.ARM.Collect$$rtexit$$00000004) for __rt_exit_exit
    rtexit.o(.ARM.Collect$$rtexit$$00000000) refers (Special) to rtexit2.o(.ARM.Collect$$rtexit$$00000003) for __rt_exit_ls
    rtexit.o(.ARM.Collect$$rtexit$$00000000) refers (Special) to rtexit2.o(.ARM.Collect$$rtexit$$00000002) for __rt_exit_prels_1
    rtexit.o(.ARM.exidx) refers (Special) to rtexit2.o(.ARM.Collect$$rtexit$$00000004) for __rt_exit_exit
    rtexit.o(.ARM.exidx) refers (Special) to rtexit2.o(.ARM.Collect$$rtexit$$00000003) for __rt_exit_ls
    rtexit.o(.ARM.exidx) refers (Special) to rtexit2.o(.ARM.Collect$$rtexit$$00000002) for __rt_exit_prels_1
    rtexit.o(.ARM.exidx) refers to rtexit.o(.ARM.Collect$$rtexit$$00000000) for .ARM.Collect$$rtexit$$00000000
    __raise.o(.text) refers to defsig.o(CL$$defsig) for __default_signal_handler
    defsig_general.o(.text) refers to sys_wrch.o(.text) for _ttywrch
    _get_argv_nomalloc.o(.text) refers (Special) to hrguard.o(.text) for __heap_region$guard
    _get_argv_nomalloc.o(.text) refers to defsig_rtmem_outer.o(.text) for __rt_SIGRTMEM
    _get_argv_nomalloc.o(.text) refers to sys_command.o(.text) for _sys_command_string
    libshutdown2.o(.ARM.Collect$$libshutdown$$0000000C) refers (Weak) to term_alloc.o(.text) for _terminate_alloc
    sys_wrch.o(.text) refers (Special) to use_no_semi.o(.text) for __I$use$semihosting
    sys_wrch.o(.text) refers (Special) to indicate_semi.o(.text) for __semihosting_library_function
    rtexit2.o(.ARM.Collect$$rtexit$$00000003) refers to libshutdown.o(.ARM.Collect$$libshutdown$$00000000) for __rt_lib_shutdown
    rtexit2.o(.ARM.Collect$$rtexit$$00000004) refers to sys_exit.o(.text) for _sys_exit
    rtexit2.o(.ARM.exidx) refers to rtexit2.o(.ARM.Collect$$rtexit$$00000001) for .ARM.Collect$$rtexit$$00000001
    rtexit2.o(.ARM.exidx) refers to rtexit2.o(.ARM.Collect$$rtexit$$00000003) for .ARM.Collect$$rtexit$$00000003
    rtexit2.o(.ARM.exidx) refers to rtexit2.o(.ARM.Collect$$rtexit$$00000004) for .ARM.Collect$$rtexit$$00000004
    defsig.o(CL$$defsig) refers to defsig_rtmem_inner.o(.text) for __rt_SIGRTMEM_inner
    defsig_abrt_inner.o(.text) refers to defsig_general.o(.text) for __default_signal_display
    defsig_fpe_inner.o(.text) refers to defsig_general.o(.text) for __default_signal_display
    defsig_rtred_inner.o(.text) refers to defsig_general.o(.text) for __default_signal_display
    defsig_stak_inner.o(.text) refers to defsig_general.o(.text) for __default_signal_display
    defsig_pvfn_inner.o(.text) refers to defsig_general.o(.text) for __default_signal_display
    defsig_cppl_inner.o(.text) refers to defsig_general.o(.text) for __default_signal_display
    defsig_segv_inner.o(.text) refers to defsig_general.o(.text) for __default_signal_display
    defsig_other.o(.text) refers to defsig_general.o(.text) for __default_signal_display
    libshutdown.o(.ARM.Collect$$libshutdown$$00000000) refers (Special) to libshutdown2.o(.ARM.Collect$$libshutdown$$00000006) for __rt_lib_shutdown_fp_trap_1
    libshutdown.o(.ARM.Collect$$libshutdown$$00000000) refers (Special) to libshutdown2.o(.ARM.Collect$$libshutdown$$0000000E) for __rt_lib_shutdown_heap_1
    libshutdown.o(.ARM.Collect$$libshutdown$$00000000) refers (Special) to libshutdown2.o(.ARM.Collect$$libshutdown$$0000000F) for __rt_lib_shutdown_return
    libshutdown.o(.ARM.Collect$$libshutdown$$00000000) refers (Special) to libshutdown2.o(.ARM.Collect$$libshutdown$$00000009) for __rt_lib_shutdown_signal_1
    libshutdown.o(.ARM.Collect$$libshutdown$$00000000) refers (Special) to libshutdown2.o(.ARM.Collect$$libshutdown$$00000003) for __rt_lib_shutdown_stdio_1
    libshutdown.o(.ARM.Collect$$libshutdown$$00000000) refers (Special) to libshutdown2.o(.ARM.Collect$$libshutdown$$0000000B) for __rt_lib_shutdown_user_alloc_1
    i2c.o(i.i2c_stop) refers to i2c.o(i.i2c_set_rx) for i2c_set_rx
    i2c.o(i.i2c_write) refers to i2c.o(i.i2c_wait) for i2c_wait


==============================================================================

Removing Unused input sections from the image.

    Removing adc.o(.rev16_text), (4 bytes).
    Removing adc.o(.revsh_text), (4 bytes).
    Removing adc.o(.rrx_text), (6 bytes).
    Removing adc.o(i.DAC0_INIT), (40 bytes).
    Removing adc.o(i.PDB_INIT), (44 bytes).
    Removing dac.o(.rev16_text), (4 bytes).
    Removing dac.o(.revsh_text), (4 bytes).
    Removing dac.o(.rrx_text), (6 bytes).
    Removing dac.o(i.dacDeInit), (2 bytes).
    Removing dac.o(i.dacInit), (56 bytes).
    Removing dac.o(i.dacSet), (16 bytes).
    Removing delay.o(.rev16_text), (4 bytes).
    Removing delay.o(.revsh_text), (4 bytes).
    Removing delay.o(.rrx_text), (6 bytes).
    Removing delay.o(i.delay), (60 bytes).
    Removing i2c.o(.rev16_text), (4 bytes).
    Removing i2c.o(.revsh_text), (4 bytes).
    Removing i2c.o(.rrx_text), (6 bytes).
    Removing i2c.o(i.i2cFlashRead), (164 bytes).
    Removing i2c.o(i.i2cFlashWrite), (152 bytes).
    Removing i2c.o(i.i2c_init), (52 bytes).
    Removing main.o(.rev16_text), (4 bytes).
    Removing main.o(.revsh_text), (4 bytes).
    Removing main.o(.rrx_text), (6 bytes).
    Removing main.o(i.startResistanceMeasurement), (2 bytes).
    Removing pid.o(i.PIDSetGoal), (96 bytes).
    Removing pit.o(.rev16_text), (4 bytes).
    Removing pit.o(.revsh_text), (4 bytes).
    Removing pit.o(.rrx_text), (6 bytes).
    Removing pit.o(i.startPIT1), (84 bytes).
    Removing pit.o(i.stopPIT0), (12 bytes).
    Removing pit.o(i.stopPIT1), (12 bytes).
    Removing pwm.o(.rev16_text), (4 bytes).
    Removing pwm.o(.revsh_text), (4 bytes).
    Removing pwm.o(.rrx_text), (6 bytes).
    Removing queue.o(i.deInitQueue), (22 bytes).
    Removing queue.o(i.dequeue), (50 bytes).
    Removing queue.o(i.enqueue), (56 bytes).
    Removing queue.o(i.initQueue), (36 bytes).
    Removing queue.o(i.numEnqueued), (6 bytes).
    Removing queue.o(i.peek), (20 bytes).
    Removing sin.o(.data), (128 bytes).
    Removing uart.o(.rev16_text), (4 bytes).
    Removing uart.o(.revsh_text), (4 bytes).
    Removing uart.o(.rrx_text), (6 bytes).
    Removing uart.o(i.uartGetCharBlock), (38 bytes).
    Removing system_mk64f12.o(.rev16_text), (4 bytes).
    Removing system_mk64f12.o(.revsh_text), (4 bytes).
    Removing system_mk64f12.o(.rrx_text), (6 bytes).
    Removing system_mk64f12.o(i.SystemCoreClockUpdate), (344 bytes).
    Removing i2c.o(i.i2c_start), (26 bytes).
    Removing i2c.o(i.i2c_set_rx), (10 bytes).
    Removing i2c.o(i.i2c_stop), (24 bytes).
    Removing i2c.o(i.i2c_wait), (22 bytes).
    Removing i2c.o(i.i2c_write), (26 bytes).

55 unused section(s) (total 1726 bytes) removed from the image.

==============================================================================

Image Symbol Table

    Local Symbols

    Symbol Name                              Value     Ov Type        Size  Object(Section)

    RESET                                    0x00000000   Section     1024  startup_mk64f12.o(RESET)
    ../clib/angel/boardlib.s                 0x00000000   Number         0  boardshut.o ABSOLUTE
    ../clib/angel/boardlib.s                 0x00000000   Number         0  boardinit3.o ABSOLUTE
    ../clib/angel/boardlib.s                 0x00000000   Number         0  boardinit1.o ABSOLUTE
    ../clib/angel/boardlib.s                 0x00000000   Number         0  boardinit2.o ABSOLUTE
    ../clib/angel/handlers.s                 0x00000000   Number         0  __scatter_zi.o ABSOLUTE
    ../clib/angel/handlers.s                 0x00000000   Number         0  __scatter_copy.o ABSOLUTE
    ../clib/angel/kernel.s                   0x00000000   Number         0  __rtentry4.o ABSOLUTE
    ../clib/angel/kernel.s                   0x00000000   Number         0  rtexit2.o ABSOLUTE
    ../clib/angel/kernel.s                   0x00000000   Number         0  __rtentry2.o ABSOLUTE
    ../clib/angel/kernel.s                   0x00000000   Number         0  __rtentry.o ABSOLUTE
    ../clib/angel/kernel.s                   0x00000000   Number         0  rtexit.o ABSOLUTE
    ../clib/angel/rt.s                       0x00000000   Number         0  rt_locale.o ABSOLUTE
    ../clib/angel/rt.s                       0x00000000   Number         0  rt_heap_descriptor.o ABSOLUTE
    ../clib/angel/rt.s                       0x00000000   Number         0  rt_locale_intlibspace.o ABSOLUTE
    ../clib/angel/rt.s                       0x00000000   Number         0  rt_heap_descriptor_intlibspace.o ABSOLUTE
    ../clib/angel/rt.s                       0x00000000   Number         0  rt_raise.o ABSOLUTE
    ../clib/angel/scatter.s                  0x00000000   Number         0  __scatter.o ABSOLUTE
    ../clib/angel/startup.s                  0x00000000   Number         0  __main.o ABSOLUTE
    ../clib/angel/sys.s                      0x00000000   Number         0  mutex_dummy.o ABSOLUTE
    ../clib/angel/sys.s                      0x00000000   Number         0  sys_stackheap_outer.o ABSOLUTE
    ../clib/angel/sys.s                      0x00000000   Number         0  indicate_semi.o ABSOLUTE
    ../clib/angel/sys.s                      0x00000000   Number         0  libspace.o ABSOLUTE
    ../clib/angel/sys.s                      0x00000000   Number         0  use_no_semi.o ABSOLUTE
    ../clib/angel/sysapp.c                   0x00000000   Number         0  sys_wrch.o ABSOLUTE
    ../clib/angel/sysapp.c                   0x00000000   Number         0  sys_command.o ABSOLUTE
    ../clib/angel/sysapp.c                   0x00000000   Number         0  sys_exit.o ABSOLUTE
    ../clib/armsys.c                         0x00000000   Number         0  _get_argv.o ABSOLUTE
    ../clib/armsys.c                         0x00000000   Number         0  no_argv.o ABSOLUTE
    ../clib/armsys.c                         0x00000000   Number         0  _get_argv_nomalloc.o ABSOLUTE
    ../clib/armsys.c                         0x00000000   Number         0  argv_veneer.o ABSOLUTE
    ../clib/armsys.c                         0x00000000   Number         0  argv_veneer.o ABSOLUTE
    ../clib/bigflt.c                         0x00000000   Number         0  bigflt0.o ABSOLUTE
    ../clib/btod.s                           0x00000000   Number         0  btod.o ABSOLUTE
    ../clib/heap1.c                          0x00000000   Number         0  h1_init_mt.o ABSOLUTE
    ../clib/heap1.c                          0x00000000   Number         0  h1_alloc.o ABSOLUTE
    ../clib/heap1.c                          0x00000000   Number         0  h1_extend_mt.o ABSOLUTE
    ../clib/heap1.c                          0x00000000   Number         0  h1_init.o ABSOLUTE
    ../clib/heap1.c                          0x00000000   Number         0  h1_extend.o ABSOLUTE
    ../clib/heap1.c                          0x00000000   Number         0  h1_alloc_mt.o ABSOLUTE
    ../clib/heap1.c                          0x00000000   Number         0  h1_final.o ABSOLUTE
    ../clib/heap1.c                          0x00000000   Number         0  h1_final_mt.o ABSOLUTE
    ../clib/heap1.c                          0x00000000   Number         0  h1_free.o ABSOLUTE
    ../clib/heap1.c                          0x00000000   Number         0  h1_free_mt.o ABSOLUTE
    ../clib/heap2.c                          0x00000000   Number         0  fdtree.o ABSOLUTE
    ../clib/heap2.c                          0x00000000   Number         0  heap2.o ABSOLUTE
    ../clib/heap2.c                          0x00000000   Number         0  heap2mt.o ABSOLUTE
    ../clib/heapalloc.c                      0x00000000   Number         0  term_alloc.o ABSOLUTE
    ../clib/heapalloc.c                      0x00000000   Number         0  hrguard.o ABSOLUTE
    ../clib/heapalloc.c                      0x00000000   Number         0  maybetermalloc1.o ABSOLUTE
    ../clib/heapalloc.c                      0x00000000   Number         0  maybetermalloc1.o ABSOLUTE
    ../clib/heapalloc.c                      0x00000000   Number         0  maybetermalloc2.o ABSOLUTE
    ../clib/heapalloc.c                      0x00000000   Number         0  maybetermalloc2.o ABSOLUTE
    ../clib/heapalloc.c                      0x00000000   Number         0  heapstubs.o ABSOLUTE
    ../clib/heapalloc.c                      0x00000000   Number         0  malloc.o ABSOLUTE
    ../clib/heapalloc.c                      0x00000000   Number         0  init_alloc.o ABSOLUTE
    ../clib/heapalloc.c                      0x00000000   Number         0  hguard.o ABSOLUTE
    ../clib/heapalloc.c                      0x00000000   Number         0  free.o ABSOLUTE
    ../clib/heapaux.c                        0x00000000   Number         0  heapauxi.o ABSOLUTE
    ../clib/heapaux.c                        0x00000000   Number         0  heapauxa.o ABSOLUTE
    ../clib/libinit.s                        0x00000000   Number         0  libinit2.o ABSOLUTE
    ../clib/libinit.s                        0x00000000   Number         0  libshutdown2.o ABSOLUTE
    ../clib/libinit.s                        0x00000000   Number         0  libinit.o ABSOLUTE
    ../clib/libinit.s                        0x00000000   Number         0  libshutdown.o ABSOLUTE
    ../clib/locale.s                         0x00000000   Number         0  lc_numeric_c.o ABSOLUTE
    ../clib/longlong.s                       0x00000000   Number         0  lludiv10.o ABSOLUTE
    ../clib/memcpset.s                       0x00000000   Number         0  rt_memcpy_w.o ABSOLUTE
    ../clib/memcpset.s                       0x00000000   Number         0  strcmpv7m.o ABSOLUTE
    ../clib/printf.c                         0x00000000   Number         0  __printf_flags_ss_wp.o ABSOLUTE
    ../clib/printf.c                         0x00000000   Number         0  _printf_char_common.o ABSOLUTE
    ../clib/printf.c                         0x00000000   Number         0  __printf_nopercent.o ABSOLUTE
    ../clib/printf.c                         0x00000000   Number         0  _printf_fp_infnan.o ABSOLUTE
    ../clib/printf.c                         0x00000000   Number         0  _printf_intcommon.o ABSOLUTE
    ../clib/printf.c                         0x00000000   Number         0  _printf_fp_dec.o ABSOLUTE
    ../clib/printf.c                         0x00000000   Number         0  _sputc.o ABSOLUTE
    ../clib/printf.c                         0x00000000   Number         0  __printf_flags_ss.o ABSOLUTE
    ../clib/printf.c                         0x00000000   Number         0  __2sprintf.o ABSOLUTE
    ../clib/printf.c                         0x00000000   Number         0  noretval__2sprintf.o ABSOLUTE
    ../clib/printf.c                         0x00000000   Number         0  __printf.o ABSOLUTE
    ../clib/printf.c                         0x00000000   Number         0  _printf_dec.o ABSOLUTE
    ../clib/printf.c                         0x00000000   Number         0  __printf_flags.o ABSOLUTE
    ../clib/printf.c                         0x00000000   Number         0  __printf_ss.o ABSOLUTE
    ../clib/printf.c                         0x00000000   Number         0  __printf_wp.o ABSOLUTE
    ../clib/printf.c                         0x00000000   Number         0  __printf_flags_wp.o ABSOLUTE
    ../clib/printf.c                         0x00000000   Number         0  __printf_ss_wp.o ABSOLUTE
    ../clib/printf_percent.s                 0x00000000   Number         0  _printf_percent_end.o ABSOLUTE
    ../clib/printf_percent.s                 0x00000000   Number         0  _printf_percent.o ABSOLUTE
    ../clib/printf_percent.s                 0x00000000   Number         0  _printf_f.o ABSOLUTE
    ../clib/printf_percent.s                 0x00000000   Number         0  _printf_u.o ABSOLUTE
    ../clib/signal.c                         0x00000000   Number         0  defsig_rtmem_formal.o ABSOLUTE
    ../clib/signal.c                         0x00000000   Number         0  defsig_general.o ABSOLUTE
    ../clib/signal.c                         0x00000000   Number         0  __raise.o ABSOLUTE
    ../clib/signal.c                         0x00000000   Number         0  defsig_exit.o ABSOLUTE
    ../clib/signal.c                         0x00000000   Number         0  defsig_other.o ABSOLUTE
    ../clib/signal.c                         0x00000000   Number         0  defsig_segv_inner.o ABSOLUTE
    ../clib/signal.c                         0x00000000   Number         0  defsig_cppl_inner.o ABSOLUTE
    ../clib/signal.c                         0x00000000   Number         0  defsig_rtmem_inner.o ABSOLUTE
    ../clib/signal.c                         0x00000000   Number         0  defsig_pvfn_inner.o ABSOLUTE
    ../clib/signal.c                         0x00000000   Number         0  defsig_stak_inner.o ABSOLUTE
    ../clib/signal.c                         0x00000000   Number         0  defsig_rtred_inner.o ABSOLUTE
    ../clib/signal.c                         0x00000000   Number         0  defsig_fpe_inner.o ABSOLUTE
    ../clib/signal.c                         0x00000000   Number         0  defsig_abrt_inner.o ABSOLUTE
    ../clib/signal.c                         0x00000000   Number         0  defsig_rtmem_outer.o ABSOLUTE
    ../clib/signal.s                         0x00000000   Number         0  defsig.o ABSOLUTE
    ../clib/stdlib.c                         0x00000000   Number         0  exit.o ABSOLUTE
    ../fplib/d2f.s                           0x00000000   Number         0  d2f.o ABSOLUTE
    ../fplib/dcmpi.s                         0x00000000   Number         0  dcmpi.o ABSOLUTE
    ../fplib/ddiv.s                          0x00000000   Number         0  ddiv.o ABSOLUTE
    ../fplib/dfix.s                          0x00000000   Number         0  dfix.o ABSOLUTE
    ../fplib/dleqf.s                         0x00000000   Number         0  dleqf.o ABSOLUTE
    ../fplib/dmul.s                          0x00000000   Number         0  dmul.o ABSOLUTE
    ../fplib/dnaninf.s                       0x00000000   Number         0  dnaninf.o ABSOLUTE
    ../fplib/dretinf.s                       0x00000000   Number         0  dretinf.o ABSOLUTE
    ../fplib/drleqf.s                        0x00000000   Number         0  drleqf.o ABSOLUTE
    ../fplib/f2d.s                           0x00000000   Number         0  f2d.o ABSOLUTE
    ../fplib/fnaninf.s                       0x00000000   Number         0  fnaninf.o ABSOLUTE
    ../fplib/fpinit.s                        0x00000000   Number         0  fpinit.o ABSOLUTE
    ../fplib/fretinf.s                       0x00000000   Number         0  fretinf.o ABSOLUTE
    ../fplib/istatus.s                       0x00000000   Number         0  istatus.o ABSOLUTE
    ../fplib/printf1.s                       0x00000000   Number         0  printf1.o ABSOLUTE
    ../fplib/usenofp.s                       0x00000000   Number         0  usenofp.o ABSOLUTE
    ../mathlib/fpclassify.c                  0x00000000   Number         0  fpclassify.o ABSOLUTE
    PID.c                                    0x00000000   Number         0  pid.o ABSOLUTE
    PIT.c                                    0x00000000   Number         0  pit.o ABSOLUTE
    PIT.c                                    0x00000000   Number         0  pit.o ABSOLUTE
    RTE\Device\MK64FX512xxx12\startup_MK64F12.s 0x00000000   Number         0  startup_mk64f12.o ABSOLUTE
    RTE\Device\MK64FX512xxx12\system_MK64F12.c 0x00000000   Number         0  system_mk64f12.o ABSOLUTE
    RTE\\Device\\MK64FX512xxx12\\system_MK64F12.c 0x00000000   Number         0  system_mk64f12.o ABSOLUTE
    adc.c                                    0x00000000   Number         0  adc.o ABSOLUTE
    adc.c                                    0x00000000   Number         0  adc.o ABSOLUTE
    dac.c                                    0x00000000   Number         0  dac.o ABSOLUTE
    dac.c                                    0x00000000   Number         0  dac.o ABSOLUTE
    dc.s                                     0x00000000   Number         0  dc.o ABSOLUTE
    delay.c                                  0x00000000   Number         0  delay.o ABSOLUTE
    delay.c                                  0x00000000   Number         0  delay.o ABSOLUTE
    i2c.c                                    0x00000000   Number         0  i2c.o ABSOLUTE
    i2c.c                                    0x00000000   Number         0  i2c.o ABSOLUTE
    main.c                                   0x00000000   Number         0  main.o ABSOLUTE
    main.c                                   0x00000000   Number         0  main.o ABSOLUTE
    pwm.c                                    0x00000000   Number         0  pwm.o ABSOLUTE
    pwm.c                                    0x00000000   Number         0  pwm.o ABSOLUTE
    queue.c                                  0x00000000   Number         0  queue.o ABSOLUTE
    sin.c                                    0x00000000   Number         0  sin.o ABSOLUTE
    uart.c                                   0x00000000   Number         0  uart.o ABSOLUTE
    uart.c                                   0x00000000   Number         0  uart.o ABSOLUTE
    .ARM.__at_0x400                          0x00000400   Section       16  startup_mk64f12.o(.ARM.__at_0x400)
    !!!main                                  0x00000410   Section        8  __main.o(!!!main)
    !!!scatter                               0x00000418   Section       52  __scatter.o(!!!scatter)
    !!handler_copy                           0x0000044c   Section       26  __scatter_copy.o(!!handler_copy)
    !!handler_zi                             0x00000468   Section       28  __scatter_zi.o(!!handler_zi)
    .ARM.Collect$$_printf_percent$$00000000  0x00000484   Section        0  _printf_percent.o(.ARM.Collect$$_printf_percent$$00000000)
    .ARM.Collect$$_printf_percent$$00000003  0x00000484   Section        6  _printf_f.o(.ARM.Collect$$_printf_percent$$00000003)
    .ARM.Collect$$_printf_percent$$0000000A  0x0000048a   Section        6  _printf_u.o(.ARM.Collect$$_printf_percent$$0000000A)
    .ARM.Collect$$_printf_percent$$00000017  0x00000490   Section        4  _printf_percent_end.o(.ARM.Collect$$_printf_percent$$00000017)
    .ARM.Collect$$libinit$$00000000          0x00000494   Section        2  libinit.o(.ARM.Collect$$libinit$$00000000)
    .ARM.Collect$$libinit$$00000001          0x00000496   Section        4  libinit2.o(.ARM.Collect$$libinit$$00000001)
    .ARM.Collect$$libinit$$00000004          0x0000049a   Section        0  libinit2.o(.ARM.Collect$$libinit$$00000004)
    .ARM.Collect$$libinit$$0000000A          0x0000049a   Section        0  libinit2.o(.ARM.Collect$$libinit$$0000000A)
    .ARM.Collect$$libinit$$0000000C          0x0000049a   Section        0  libinit2.o(.ARM.Collect$$libinit$$0000000C)
    .ARM.Collect$$libinit$$0000000E          0x0000049a   Section        0  libinit2.o(.ARM.Collect$$libinit$$0000000E)
    .ARM.Collect$$libinit$$0000000F          0x0000049a   Section        6  libinit2.o(.ARM.Collect$$libinit$$0000000F)
    .ARM.Collect$$libinit$$00000011          0x000004a0   Section        0  libinit2.o(.ARM.Collect$$libinit$$00000011)
    .ARM.Collect$$libinit$$00000013          0x000004a0   Section        0  libinit2.o(.ARM.Collect$$libinit$$00000013)
    .ARM.Collect$$libinit$$00000015          0x000004a0   Section        0  libinit2.o(.ARM.Collect$$libinit$$00000015)
    .ARM.Collect$$libinit$$00000016          0x000004a0   Section       10  libinit2.o(.ARM.Collect$$libinit$$00000016)
    .ARM.Collect$$libinit$$00000017          0x000004aa   Section        0  libinit2.o(.ARM.Collect$$libinit$$00000017)
    .ARM.Collect$$libinit$$00000019          0x000004aa   Section        0  libinit2.o(.ARM.Collect$$libinit$$00000019)
    .ARM.Collect$$libinit$$0000001B          0x000004aa   Section        0  libinit2.o(.ARM.Collect$$libinit$$0000001B)
    .ARM.Collect$$libinit$$0000001D          0x000004aa   Section        0  libinit2.o(.ARM.Collect$$libinit$$0000001D)
    .ARM.Collect$$libinit$$0000001F          0x000004aa   Section        0  libinit2.o(.ARM.Collect$$libinit$$0000001F)
    .ARM.Collect$$libinit$$00000021          0x000004aa   Section        0  libinit2.o(.ARM.Collect$$libinit$$00000021)
    .ARM.Collect$$libinit$$00000023          0x000004aa   Section        0  libinit2.o(.ARM.Collect$$libinit$$00000023)
    .ARM.Collect$$libinit$$00000025          0x000004aa   Section        0  libinit2.o(.ARM.Collect$$libinit$$00000025)
    .ARM.Collect$$libinit$$0000002C          0x000004aa   Section        0  libinit2.o(.ARM.Collect$$libinit$$0000002C)
    .ARM.Collect$$libinit$$0000002E          0x000004aa   Section        0  libinit2.o(.ARM.Collect$$libinit$$0000002E)
    .ARM.Collect$$libinit$$00000030          0x000004aa   Section        0  libinit2.o(.ARM.Collect$$libinit$$00000030)
    .ARM.Collect$$libinit$$00000032          0x000004aa   Section        0  libinit2.o(.ARM.Collect$$libinit$$00000032)
    .ARM.Collect$$libinit$$00000033          0x000004aa   Section        2  libinit2.o(.ARM.Collect$$libinit$$00000033)
    .ARM.Collect$$libshutdown$$00000000      0x000004ac   Section        2  libshutdown.o(.ARM.Collect$$libshutdown$$00000000)
    .ARM.Collect$$libshutdown$$00000003      0x000004ae   Section        0  libshutdown2.o(.ARM.Collect$$libshutdown$$00000003)
    .ARM.Collect$$libshutdown$$00000006      0x000004ae   Section        0  libshutdown2.o(.ARM.Collect$$libshutdown$$00000006)
    .ARM.Collect$$libshutdown$$00000009      0x000004ae   Section        0  libshutdown2.o(.ARM.Collect$$libshutdown$$00000009)
    .ARM.Collect$$libshutdown$$0000000B      0x000004ae   Section        0  libshutdown2.o(.ARM.Collect$$libshutdown$$0000000B)
    .ARM.Collect$$libshutdown$$0000000E      0x000004ae   Section        0  libshutdown2.o(.ARM.Collect$$libshutdown$$0000000E)
    .ARM.Collect$$libshutdown$$0000000F      0x000004ae   Section        2  libshutdown2.o(.ARM.Collect$$libshutdown$$0000000F)
    .ARM.Collect$$rtentry$$00000000          0x000004b0   Section        0  __rtentry.o(.ARM.Collect$$rtentry$$00000000)
    .ARM.Collect$$rtentry$$00000002          0x000004b0   Section        0  __rtentry2.o(.ARM.Collect$$rtentry$$00000002)
    .ARM.Collect$$rtentry$$00000004          0x000004b0   Section        6  __rtentry4.o(.ARM.Collect$$rtentry$$00000004)
    .ARM.Collect$$rtentry$$00000009          0x000004b6   Section        0  __rtentry2.o(.ARM.Collect$$rtentry$$00000009)
    .ARM.Collect$$rtentry$$0000000A          0x000004b6   Section        4  __rtentry2.o(.ARM.Collect$$rtentry$$0000000A)
    .ARM.Collect$$rtentry$$0000000C          0x000004ba   Section        0  __rtentry2.o(.ARM.Collect$$rtentry$$0000000C)
    .ARM.Collect$$rtentry$$0000000D          0x000004ba   Section        8  __rtentry2.o(.ARM.Collect$$rtentry$$0000000D)
    .ARM.Collect$$rtexit$$00000000           0x000004c2   Section        2  rtexit.o(.ARM.Collect$$rtexit$$00000000)
    .ARM.Collect$$rtexit$$00000002           0x000004c4   Section        0  rtexit2.o(.ARM.Collect$$rtexit$$00000002)
    .ARM.Collect$$rtexit$$00000003           0x000004c4   Section        4  rtexit2.o(.ARM.Collect$$rtexit$$00000003)
    .ARM.Collect$$rtexit$$00000004           0x000004c8   Section        6  rtexit2.o(.ARM.Collect$$rtexit$$00000004)
    .text                                    0x000004d0   Section       72  startup_mk64f12.o(.text)
    $v0                                      0x000004d0   Number         0  startup_mk64f12.o(.text)
    .text                                    0x00000518   Section        0  noretval__2sprintf.o(.text)
    .text                                    0x00000540   Section        0  __printf.o(.text)
    .text                                    0x000005a8   Section        0  _printf_dec.o(.text)
    .text                                    0x00000620   Section        0  heapauxi.o(.text)
    .text                                    0x00000626   Section        0  _printf_intcommon.o(.text)
    .text                                    0x000006d8   Section        0  _printf_fp_dec.o(.text)
    _fp_digits                               0x000006db   Thumb Code   428  _printf_fp_dec.o(.text)
    .text                                    0x00000af4   Section        0  _printf_char_common.o(.text)
    _printf_input_char                       0x00000af5   Thumb Code    10  _printf_char_common.o(.text)
    .text                                    0x00000b24   Section        0  _sputc.o(.text)
    .text                                    0x00000b30   Section        8  libspace.o(.text)
    .text                                    0x00000b38   Section        8  rt_locale_intlibspace.o(.text)
    .text                                    0x00000b40   Section      138  lludiv10.o(.text)
    .text                                    0x00000bcc   Section        0  _printf_fp_infnan.o(.text)
    .text                                    0x00000c4c   Section        0  bigflt0.o(.text)
    .text                                    0x00000d28   Section       74  sys_stackheap_outer.o(.text)
    .text                                    0x00000d72   Section        0  exit.o(.text)
    .text                                    0x00000d80   Section      128  strcmpv7m.o(.text)
    .text                                    0x00000e00   Section        0  sys_exit.o(.text)
    .text                                    0x00000e0c   Section        2  use_no_semi.o(.text)
    .text                                    0x00000e0e   Section        0  indicate_semi.o(.text)
    CL$$btod_d2e                             0x00000e0e   Section       62  btod.o(CL$$btod_d2e)
    CL$$btod_d2e_denorm_low                  0x00000e4c   Section       70  btod.o(CL$$btod_d2e_denorm_low)
    CL$$btod_d2e_norm_op1                    0x00000e92   Section       96  btod.o(CL$$btod_d2e_norm_op1)
    CL$$btod_div_common                      0x00000ef2   Section      824  btod.o(CL$$btod_div_common)
    CL$$btod_e2e                             0x0000122a   Section      198  btod.o(CL$$btod_e2e)
    CL$$btod_ediv                            0x000012f0   Section       40  btod.o(CL$$btod_ediv)
    CL$$btod_emul                            0x00001318   Section       40  btod.o(CL$$btod_emul)
    CL$$btod_mult_common                     0x00001340   Section      580  btod.o(CL$$btod_mult_common)
    i.ADC1_INIT                              0x00001584   Section        0  adc.o(i.ADC1_INIT)
    i.ADC1_IRQHandler                        0x0000163c   Section        0  adc.o(i.ADC1_IRQHandler)
    i.FTM0_IRQHandler                        0x000016a8   Section        0  pwm.o(i.FTM0_IRQHandler)
    i.InitPWM2                               0x000016d0   Section        0  pwm.o(i.InitPWM2)
    i.NVIC_EnableIRQ                         0x00001798   Section        0  pit.o(i.NVIC_EnableIRQ)
    NVIC_EnableIRQ                           0x00001799   Thumb Code    22  pit.o(i.NVIC_EnableIRQ)
    i.PIDInitialize                          0x000017b0   Section        0  pid.o(i.PIDInitialize)
    i.PIDUpdate                              0x0000184c   Section        0  pid.o(i.PIDUpdate)
    i.PIT0_IRQHandler                        0x000019f8   Section        0  pit.o(i.PIT0_IRQHandler)
    i.PIT1_IRQHandler                        0x00001a14   Section        0  pit.o(i.PIT1_IRQHandler)
    i.SetDutyCycle2                          0x00001a30   Section        0  pwm.o(i.SetDutyCycle2)
    i.SystemInit                             0x00001a58   Section        0  system_mk64f12.o(i.SystemInit)
    i.__ARM_fpclassify                       0x00001b50   Section        0  fpclassify.o(i.__ARM_fpclassify)
    i.main                                   0x00001b80   Section        0  main.o(i.main)
    i.startPIT0                              0x00001e04   Section        0  pit.o(i.startPIT0)
    i.uartInit                               0x00001e5c   Section        0  uart.o(i.uartInit)
    i.uartPutCharBlock                       0x00001ee0   Section        0  uart.o(i.uartPutCharBlock)
    i.uartPutString                          0x00001f02   Section        0  uart.o(i.uartPutString)
    i.updatePIDs                             0x00001f20   Section        0  main.o(i.updatePIDs)
    locale$$code                             0x000020b0   Section       44  lc_numeric_c.o(locale$$code)
    x$fpl$d2f                                0x000020dc   Section       98  d2f.o(x$fpl$d2f)
    $v0                                      0x000020dc   Number         0  d2f.o(x$fpl$d2f)
    x$fpl$dcmpinf                            0x0000213e   Section       24  dcmpi.o(x$fpl$dcmpinf)
    $v0                                      0x0000213e   Number         0  dcmpi.o(x$fpl$dcmpinf)
    x$fpl$ddiv                               0x00002158   Section      688  ddiv.o(x$fpl$ddiv)
    $v0                                      0x00002158   Number         0  ddiv.o(x$fpl$ddiv)
    ddiv_entry                               0x0000215f   Thumb Code     0  ddiv.o(x$fpl$ddiv)
    x$fpl$dfix                               0x00002408   Section       94  dfix.o(x$fpl$dfix)
    $v0                                      0x00002408   Number         0  dfix.o(x$fpl$dfix)
    x$fpl$dleqf                              0x00002468   Section      120  dleqf.o(x$fpl$dleqf)
    $v0                                      0x00002468   Number         0  dleqf.o(x$fpl$dleqf)
    x$fpl$dmul                               0x000024e0   Section      340  dmul.o(x$fpl$dmul)
    $v0                                      0x000024e0   Number         0  dmul.o(x$fpl$dmul)
    x$fpl$dnaninf                            0x00002634   Section      156  dnaninf.o(x$fpl$dnaninf)
    $v0                                      0x00002634   Number         0  dnaninf.o(x$fpl$dnaninf)
    x$fpl$dretinf                            0x000026d0   Section       12  dretinf.o(x$fpl$dretinf)
    $v0                                      0x000026d0   Number         0  dretinf.o(x$fpl$dretinf)
    x$fpl$drleqf                             0x000026dc   Section      108  drleqf.o(x$fpl$drleqf)
    $v0                                      0x000026dc   Number         0  drleqf.o(x$fpl$drleqf)
    x$fpl$f2d                                0x00002748   Section       86  f2d.o(x$fpl$f2d)
    $v0                                      0x00002748   Number         0  f2d.o(x$fpl$f2d)
    x$fpl$fnaninf                            0x0000279e   Section      140  fnaninf.o(x$fpl$fnaninf)
    $v0                                      0x0000279e   Number         0  fnaninf.o(x$fpl$fnaninf)
    x$fpl$fpinit                             0x0000282a   Section       10  fpinit.o(x$fpl$fpinit)
    $v0                                      0x0000282a   Number         0  fpinit.o(x$fpl$fpinit)
    x$fpl$fretinf                            0x00002834   Section       10  fretinf.o(x$fpl$fretinf)
    $v0                                      0x00002834   Number         0  fretinf.o(x$fpl$fretinf)
    x$fpl$printf1                            0x0000283e   Section        4  printf1.o(x$fpl$printf1)
    $v0                                      0x0000283e   Number         0  printf1.o(x$fpl$printf1)
    .constdata                               0x00002842   Section        4  adc.o(.constdata)
    x$fpl$usenofp                            0x00002842   Section        0  usenofp.o(x$fpl$usenofp)
    .constdata                               0x00002848   Section      148  bigflt0.o(.constdata)
    tenpwrs_x                                0x00002848   Data          60  bigflt0.o(.constdata)
    tenpwrs_i                                0x00002884   Data          64  bigflt0.o(.constdata)
    .conststring                             0x000028dc   Section      237  main.o(.conststring)
    locale$$data                             0x000029ec   Section       28  lc_numeric_c.o(locale$$data)
    __lcnum_c_name                           0x000029f0   Data           2  lc_numeric_c.o(locale$$data)
    __lcnum_c_start                          0x000029f8   Data           0  lc_numeric_c.o(locale$$data)
    __lcnum_c_point                          0x00002a04   Data           0  lc_numeric_c.o(locale$$data)
    __lcnum_c_thousands                      0x00002a06   Data           0  lc_numeric_c.o(locale$$data)
    __lcnum_c_grouping                       0x00002a07   Data           0  lc_numeric_c.o(locale$$data)
    __lcnum_c_end                            0x00002a08   Data           0  lc_numeric_c.o(locale$$data)
    .data                                    0x20000000   Section       12  adc.o(.data)
    .data                                    0x2000000c   Section       24  main.o(.data)
    .data                                    0x20000024   Section        8  pit.o(.data)
    .data                                    0x2000002c   Section       12  pwm.o(.data)
    PWMTick                                  0x2000002c   Data           4  pwm.o(.data)
    chan2Mod                                 0x20000030   Data           4  pwm.o(.data)
    chan2Freq                                0x20000034   Data           4  pwm.o(.data)
    .data                                    0x20000038   Section        4  uart.o(.data)
    .data                                    0x2000003c   Section        4  system_mk64f12.o(.data)
    .bss                                     0x20000040   Section      120  main.o(.bss)
    .bss                                     0x200000b8   Section       96  libspace.o(.bss)
    HEAP                                     0x20000118   Section        0  startup_mk64f12.o(HEAP)
    STACK                                    0x20000118   Section     2048  startup_mk64f12.o(STACK)
    Heap_Mem                                 0x20000118   Data           0  startup_mk64f12.o(HEAP)
    Stack_Mem                                0x20000118   Data        2048  startup_mk64f12.o(STACK)
    __initial_sp                             0x20000918   Data           0  startup_mk64f12.o(STACK)

    Global Symbols

    Symbol Name                              Value     Ov Type        Size  Object(Section)

    BuildAttributes$$THM_ISAv4$E$P$D$K$B$S$7EM$VFPi3$EXTD16$VFPS$VFMA$PE$A:L22UL41UL21$X:L11$S22US41US21$IEEE1$IW$USESV6$~STKCKD$USESV7$~SHL$OTIME$ROPI$IEEEJ$EBA8$UX$STANDARDLIB$REQ8$PRES8$EABIv2 0x00000000   Number         0  anon$$obj.o ABSOLUTE
    __ARM_use_no_argv                        0x00000000   Number         0  main.o ABSOLUTE
    __Vectors                                0x00000000   Data           4  startup_mk64f12.o(RESET)
    __ARM_exceptions_init                     - Undefined Weak Reference
    __alloca_initialize                       - Undefined Weak Reference
    __arm_preinit_                            - Undefined Weak Reference
    __cpp_initialize__aeabi_                  - Undefined Weak Reference
    __cxa_finalize                            - Undefined Weak Reference
    __sigvec_lookup                           - Undefined Weak Reference
    __user_heap_extent                        - Undefined Weak Reference
    _atexit_init                              - Undefined Weak Reference
    _call_atexit_fns                          - Undefined Weak Reference
    _clock_init                               - Undefined Weak Reference
    _fp_trap_init                             - Undefined Weak Reference
    _fp_trap_shutdown                         - Undefined Weak Reference
    _get_lc_collate                           - Undefined Weak Reference
    _get_lc_ctype                             - Undefined Weak Reference
    _get_lc_monetary                          - Undefined Weak Reference
    _get_lc_time                              - Undefined Weak Reference
    _getenv_init                              - Undefined Weak Reference
    _handle_redirection                       - Undefined Weak Reference
    _initio                                   - Undefined Weak Reference
    _mutex_acquire                            - Undefined Weak Reference
    _mutex_free                               - Undefined Weak Reference
    _mutex_release                            - Undefined Weak Reference
    _printf_post_padding                      - Undefined Weak Reference
    _printf_pre_padding                       - Undefined Weak Reference
    _printf_truncate_signed                   - Undefined Weak Reference
    _printf_truncate_unsigned                 - Undefined Weak Reference
    _rand_init                                - Undefined Weak Reference
    _signal_finish                            - Undefined Weak Reference
    _signal_init                              - Undefined Weak Reference
    _terminateio                              - Undefined Weak Reference
    __Vectors_End                            0x00000400   Data           0  startup_mk64f12.o(RESET)
    __Vectors_Size                           0x00000400   Number         0  startup_mk64f12.o ABSOLUTE
    __main                                   0x00000411   Thumb Code     8  __main.o(!!!main)
    __scatterload                            0x00000419   Thumb Code     0  __scatter.o(!!!scatter)
    __scatterload_rt2                        0x00000419   Thumb Code    44  __scatter.o(!!!scatter)
    __scatterload_rt2_thumb_only             0x00000419   Thumb Code     0  __scatter.o(!!!scatter)
    __scatterload_null                       0x00000427   Thumb Code     0  __scatter.o(!!!scatter)
    __scatterload_copy                       0x0000044d   Thumb Code    26  __scatter_copy.o(!!handler_copy)
    __scatterload_zeroinit                   0x00000469   Thumb Code    28  __scatter_zi.o(!!handler_zi)
    _printf_f                                0x00000485   Thumb Code     0  _printf_f.o(.ARM.Collect$$_printf_percent$$00000003)
    _printf_percent                          0x00000485   Thumb Code     0  _printf_percent.o(.ARM.Collect$$_printf_percent$$00000000)
    _printf_u                                0x0000048b   Thumb Code     0  _printf_u.o(.ARM.Collect$$_printf_percent$$0000000A)
    _printf_percent_end                      0x00000491   Thumb Code     0  _printf_percent_end.o(.ARM.Collect$$_printf_percent$$00000017)
    __rt_lib_init                            0x00000495   Thumb Code     0  libinit.o(.ARM.Collect$$libinit$$00000000)
    __rt_lib_init_fp_1                       0x00000497   Thumb Code     0  libinit2.o(.ARM.Collect$$libinit$$00000001)
    __rt_lib_init_heap_1                     0x0000049b   Thumb Code     0  libinit2.o(.ARM.Collect$$libinit$$0000000A)
    __rt_lib_init_lc_common                  0x0000049b   Thumb Code     0  libinit2.o(.ARM.Collect$$libinit$$0000000F)
    __rt_lib_init_preinit_1                  0x0000049b   Thumb Code     0  libinit2.o(.ARM.Collect$$libinit$$00000004)
    __rt_lib_init_rand_1                     0x0000049b   Thumb Code     0  libinit2.o(.ARM.Collect$$libinit$$0000000E)
    __rt_lib_init_user_alloc_1               0x0000049b   Thumb Code     0  libinit2.o(.ARM.Collect$$libinit$$0000000C)
    __rt_lib_init_lc_collate_1               0x000004a1   Thumb Code     0  libinit2.o(.ARM.Collect$$libinit$$00000011)
    __rt_lib_init_lc_ctype_1                 0x000004a1   Thumb Code     0  libinit2.o(.ARM.Collect$$libinit$$00000013)
    __rt_lib_init_lc_monetary_1              0x000004a1   Thumb Code     0  libinit2.o(.ARM.Collect$$libinit$$00000015)
    __rt_lib_init_lc_numeric_2               0x000004a1   Thumb Code     0  libinit2.o(.ARM.Collect$$libinit$$00000016)
    __rt_lib_init_alloca_1                   0x000004ab   Thumb Code     0  libinit2.o(.ARM.Collect$$libinit$$0000002E)
    __rt_lib_init_argv_1                     0x000004ab   Thumb Code     0  libinit2.o(.ARM.Collect$$libinit$$0000002C)
    __rt_lib_init_atexit_1                   0x000004ab   Thumb Code     0  libinit2.o(.ARM.Collect$$libinit$$0000001B)
    __rt_lib_init_clock_1                    0x000004ab   Thumb Code     0  libinit2.o(.ARM.Collect$$libinit$$00000021)
    __rt_lib_init_cpp_1                      0x000004ab   Thumb Code     0  libinit2.o(.ARM.Collect$$libinit$$00000032)
    __rt_lib_init_exceptions_1               0x000004ab   Thumb Code     0  libinit2.o(.ARM.Collect$$libinit$$00000030)
    __rt_lib_init_fp_trap_1                  0x000004ab   Thumb Code     0  libinit2.o(.ARM.Collect$$libinit$$0000001F)
    __rt_lib_init_getenv_1                   0x000004ab   Thumb Code     0  libinit2.o(.ARM.Collect$$libinit$$00000023)
    __rt_lib_init_lc_numeric_1               0x000004ab   Thumb Code     0  libinit2.o(.ARM.Collect$$libinit$$00000017)
    __rt_lib_init_lc_time_1                  0x000004ab   Thumb Code     0  libinit2.o(.ARM.Collect$$libinit$$00000019)
    __rt_lib_init_return                     0x000004ab   Thumb Code     0  libinit2.o(.ARM.Collect$$libinit$$00000033)
    __rt_lib_init_signal_1                   0x000004ab   Thumb Code     0  libinit2.o(.ARM.Collect$$libinit$$0000001D)
    __rt_lib_init_stdio_1                    0x000004ab   Thumb Code     0  libinit2.o(.ARM.Collect$$libinit$$00000025)
    __rt_lib_shutdown                        0x000004ad   Thumb Code     0  libshutdown.o(.ARM.Collect$$libshutdown$$00000000)
    __rt_lib_shutdown_fp_trap_1              0x000004af   Thumb Code     0  libshutdown2.o(.ARM.Collect$$libshutdown$$00000006)
    __rt_lib_shutdown_heap_1                 0x000004af   Thumb Code     0  libshutdown2.o(.ARM.Collect$$libshutdown$$0000000E)
    __rt_lib_shutdown_return                 0x000004af   Thumb Code     0  libshutdown2.o(.ARM.Collect$$libshutdown$$0000000F)
    __rt_lib_shutdown_signal_1               0x000004af   Thumb Code     0  libshutdown2.o(.ARM.Collect$$libshutdown$$00000009)
    __rt_lib_shutdown_stdio_1                0x000004af   Thumb Code     0  libshutdown2.o(.ARM.Collect$$libshutdown$$00000003)
    __rt_lib_shutdown_user_alloc_1           0x000004af   Thumb Code     0  libshutdown2.o(.ARM.Collect$$libshutdown$$0000000B)
    __rt_entry                               0x000004b1   Thumb Code     0  __rtentry.o(.ARM.Collect$$rtentry$$00000000)
    __rt_entry_presh_1                       0x000004b1   Thumb Code     0  __rtentry2.o(.ARM.Collect$$rtentry$$00000002)
    __rt_entry_sh                            0x000004b1   Thumb Code     0  __rtentry4.o(.ARM.Collect$$rtentry$$00000004)
    __rt_entry_li                            0x000004b7   Thumb Code     0  __rtentry2.o(.ARM.Collect$$rtentry$$0000000A)
    __rt_entry_postsh_1                      0x000004b7   Thumb Code     0  __rtentry2.o(.ARM.Collect$$rtentry$$00000009)
    __rt_entry_main                          0x000004bb   Thumb Code     0  __rtentry2.o(.ARM.Collect$$rtentry$$0000000D)
    __rt_entry_postli_1                      0x000004bb   Thumb Code     0  __rtentry2.o(.ARM.Collect$$rtentry$$0000000C)
    __rt_exit                                0x000004c3   Thumb Code     0  rtexit.o(.ARM.Collect$$rtexit$$00000000)
    __rt_exit_ls                             0x000004c5   Thumb Code     0  rtexit2.o(.ARM.Collect$$rtexit$$00000003)
    __rt_exit_prels_1                        0x000004c5   Thumb Code     0  rtexit2.o(.ARM.Collect$$rtexit$$00000002)
    __rt_exit_exit                           0x000004c9   Thumb Code     0  rtexit2.o(.ARM.Collect$$rtexit$$00000004)
    init_data_bss                            0x000004d1   Thumb Code     2  startup_mk64f12.o(.text)
    Reset_Handler                            0x000004d3   Thumb Code    12  startup_mk64f12.o(.text)
    NMI_Handler                              0x000004df   Thumb Code     2  startup_mk64f12.o(.text)
    HardFault_Handler                        0x000004e1   Thumb Code     2  startup_mk64f12.o(.text)
    MemManage_Handler                        0x000004e3   Thumb Code     2  startup_mk64f12.o(.text)
    BusFault_Handler                         0x000004e5   Thumb Code     2  startup_mk64f12.o(.text)
    UsageFault_Handler                       0x000004e7   Thumb Code     2  startup_mk64f12.o(.text)
    SVC_Handler                              0x000004e9   Thumb Code     2  startup_mk64f12.o(.text)
    DebugMon_Handler                         0x000004eb   Thumb Code     2  startup_mk64f12.o(.text)
    PendSV_Handler                           0x000004ed   Thumb Code     2  startup_mk64f12.o(.text)
    SysTick_Handler                          0x000004ef   Thumb Code     2  startup_mk64f12.o(.text)
    ADC0_IRQHandler                          0x000004f1   Thumb Code     0  startup_mk64f12.o(.text)
    CAN0_Bus_Off_IRQHandler                  0x000004f1   Thumb Code     0  startup_mk64f12.o(.text)
    CAN0_Error_IRQHandler                    0x000004f1   Thumb Code     0  startup_mk64f12.o(.text)
    CAN0_ORed_Message_buffer_IRQHandler      0x000004f1   Thumb Code     0  startup_mk64f12.o(.text)
    CAN0_Rx_Warning_IRQHandler               0x000004f1   Thumb Code     0  startup_mk64f12.o(.text)
    CAN0_Tx_Warning_IRQHandler               0x000004f1   Thumb Code     0  startup_mk64f12.o(.text)
    CAN0_Wake_Up_IRQHandler                  0x000004f1   Thumb Code     0  startup_mk64f12.o(.text)
    CMP0_IRQHandler                          0x000004f1   Thumb Code     0  startup_mk64f12.o(.text)
    CMP1_IRQHandler                          0x000004f1   Thumb Code     0  startup_mk64f12.o(.text)
    CMP2_IRQHandler                          0x000004f1   Thumb Code     0  startup_mk64f12.o(.text)
    CMT_IRQHandler                           0x000004f1   Thumb Code     0  startup_mk64f12.o(.text)
    DAC0_IRQHandler                          0x000004f1   Thumb Code     0  startup_mk64f12.o(.text)
    DAC1_IRQHandler                          0x000004f1   Thumb Code     0  startup_mk64f12.o(.text)
    DMA0_IRQHandler                          0x000004f1   Thumb Code     0  startup_mk64f12.o(.text)
    DMA10_IRQHandler                         0x000004f1   Thumb Code     0  startup_mk64f12.o(.text)
    DMA11_IRQHandler                         0x000004f1   Thumb Code     0  startup_mk64f12.o(.text)
    DMA12_IRQHandler                         0x000004f1   Thumb Code     0  startup_mk64f12.o(.text)
    DMA13_IRQHandler                         0x000004f1   Thumb Code     0  startup_mk64f12.o(.text)
    DMA14_IRQHandler                         0x000004f1   Thumb Code     0  startup_mk64f12.o(.text)
    DMA15_IRQHandler                         0x000004f1   Thumb Code     0  startup_mk64f12.o(.text)
    DMA1_IRQHandler                          0x000004f1   Thumb Code     0  startup_mk64f12.o(.text)
    DMA2_IRQHandler                          0x000004f1   Thumb Code     0  startup_mk64f12.o(.text)
    DMA3_IRQHandler                          0x000004f1   Thumb Code     0  startup_mk64f12.o(.text)
    DMA4_IRQHandler                          0x000004f1   Thumb Code     0  startup_mk64f12.o(.text)
    DMA5_IRQHandler                          0x000004f1   Thumb Code     0  startup_mk64f12.o(.text)
    DMA6_IRQHandler                          0x000004f1   Thumb Code     0  startup_mk64f12.o(.text)
    DMA7_IRQHandler                          0x000004f1   Thumb Code     0  startup_mk64f12.o(.text)
    DMA8_IRQHandler                          0x000004f1   Thumb Code     0  startup_mk64f12.o(.text)
    DMA9_IRQHandler                          0x000004f1   Thumb Code     0  startup_mk64f12.o(.text)
    DMA_Error_IRQHandler                     0x000004f1   Thumb Code     0  startup_mk64f12.o(.text)
    DefaultISR                               0x000004f1   Thumb Code     0  startup_mk64f12.o(.text)
    ENET_1588_Timer_IRQHandler               0x000004f1   Thumb Code     0  startup_mk64f12.o(.text)
    ENET_Error_IRQHandler                    0x000004f1   Thumb Code     0  startup_mk64f12.o(.text)
    ENET_Receive_IRQHandler                  0x000004f1   Thumb Code     0  startup_mk64f12.o(.text)
    ENET_Transmit_IRQHandler                 0x000004f1   Thumb Code     0  startup_mk64f12.o(.text)
    FTFE_IRQHandler                          0x000004f1   Thumb Code     0  startup_mk64f12.o(.text)
    FTM1_IRQHandler                          0x000004f1   Thumb Code     0  startup_mk64f12.o(.text)
    FTM2_IRQHandler                          0x000004f1   Thumb Code     0  startup_mk64f12.o(.text)
    FTM3_IRQHandler                          0x000004f1   Thumb Code     0  startup_mk64f12.o(.text)
    I2C0_IRQHandler                          0x000004f1   Thumb Code     0  startup_mk64f12.o(.text)
    I2C1_IRQHandler                          0x000004f1   Thumb Code     0  startup_mk64f12.o(.text)
    I2C2_IRQHandler                          0x000004f1   Thumb Code     0  startup_mk64f12.o(.text)
    I2S0_Rx_IRQHandler                       0x000004f1   Thumb Code     0  startup_mk64f12.o(.text)
    I2S0_Tx_IRQHandler                       0x000004f1   Thumb Code     0  startup_mk64f12.o(.text)
    LLW_IRQHandler                           0x000004f1   Thumb Code     0  startup_mk64f12.o(.text)
    LPTimer_IRQHandler                       0x000004f1   Thumb Code     0  startup_mk64f12.o(.text)
    LVD_LVW_IRQHandler                       0x000004f1   Thumb Code     0  startup_mk64f12.o(.text)
    MCG_IRQHandler                           0x000004f1   Thumb Code     0  startup_mk64f12.o(.text)
    MCM_IRQHandler                           0x000004f1   Thumb Code     0  startup_mk64f12.o(.text)
    PDB0_IRQHandler                          0x000004f1   Thumb Code     0  startup_mk64f12.o(.text)
    PIT2_IRQHandler                          0x000004f1   Thumb Code     0  startup_mk64f12.o(.text)
    PIT3_IRQHandler                          0x000004f1   Thumb Code     0  startup_mk64f12.o(.text)
    PORTA_IRQHandler                         0x000004f1   Thumb Code     0  startup_mk64f12.o(.text)
    PORTB_IRQHandler                         0x000004f1   Thumb Code     0  startup_mk64f12.o(.text)
    PORTC_IRQHandler                         0x000004f1   Thumb Code     0  startup_mk64f12.o(.text)
    PORTD_IRQHandler                         0x000004f1   Thumb Code     0  startup_mk64f12.o(.text)
    PORTE_IRQHandler                         0x000004f1   Thumb Code     0  startup_mk64f12.o(.text)
    RNG_IRQHandler                           0x000004f1   Thumb Code     0  startup_mk64f12.o(.text)
    RTC_IRQHandler                           0x000004f1   Thumb Code     0  startup_mk64f12.o(.text)
    RTC_Seconds_IRQHandler                   0x000004f1   Thumb Code     0  startup_mk64f12.o(.text)
    Read_Collision_IRQHandler                0x000004f1   Thumb Code     0  startup_mk64f12.o(.text)
    Reserved71_IRQHandler                    0x000004f1   Thumb Code     0  startup_mk64f12.o(.text)
    SDHC_IRQHandler                          0x000004f1   Thumb Code     0  startup_mk64f12.o(.text)
    SPI0_IRQHandler                          0x000004f1   Thumb Code     0  startup_mk64f12.o(.text)
    SPI1_IRQHandler                          0x000004f1   Thumb Code     0  startup_mk64f12.o(.text)
    SPI2_IRQHandler                          0x000004f1   Thumb Code     0  startup_mk64f12.o(.text)
    SWI_IRQHandler                           0x000004f1   Thumb Code     0  startup_mk64f12.o(.text)
    UART0_ERR_IRQHandler                     0x000004f1   Thumb Code     0  startup_mk64f12.o(.text)
    UART0_LON_IRQHandler                     0x000004f1   Thumb Code     0  startup_mk64f12.o(.text)
    UART0_RX_TX_IRQHandler                   0x000004f1   Thumb Code     0  startup_mk64f12.o(.text)
    UART1_ERR_IRQHandler                     0x000004f1   Thumb Code     0  startup_mk64f12.o(.text)
    UART1_RX_TX_IRQHandler                   0x000004f1   Thumb Code     0  startup_mk64f12.o(.text)
    UART2_ERR_IRQHandler                     0x000004f1   Thumb Code     0  startup_mk64f12.o(.text)
    UART2_RX_TX_IRQHandler                   0x000004f1   Thumb Code     0  startup_mk64f12.o(.text)
    UART3_ERR_IRQHandler                     0x000004f1   Thumb Code     0  startup_mk64f12.o(.text)
    UART3_RX_TX_IRQHandler                   0x000004f1   Thumb Code     0  startup_mk64f12.o(.text)
    UART4_ERR_IRQHandler                     0x000004f1   Thumb Code     0  startup_mk64f12.o(.text)
    UART4_RX_TX_IRQHandler                   0x000004f1   Thumb Code     0  startup_mk64f12.o(.text)
    UART5_ERR_IRQHandler                     0x000004f1   Thumb Code     0  startup_mk64f12.o(.text)
    UART5_RX_TX_IRQHandler                   0x000004f1   Thumb Code     0  startup_mk64f12.o(.text)
    USB0_IRQHandler                          0x000004f1   Thumb Code     0  startup_mk64f12.o(.text)
    USBDCD_IRQHandler                        0x000004f1   Thumb Code     0  startup_mk64f12.o(.text)
    Watchdog_IRQHandler                      0x000004f1   Thumb Code     0  startup_mk64f12.o(.text)
    __user_initial_stackheap                 0x000004f5   Thumb Code     0  startup_mk64f12.o(.text)
    __2sprintf                               0x00000519   Thumb Code    34  noretval__2sprintf.o(.text)
    __printf                                 0x00000541   Thumb Code   104  __printf.o(.text)
    _printf_int_dec                          0x000005a9   Thumb Code   104  _printf_dec.o(.text)
    __use_two_region_memory                  0x00000621   Thumb Code     2  heapauxi.o(.text)
    __rt_heap_escrow                         0x00000623   Thumb Code     2  heapauxi.o(.text)
    __rt_heap_expand                         0x00000625   Thumb Code     2  heapauxi.o(.text)
    _printf_int_common                       0x00000627   Thumb Code   178  _printf_intcommon.o(.text)
    __lib_sel_fp_printf                      0x000006d9   Thumb Code     2  _printf_fp_dec.o(.text)
    _printf_fp_dec_real                      0x00000887   Thumb Code   620  _printf_fp_dec.o(.text)
    _printf_char_common                      0x00000aff   Thumb Code    32  _printf_char_common.o(.text)
    _sputc                                   0x00000b25   Thumb Code    10  _sputc.o(.text)
    __user_libspace                          0x00000b31   Thumb Code     8  libspace.o(.text)
    __user_perproc_libspace                  0x00000b31   Thumb Code     0  libspace.o(.text)
    __user_perthread_libspace                0x00000b31   Thumb Code     0  libspace.o(.text)
    __rt_locale                              0x00000b39   Thumb Code     8  rt_locale_intlibspace.o(.text)
    _ll_udiv10                               0x00000b41   Thumb Code   138  lludiv10.o(.text)
    _printf_fp_infnan                        0x00000bcd   Thumb Code   112  _printf_fp_infnan.o(.text)
    _btod_etento                             0x00000c4d   Thumb Code   216  bigflt0.o(.text)
    __user_setup_stackheap                   0x00000d29   Thumb Code    74  sys_stackheap_outer.o(.text)
    exit                                     0x00000d73   Thumb Code    12  exit.o(.text)
    strcmp                                   0x00000d81   Thumb Code   128  strcmpv7m.o(.text)
    _sys_exit                                0x00000e01   Thumb Code     8  sys_exit.o(.text)
    __I$use$semihosting                      0x00000e0d   Thumb Code     0  use_no_semi.o(.text)
    __use_no_semihosting_swi                 0x00000e0d   Thumb Code     2  use_no_semi.o(.text)
    __semihosting_library_function           0x00000e0f   Thumb Code     0  indicate_semi.o(.text)
    _btod_d2e                                0x00000e0f   Thumb Code    62  btod.o(CL$$btod_d2e)
    _d2e_denorm_low                          0x00000e4d   Thumb Code    70  btod.o(CL$$btod_d2e_denorm_low)
    _d2e_norm_op1                            0x00000e93   Thumb Code    96  btod.o(CL$$btod_d2e_norm_op1)
    __btod_div_common                        0x00000ef3   Thumb Code   696  btod.o(CL$$btod_div_common)
    _e2e                                     0x0000122b   Thumb Code   198  btod.o(CL$$btod_e2e)
    _btod_ediv                               0x000012f1   Thumb Code    40  btod.o(CL$$btod_ediv)
    _btod_emul                               0x00001319   Thumb Code    40  btod.o(CL$$btod_emul)
    __btod_mult_common                       0x00001341   Thumb Code   580  btod.o(CL$$btod_mult_common)
    ADC1_INIT                                0x00001585   Thumb Code   168  adc.o(i.ADC1_INIT)
    ADC1_IRQHandler                          0x0000163d   Thumb Code    90  adc.o(i.ADC1_IRQHandler)
    FTM0_IRQHandler                          0x000016a9   Thumb Code    32  pwm.o(i.FTM0_IRQHandler)
    InitPWM2                                 0x000016d1   Thumb Code   176  pwm.o(i.InitPWM2)
    PIDInitialize                            0x000017b1   Thumb Code   150  pid.o(i.PIDInitialize)
    PIDUpdate                                0x0000184d   Thumb Code   414  pid.o(i.PIDUpdate)
    PIT0_IRQHandler                          0x000019f9   Thumb Code    20  pit.o(i.PIT0_IRQHandler)
    PIT1_IRQHandler                          0x00001a15   Thumb Code    20  pit.o(i.PIT1_IRQHandler)
    SetDutyCycle2                            0x00001a31   Thumb Code    26  pwm.o(i.SetDutyCycle2)
    SystemInit                               0x00001a59   Thumb Code   214  system_mk64f12.o(i.SystemInit)
    __ARM_fpclassify                         0x00001b51   Thumb Code    48  fpclassify.o(i.__ARM_fpclassify)
    main                                     0x00001b81   Thumb Code   520  main.o(i.main)
    startPIT0                                0x00001e05   Thumb Code    70  pit.o(i.startPIT0)
    uartInit                                 0x00001e5d   Thumb Code   112  uart.o(i.uartInit)
    uartPutCharBlock                         0x00001ee1   Thumb Code    34  uart.o(i.uartPutCharBlock)
    uartPutString                            0x00001f03   Thumb Code    30  uart.o(i.uartPutString)
    updatePIDs                               0x00001f21   Thumb Code   328  main.o(i.updatePIDs)
    _get_lc_numeric                          0x000020b1   Thumb Code    44  lc_numeric_c.o(locale$$code)
    __aeabi_d2f                              0x000020dd   Thumb Code     0  d2f.o(x$fpl$d2f)
    _d2f                                     0x000020dd   Thumb Code    98  d2f.o(x$fpl$d2f)
    __fpl_dcmp_Inf                           0x0000213f   Thumb Code    24  dcmpi.o(x$fpl$dcmpinf)
    __aeabi_ddiv                             0x00002159   Thumb Code     0  ddiv.o(x$fpl$ddiv)
    _ddiv                                    0x00002159   Thumb Code   552  ddiv.o(x$fpl$ddiv)
    __aeabi_d2iz                             0x00002409   Thumb Code     0  dfix.o(x$fpl$dfix)
    _dfix                                    0x00002409   Thumb Code    94  dfix.o(x$fpl$dfix)
    __aeabi_cdcmple                          0x00002469   Thumb Code     0  dleqf.o(x$fpl$dleqf)
    _dcmple                                  0x00002469   Thumb Code   120  dleqf.o(x$fpl$dleqf)
    __fpl_dcmple_InfNaN                      0x000024cb   Thumb Code     0  dleqf.o(x$fpl$dleqf)
    __aeabi_dmul                             0x000024e1   Thumb Code     0  dmul.o(x$fpl$dmul)
    _dmul                                    0x000024e1   Thumb Code   332  dmul.o(x$fpl$dmul)
    __fpl_dnaninf                            0x00002635   Thumb Code   156  dnaninf.o(x$fpl$dnaninf)
    __fpl_dretinf                            0x000026d1   Thumb Code    12  dretinf.o(x$fpl$dretinf)
    __aeabi_cdrcmple                         0x000026dd   Thumb Code     0  drleqf.o(x$fpl$drleqf)
    _drcmple                                 0x000026dd   Thumb Code   108  drleqf.o(x$fpl$drleqf)
    __aeabi_f2d                              0x00002749   Thumb Code     0  f2d.o(x$fpl$f2d)
    _f2d                                     0x00002749   Thumb Code    86  f2d.o(x$fpl$f2d)
    __fpl_fnaninf                            0x0000279f   Thumb Code   140  fnaninf.o(x$fpl$fnaninf)
    _fp_init                                 0x0000282b   Thumb Code    10  fpinit.o(x$fpl$fpinit)
    __fplib_config_fpu_vfp                   0x00002833   Thumb Code     0  fpinit.o(x$fpl$fpinit)
    __fplib_config_pureend_doubles           0x00002833   Thumb Code     0  fpinit.o(x$fpl$fpinit)
    __fpl_fretinf                            0x00002835   Thumb Code    10  fretinf.o(x$fpl$fretinf)
    _printf_fp_dec                           0x0000283f   Thumb Code     4  printf1.o(x$fpl$printf1)
    ADC1SourceBytes                          0x00002842   Data           4  adc.o(.constdata)
    __I$use$fp                               0x00002842   Number         0  usenofp.o(x$fpl$usenofp)
    Region$$Table$$Base                      0x000029cc   Number         0  anon$$obj.o(Region$$Table)
    Region$$Table$$Limit                     0x000029ec   Number         0  anon$$obj.o(Region$$Table)
    ADC1Results                              0x20000000   Data           8  adc.o(.data)
    ADC1ResultIndex                          0x20000008   Data           4  adc.o(.data)
    pumpCurrentMeasured                      0x2000000c   Data           4  main.o(.data)
    pumpCurrentDesired                       0x20000010   Data           4  main.o(.data)
    pumpCurrentDutyCycle                     0x20000014   Data           4  main.o(.data)
    nernstVoltage                            0x20000018   Data           4  main.o(.data)
    heaterDutyCycle                          0x2000001c   Data           4  main.o(.data)
    nernstR                                  0x20000020   Data           4  main.o(.data)
    PITData                                  0x20000024   Data           8  pit.o(.data)
    uart0Data                                0x20000038   Data           4  uart.o(.data)
    SystemCoreClock                          0x2000003c   Data           4  system_mk64f12.o(.data)
    heaterPID                                0x20000040   Data          40  main.o(.bss)
    pumpCurrentPID                           0x20000068   Data          40  main.o(.bss)
    nernstVoltagePID                         0x20000090   Data          40  main.o(.bss)
    __libspace_start                         0x200000b8   Data          96  libspace.o(.bss)
    __temporary_stack_top$libspace           0x20000118   Data           0  libspace.o(.bss)



==============================================================================

Memory Map of the image

  Image Entry point : 0x000004d3

  Load Region LR_1 (Base: 0x00000000, Size: 0x00002a48, Max: 0xffffffff, ABSOLUTE)

    Execution Region ER_RO (Base: 0x00000000, Size: 0x00002a08, Max: 0xffffffff, ABSOLUTE)

    Base Addr    Size         Type   Attr      Idx    E Section Name        Object

    0x00000000   0x00000400   Data   RO          560    RESET               startup_mk64f12.o
    0x00000400   0x00000010   Code   RO          561    .ARM.__at_0x400     startup_mk64f12.o
    0x00000410   0x00000008   Code   RO          695  * !!!main             c_w.l(__main.o)
    0x00000418   0x00000034   Code   RO          988    !!!scatter          c_w.l(__scatter.o)
    0x0000044c   0x0000001a   Code   RO          990    !!handler_copy      c_w.l(__scatter_copy.o)
    0x00000466   0x00000002   PAD
    0x00000468   0x0000001c   Code   RO          992    !!handler_zi        c_w.l(__scatter_zi.o)
    0x00000484   0x00000000   Code   RO          692    .ARM.Collect$$_printf_percent$$00000000  c_w.l(_printf_percent.o)
    0x00000484   0x00000006   Code   RO          691    .ARM.Collect$$_printf_percent$$00000003  c_w.l(_printf_f.o)
    0x0000048a   0x00000006   Code   RO          690    .ARM.Collect$$_printf_percent$$0000000A  c_w.l(_printf_u.o)
    0x00000490   0x00000004   Code   RO          753    .ARM.Collect$$_printf_percent$$00000017  c_w.l(_printf_percent_end.o)
    0x00000494   0x00000002   Code   RO          919    .ARM.Collect$$libinit$$00000000  c_w.l(libinit.o)
    0x00000496   0x00000004   Code   RO          843    .ARM.Collect$$libinit$$00000001  c_w.l(libinit2.o)
    0x0000049a   0x00000000   Code   RO          846    .ARM.Collect$$libinit$$00000004  c_w.l(libinit2.o)
    0x0000049a   0x00000000   Code   RO          849    .ARM.Collect$$libinit$$0000000A  c_w.l(libinit2.o)
    0x0000049a   0x00000000   Code   RO          851    .ARM.Collect$$libinit$$0000000C  c_w.l(libinit2.o)
    0x0000049a   0x00000000   Code   RO          853    .ARM.Collect$$libinit$$0000000E  c_w.l(libinit2.o)
    0x0000049a   0x00000006   Code   RO          854    .ARM.Collect$$libinit$$0000000F  c_w.l(libinit2.o)
    0x000004a0   0x00000000   Code   RO          856    .ARM.Collect$$libinit$$00000011  c_w.l(libinit2.o)
    0x000004a0   0x00000000   Code   RO          858    .ARM.Collect$$libinit$$00000013  c_w.l(libinit2.o)
    0x000004a0   0x00000000   Code   RO          860    .ARM.Collect$$libinit$$00000015  c_w.l(libinit2.o)
    0x000004a0   0x0000000a   Code   RO          861    .ARM.Collect$$libinit$$00000016  c_w.l(libinit2.o)
    0x000004aa   0x00000000   Code   RO          862    .ARM.Collect$$libinit$$00000017  c_w.l(libinit2.o)
    0x000004aa   0x00000000   Code   RO          864    .ARM.Collect$$libinit$$00000019  c_w.l(libinit2.o)
    0x000004aa   0x00000000   Code   RO          866    .ARM.Collect$$libinit$$0000001B  c_w.l(libinit2.o)
    0x000004aa   0x00000000   Code   RO          868    .ARM.Collect$$libinit$$0000001D  c_w.l(libinit2.o)
    0x000004aa   0x00000000   Code   RO          870    .ARM.Collect$$libinit$$0000001F  c_w.l(libinit2.o)
    0x000004aa   0x00000000   Code   RO          872    .ARM.Collect$$libinit$$00000021  c_w.l(libinit2.o)
    0x000004aa   0x00000000   Code   RO          874    .ARM.Collect$$libinit$$00000023  c_w.l(libinit2.o)
    0x000004aa   0x00000000   Code   RO          876    .ARM.Collect$$libinit$$00000025  c_w.l(libinit2.o)
    0x000004aa   0x00000000   Code   RO          880    .ARM.Collect$$libinit$$0000002C  c_w.l(libinit2.o)
    0x000004aa   0x00000000   Code   RO          882    .ARM.Collect$$libinit$$0000002E  c_w.l(libinit2.o)
    0x000004aa   0x00000000   Code   RO          884    .ARM.Collect$$libinit$$00000030  c_w.l(libinit2.o)
    0x000004aa   0x00000000   Code   RO          886    .ARM.Collect$$libinit$$00000032  c_w.l(libinit2.o)
    0x000004aa   0x00000002   Code   RO          887    .ARM.Collect$$libinit$$00000033  c_w.l(libinit2.o)
    0x000004ac   0x00000002   Code   RO          985    .ARM.Collect$$libshutdown$$00000000  c_w.l(libshutdown.o)
    0x000004ae   0x00000000   Code   RO          943    .ARM.Collect$$libshutdown$$00000003  c_w.l(libshutdown2.o)
    0x000004ae   0x00000000   Code   RO          946    .ARM.Collect$$libshutdown$$00000006  c_w.l(libshutdown2.o)
    0x000004ae   0x00000000   Code   RO          949    .ARM.Collect$$libshutdown$$00000009  c_w.l(libshutdown2.o)
    0x000004ae   0x00000000   Code   RO          951    .ARM.Collect$$libshutdown$$0000000B  c_w.l(libshutdown2.o)
    0x000004ae   0x00000000   Code   RO          954    .ARM.Collect$$libshutdown$$0000000E  c_w.l(libshutdown2.o)
    0x000004ae   0x00000002   Code   RO          955    .ARM.Collect$$libshutdown$$0000000F  c_w.l(libshutdown2.o)
    0x000004b0   0x00000000   Code   RO          717    .ARM.Collect$$rtentry$$00000000  c_w.l(__rtentry.o)
    0x000004b0   0x00000000   Code   RO          771    .ARM.Collect$$rtentry$$00000002  c_w.l(__rtentry2.o)
    0x000004b0   0x00000006   Code   RO          783    .ARM.Collect$$rtentry$$00000004  c_w.l(__rtentry4.o)
    0x000004b6   0x00000000   Code   RO          773    .ARM.Collect$$rtentry$$00000009  c_w.l(__rtentry2.o)
    0x000004b6   0x00000004   Code   RO          774    .ARM.Collect$$rtentry$$0000000A  c_w.l(__rtentry2.o)
    0x000004ba   0x00000000   Code   RO          776    .ARM.Collect$$rtentry$$0000000C  c_w.l(__rtentry2.o)
    0x000004ba   0x00000008   Code   RO          777    .ARM.Collect$$rtentry$$0000000D  c_w.l(__rtentry2.o)
    0x000004c2   0x00000002   Code   RO          927    .ARM.Collect$$rtexit$$00000000  c_w.l(rtexit.o)
    0x000004c4   0x00000000   Code   RO          959    .ARM.Collect$$rtexit$$00000002  c_w.l(rtexit2.o)
    0x000004c4   0x00000004   Code   RO          960    .ARM.Collect$$rtexit$$00000003  c_w.l(rtexit2.o)
    0x000004c8   0x00000006   Code   RO          961    .ARM.Collect$$rtexit$$00000004  c_w.l(rtexit2.o)
    0x000004ce   0x00000002   PAD
    0x000004d0   0x00000048   Code   RO          562  * .text               startup_mk64f12.o
    0x00000518   0x00000028   Code   RO          664    .text               c_w.l(noretval__2sprintf.o)
    0x00000540   0x00000068   Code   RO          666    .text               c_w.l(__printf.o)
    0x000005a8   0x00000078   Code   RO          668    .text               c_w.l(_printf_dec.o)
    0x00000620   0x00000006   Code   RO          693    .text               c_w.l(heapauxi.o)
    0x00000626   0x000000b2   Code   RO          745    .text               c_w.l(_printf_intcommon.o)
    0x000006d8   0x0000041a   Code   RO          747    .text               c_w.l(_printf_fp_dec.o)
    0x00000af2   0x00000002   PAD
    0x00000af4   0x00000030   Code   RO          749    .text               c_w.l(_printf_char_common.o)
    0x00000b24   0x0000000a   Code   RO          751    .text               c_w.l(_sputc.o)
    0x00000b2e   0x00000002   PAD
    0x00000b30   0x00000008   Code   RO          767    .text               c_w.l(libspace.o)
    0x00000b38   0x00000008   Code   RO          788    .text               c_w.l(rt_locale_intlibspace.o)
    0x00000b40   0x0000008a   Code   RO          800    .text               c_w.l(lludiv10.o)
    0x00000bca   0x00000002   PAD
    0x00000bcc   0x00000080   Code   RO          802    .text               c_w.l(_printf_fp_infnan.o)
    0x00000c4c   0x000000dc   Code   RO          806    .text               c_w.l(bigflt0.o)
    0x00000d28   0x0000004a   Code   RO          896    .text               c_w.l(sys_stackheap_outer.o)
    0x00000d72   0x0000000c   Code   RO          904    .text               c_w.l(exit.o)
    0x00000d7e   0x00000002   PAD
    0x00000d80   0x00000080   Code   RO          910    .text               c_w.l(strcmpv7m.o)
    0x00000e00   0x0000000c   Code   RO          922    .text               c_w.l(sys_exit.o)
    0x00000e0c   0x00000002   Code   RO          924    .text               c_w.l(use_no_semi.o)
    0x00000e0e   0x00000000   Code   RO          926    .text               c_w.l(indicate_semi.o)
    0x00000e0e   0x0000003e   Code   RO          809    CL$$btod_d2e        c_w.l(btod.o)
    0x00000e4c   0x00000046   Code   RO          811    CL$$btod_d2e_denorm_low  c_w.l(btod.o)
    0x00000e92   0x00000060   Code   RO          810    CL$$btod_d2e_norm_op1  c_w.l(btod.o)
    0x00000ef2   0x00000338   Code   RO          819    CL$$btod_div_common  c_w.l(btod.o)
    0x0000122a   0x000000c6   Code   RO          816    CL$$btod_e2e        c_w.l(btod.o)
    0x000012f0   0x00000028   Code   RO          813    CL$$btod_ediv       c_w.l(btod.o)
    0x00001318   0x00000028   Code   RO          812    CL$$btod_emul       c_w.l(btod.o)
    0x00001340   0x00000244   Code   RO          818    CL$$btod_mult_common  c_w.l(btod.o)
    0x00001584   0x000000b8   Code   RO            4    i.ADC1_INIT         adc.o
    0x0000163c   0x0000006c   Code   RO            5    i.ADC1_IRQHandler   adc.o
    0x000016a8   0x00000028   Code   RO          415    i.FTM0_IRQHandler   pwm.o
    0x000016d0   0x000000c8   Code   RO          416    i.InitPWM2          pwm.o
    0x00001798   0x00000016   Code   RO          350    i.NVIC_EnableIRQ    pit.o
    0x000017ae   0x00000002   PAD
    0x000017b0   0x0000009c   Code   RO          323    i.PIDInitialize     pid.o
    0x0000184c   0x000001ac   Code   RO          325    i.PIDUpdate         pid.o
    0x000019f8   0x0000001c   Code   RO          351    i.PIT0_IRQHandler   pit.o
    0x00001a14   0x0000001c   Code   RO          352    i.PIT1_IRQHandler   pit.o
    0x00001a30   0x00000028   Code   RO          417    i.SetDutyCycle2     pwm.o
    0x00001a58   0x000000f8   Code   RO          572    i.SystemInit        system_mk64f12.o
    0x00001b50   0x00000030   Code   RO          892    i.__ARM_fpclassify  m_wm.l(fpclassify.o)
    0x00001b80   0x00000284   Code   RO          255    i.main              main.o
    0x00001e04   0x00000058   Code   RO          353    i.startPIT0         pit.o
    0x00001e5c   0x00000084   Code   RO          514    i.uartInit          uart.o
    0x00001ee0   0x00000022   Code   RO          515    i.uartPutCharBlock  uart.o
    0x00001f02   0x0000001e   Code   RO          516    i.uartPutString     uart.o
    0x00001f20   0x00000190   Code   RO          257    i.updatePIDs        main.o
    0x000020b0   0x0000002c   Code   RO          832    locale$$code        c_w.l(lc_numeric_c.o)
    0x000020dc   0x00000062   Code   RO          697    x$fpl$d2f           fz_wm.l(d2f.o)
    0x0000213e   0x00000018   Code   RO          888    x$fpl$dcmpinf       fz_wm.l(dcmpi.o)
    0x00002156   0x00000002   PAD
    0x00002158   0x000002b0   Code   RO          700    x$fpl$ddiv          fz_wm.l(ddiv.o)
    0x00002408   0x0000005e   Code   RO          703    x$fpl$dfix          fz_wm.l(dfix.o)
    0x00002466   0x00000002   PAD
    0x00002468   0x00000078   Code   RO          756    x$fpl$dleqf         fz_wm.l(dleqf.o)
    0x000024e0   0x00000154   Code   RO          707    x$fpl$dmul          fz_wm.l(dmul.o)
    0x00002634   0x0000009c   Code   RO          758    x$fpl$dnaninf       fz_wm.l(dnaninf.o)
    0x000026d0   0x0000000c   Code   RO          760    x$fpl$dretinf       fz_wm.l(dretinf.o)
    0x000026dc   0x0000006c   Code   RO          709    x$fpl$drleqf        fz_wm.l(drleqf.o)
    0x00002748   0x00000056   Code   RO          711    x$fpl$f2d           fz_wm.l(f2d.o)
    0x0000279e   0x0000008c   Code   RO          762    x$fpl$fnaninf       fz_wm.l(fnaninf.o)
    0x0000282a   0x0000000a   Code   RO          920    x$fpl$fpinit        fz_wm.l(fpinit.o)
    0x00002834   0x0000000a   Code   RO          764    x$fpl$fretinf       fz_wm.l(fretinf.o)
    0x0000283e   0x00000004   Code   RO          713    x$fpl$printf1       fz_wm.l(printf1.o)
    0x00002842   0x00000000   Code   RO          766    x$fpl$usenofp       fz_wm.l(usenofp.o)
    0x00002842   0x00000004   Data   RO            8    .constdata          adc.o
    0x00002846   0x00000002   PAD
    0x00002848   0x00000094   Data   RO          807    .constdata          c_w.l(bigflt0.o)
    0x000028dc   0x000000ed   Data   RO          259    .conststring        main.o
    0x000029c9   0x00000003   PAD
    0x000029cc   0x00000020   Data   RO          986    Region$$Table       anon$$obj.o
    0x000029ec   0x0000001c   Data   RO          831    locale$$data        c_w.l(lc_numeric_c.o)


    Execution Region ER_RW (Base: 0x20000000, Size: 0x00000040, Max: 0xffffffff, ABSOLUTE)

    Base Addr    Size         Type   Attr      Idx    E Section Name        Object

    0x20000000   0x0000000c   Data   RW            9    .data               adc.o
    0x2000000c   0x00000018   Data   RW          260    .data               main.o
    0x20000024   0x00000008   Data   RW          357    .data               pit.o
    0x2000002c   0x0000000c   Data   RW          418    .data               pwm.o
    0x20000038   0x00000004   Data   RW          517    .data               uart.o
    0x2000003c   0x00000004   Data   RW          573    .data               system_mk64f12.o


    Execution Region ER_ZI (Base: 0x20000040, Size: 0x000008d8, Max: 0xffffffff, ABSOLUTE)

    Base Addr    Size         Type   Attr      Idx    E Section Name        Object

    0x20000040   0x00000078   Zero   RW          258    .bss                main.o
    0x200000b8   0x00000060   Zero   RW          768    .bss                c_w.l(libspace.o)
    0x20000118   0x00000000   Zero   RW          559    HEAP                startup_mk64f12.o
    0x20000118   0x00000800   Zero   RW          558    STACK               startup_mk64f12.o


==============================================================================

Image component sizes


      Code (inc. data)   RO Data    RW Data    ZI Data      Debug   Object Name

       292         34          4         12          0     376987   adc.o
      1044        196        237         24        120       2830   main.o
       584         20          0          0          0       2152   pid.o
       166         34          0          8          0       2406   pit.o
       280         46          0         12          0       1837   pwm.o
        88         44       1024          0       2048       1116   startup_mk64f12.o
       248         34          0          4          0        831   system_mk64f12.o
       196         20          0          4          0       2886   uart.o

    ----------------------------------------------------------------------
      2900        428       1302         64       2168     391045   Object Totals
         0          0         32          0          0          0   (incl. Generated)
         2          0          5          0          0          0   (incl. Padding)

    ----------------------------------------------------------------------

      Code (inc. data)   RO Data    RW Data    ZI Data      Debug   Library Member Name

         8          0          0          0          0         68   __main.o
       104          0          0          0          0         84   __printf.o
         0          0          0          0          0          0   __rtentry.o
        12          0          0          0          0          0   __rtentry2.o
         6          0          0          0          0          0   __rtentry4.o
        52          8          0          0          0          0   __scatter.o
        26          0          0          0          0          0   __scatter_copy.o
        28          0          0          0          0          0   __scatter_zi.o
        48          6          0          0          0         96   _printf_char_common.o
       120         16          0          0          0         92   _printf_dec.o
         6          0          0          0          0          0   _printf_f.o
      1050          0          0          0          0        216   _printf_fp_dec.o
       128         16          0          0          0         84   _printf_fp_infnan.o
       178          0          0          0          0         88   _printf_intcommon.o
         0          0          0          0          0          0   _printf_percent.o
         4          0          0          0          0          0   _printf_percent_end.o
         6          0          0          0          0          0   _printf_u.o
        10          0          0          0          0         68   _sputc.o
       220          4        148          0          0         96   bigflt0.o
      1910        128          0          0          0        672   btod.o
        12          0          0          0          0         72   exit.o
         6          0          0          0          0        152   heapauxi.o
         0          0          0          0          0          0   indicate_semi.o
        44         10         28          0          0         76   lc_numeric_c.o
         2          0          0          0          0          0   libinit.o
        22          0          0          0          0          0   libinit2.o
         2          0          0          0          0          0   libshutdown.o
         2          0          0          0          0          0   libshutdown2.o
         8          4          0          0         96         68   libspace.o
       138          0          0          0          0         80   lludiv10.o
        40          6          0          0          0         84   noretval__2sprintf.o
         8          4          0          0          0         68   rt_locale_intlibspace.o
         2          0          0          0          0          0   rtexit.o
        10          0          0          0          0          0   rtexit2.o
       128          0          0          0          0         68   strcmpv7m.o
        12          4          0          0          0         68   sys_exit.o
        74          0          0          0          0         80   sys_stackheap_outer.o
         2          0          0          0          0         68   use_no_semi.o
        98          4          0          0          0        140   d2f.o
        24          0          0          0          0        116   dcmpi.o
       688        140          0          0          0        256   ddiv.o
        94          4          0          0          0        140   dfix.o
       120          4          0          0          0        140   dleqf.o
       340         12          0          0          0        152   dmul.o
       156          4          0          0          0        140   dnaninf.o
        12          0          0          0          0        116   dretinf.o
       108          0          0          0          0        128   drleqf.o
        86          4          0          0          0        132   f2d.o
       140          4          0          0          0        132   fnaninf.o
        10          0          0          0          0        116   fpinit.o
        10          0          0          0          0        116   fretinf.o
         4          0          0          0          0        116   printf1.o
         0          0          0          0          0          0   usenofp.o
        48          0          0          0          0        124   fpclassify.o

    ----------------------------------------------------------------------
      6382        382        176          0         96       4512   Library Totals
        16          0          0          0          0          0   (incl. Padding)

    ----------------------------------------------------------------------

      Code (inc. data)   RO Data    RW Data    ZI Data      Debug   Library Name

      4428        206        176          0         96       2448   c_w.l
      1890        176          0          0          0       1940   fz_wm.l
        48          0          0          0          0        124   m_wm.l

    ----------------------------------------------------------------------
      6382        382        176          0         96       4512   Library Totals

    ----------------------------------------------------------------------

==============================================================================


      Code (inc. data)   RO Data    RW Data    ZI Data      Debug   

      9282        810       1478         64       2264     391557   Grand Totals
      9282        810       1478         64       2264     391557   ELF Image Totals
      9282        810       1478         64          0          0   ROM Totals

==============================================================================

    Total RO  Size (Code + RO Data)                10760 (  10.51kB)
    Total RW  Size (RW Data + ZI Data)              2328 (   2.27kB)
    Total ROM Size (Code + RO Data + RW Data)      10824 (  10.57kB)

==============================================================================

